Component: ARM Compiler 5.05 update 1 (build 106) Tool: armlink [4d0efa]

==============================================================================

Section Cross References

    main.o(.text) refers to configuration.o(.text) for rcc_configuration
    main.o(.text) refers to global.o(.text) for uprintf
    main.o(.text) refers to cmd.o(.text) for cmd_init
    main.o(.text) refers to tftlcd.o(.text) for lcd_init
    main.o(.text) refers to parameter.o(.text) for param_init
    main.o(.text) refers to ccd.o(.text) for ccd_init
    main.o(.text) refers to can.o(.text) for can_init
    main.o(.text) refers to vega.o(.text) for vega_init
    main.o(.text) refers to dflti.o(.text) for __aeabi_i2d
    main.o(.text) refers to dmul.o(.text) for __aeabi_dmul
    main.o(.text) refers to d2f.o(.text) for __aeabi_d2f
    main.o(.text) refers to f2d.o(.text) for __aeabi_f2d
    main.o(.text) refers to printfa.o(i.__0sprintf) for __2sprintf
    main.o(.text) refers to stm32f4xx_gpio.o(.text) for GPIO_ReadInputDataBit
    main.o(.text) refers to main.o(.data) for g_abase_gpiof
    stm32f4xx_it.o(.text) refers to stm32f4xx_exti.o(.text) for EXTI_GetITStatus
    stm32f4xx_it.o(.text) refers to stm32f4xx_gpio.o(.text) for GPIO_ReadInputDataBit
    stm32f4xx_it.o(.text) refers to global.o(.text) for exti_color_disable
    stm32f4xx_it.o(.text) refers to printfa.o(i.__0sprintf) for __2sprintf
    stm32f4xx_it.o(.text) refers to tftlcd.o(.text) for lcd_show_string
    stm32f4xx_it.o(.text) refers to stm32f4xx_tim.o(.text) for TIM_GetITStatus
    stm32f4xx_it.o(.text) refers to main.o(.data) for g_death_turn_flag
    stm32f4xx_it.o(.text) refers to main.o(.bss) for g_pre_centroid_x
    stm32f4xx_it.o(.text) refers to stm32f4xx_it.o(.bss) for str_temp
    configuration.o(.text) refers to stm32f4xx_rcc.o(.text) for RCC_DeInit
    configuration.o(.text) refers to stm32f4xx_flash.o(.text) for FLASH_SetLatency
    configuration.o(.text) refers to stm32f4xx_gpio.o(.text) for GPIO_Init
    configuration.o(.text) refers to stm32f4xx_syscfg.o(.text) for SYSCFG_EXTILineConfig
    configuration.o(.text) refers to configuration.o(.data) for GPIO_InitStructure
    configuration.o(.text) refers to stm32f4xx_exti.o(.text) for EXTI_Init
    configuration.o(.text) refers to stm32f4xx_tim.o(.text) for TIM_DeInit
    configuration.o(.text) refers to stm32f4xx_usart.o(.text) for USART_Init
    configuration.o(.text) refers to misc.o(.text) for NVIC_PriorityGroupConfig
    configuration.o(.text) refers to configuration.o(.bss) for TIM_TimeBaseStructure
    configuration.o(.text) refers to stm32f4xx_spi.o(.text) for SPI_Init
    configuration.o(.text) refers to stm32f4xx_i2c.o(.text) for I2C_DeInit
    configuration.o(.text) refers to stm32f4xx_fsmc.o(.text) for FSMC_NORSRAMInit
    global.o(.text) refers to stm32f4xx_usart.o(.text) for USART_GetFlagStatus
    global.o(.text) refers to printfa.o(i.__0vsnprintf) for vsnprintf
    global.o(.text) refers to stm32f4xx_rcc.o(.text) for RCC_APB1PeriphClockCmd
    global.o(.text) refers to stm32f4xx_tim.o(.text) for TIM_TimeBaseInit
    global.o(.text) refers to misc.o(.text) for NVIC_PriorityGroupConfig
    tftlcd.o(.text) refers to tftlcd.o(.data) for lcd_id
    tftlcd.o(.text) refers to global.o(.text) for delay_ms
    tftlcd.o(.text) refers to stm32f4xx_gpio.o(.text) for GPIO_SetBits
    tftlcd.o(.text) refers to tftlcd.o(.constdata) for asc2_1206
    tracking.o(.text) refers to malloc.o(i.malloc) for malloc
    tracking.o(.text) refers to malloc.o(i.free) for free
    link_list.o(.text) refers to malloc.o(i.malloc) for malloc
    link_list.o(.text) refers to malloc.o(i.free) for free
    link_list.o(.text) refers to strcmp.o(.text) for strcmp
    link_list.o(.text) refers to strcpy.o(.text) for strcpy
    link_list.o(.text) refers to f2d.o(.text) for __aeabi_f2d
    link_list.o(.text) refers to global.o(.text) for uprintf
    camera.o(.text) refers to malloc.o(i.malloc) for malloc
    camera.o(.text) refers to stm32f4xx_i2c.o(.text) for I2C_GenerateSTART
    camera.o(.text) refers to stm32f4xx_rcc.o(.text) for RCC_AHB1PeriphClockCmd
    camera.o(.text) refers to stm32f4xx_gpio.o(.text) for GPIO_Init
    camera.o(.text) refers to stm32f4xx_tim.o(.text) for TIM_TimeBaseInit
    camera.o(.text) refers to stm32f4xx_syscfg.o(.text) for SYSCFG_EXTILineConfig
    camera.o(.text) refers to stm32f4xx_exti.o(.text) for EXTI_Init
    camera.o(.text) refers to misc.o(.text) for NVIC_PriorityGroupConfig
    camera.o(.text) refers to stm32f4xx_dma.o(.text) for DMA_DeInit
    camera.o(.text) refers to camera.o(.constdata) for ov7725_init_tbl
    camera.o(.text) refers to camera.o(.data) for p_dma_image
    camera.o(.text) refers to printfa.o(i.__0sprintf) for __2sprintf
    camera.o(.text) refers to tftlcd.o(.text) for lcd_show_string
    camera.o(.text) refers to global.o(.text) for uprintf
    camera.o(.text) refers to camera.o(.bss) for g_str_temp
[...]
    _printf_truncate_unsigned                0x00000000   Number         0  stubs.o ABSOLUTE
    _printf_u                                0x00000000   Number         0  stubs.o ABSOLUTE
    _printf_wc                               0x00000000   Number         0  stubs.o ABSOLUTE
    _printf_wctomb                           0x00000000   Number         0  stubs.o ABSOLUTE
    _printf_widthprec                        0x00000000   Number         0  stubs.o ABSOLUTE
    _printf_x                                0x00000000   Number         0  stubs.o ABSOLUTE
    __cpp_initialize__aeabi_                  - Undefined Weak Reference
    __cxa_finalize                            - Undefined Weak Reference
    _clock_init                               - Undefined Weak Reference
    _microlib_exit                            - Undefined Weak Reference
    __Vectors_Size                           0x00000188   Number         0  startup_stm32f40_41xxx.o ABSOLUTE
    __Vectors                                0x08000000   Data           4  startup_stm32f40_41xxx.o(RESET)
    __Vectors_End                            0x08000188   Data           0  startup_stm32f40_41xxx.o(RESET)
    __main                                   0x08000189   Thumb Code     0  entry.o(.ARM.Collect$$$$00000000)
    _main_stk                                0x08000189   Thumb Code     0  entry2.o(.ARM.Collect$$$$00000001)
    _main_scatterload                        0x0800018d   Thumb Code     0  entry5.o(.ARM.Collect$$$$00000004)
    __main_after_scatterload                 0x08000191   Thumb Code     0  entry5.o(.ARM.Collect$$$$00000004)
    _main_clock                              0x08000191   Thumb Code     0  entry7b.o(.ARM.Collect$$$$00000008)
    _main_cpp_init                           0x08000191   Thumb Code     0  entry8b.o(.ARM.Collect$$$$0000000A)
    _main_init                               0x08000191   Thumb Code     0  entry9a.o(.ARM.Collect$$$$0000000B)
    __rt_final_cpp                           0x08000199   Thumb Code     0  entry10a.o(.ARM.Collect$$$$0000000D)
    __rt_final_exit                          0x08000199   Thumb Code     0  entry11a.o(.ARM.Collect$$$$0000000F)
    can_rcv_cb                               0x0800019d   Thumb Code    18  main.o(.text)
    main                                     0x080001af   Thumb Code  1494  main.o(.text)
    servo_lock                               0x08000785   Thumb Code     6  main.o(.text)
    NMI_Handler                              0x080007d9   Thumb Code     2  stm32f4xx_it.o(.text)
    HardFault_Handler                        0x080007db   Thumb Code     4  stm32f4xx_it.o(.text)
    MemManage_Handler                        0x080007df   Thumb Code     4  stm32f4xx_it.o(.text)
    BusFault_Handler                         0x080007e3   Thumb Code     4  stm32f4xx_it.o(.text)
    UsageFault_Handler                       0x080007e7   Thumb Code     4  stm32f4xx_it.o(.text)
    SVC_Handler                              0x080007eb   Thumb Code     2  stm32f4xx_it.o(.text)
    DebugMon_Handler                         0x080007ed   Thumb Code     2  stm32f4xx_it.o(.text)
    PendSV_Handler                           0x080007ef   Thumb Code     2  stm32f4xx_it.o(.text)
    EXTI1_IRQHandler                         0x080007f1   Thumb Code    38  stm32f4xx_it.o(.text)
    EXTI9_5_IRQHandler                       0x08000817   Thumb Code   136  stm32f4xx_it.o(.text)
    EXTI15_10_IRQHandler                     0x0800089f   Thumb Code    46  stm32f4xx_it.o(.text)
    TIM2_IRQHandler                          0x080008cd   Thumb Code    22  stm32f4xx_it.o(.text)
    system_clk_set                           0x08000909   Thumb Code   126  configuration.o(.text)
    rcc_configuration                        0x08000987   Thumb Code   232  configuration.o(.text)
    GPIO_Configuration                       0x08000a6f   Thumb Code    42  configuration.o(.text)
    gpio_config                              0x08000a99   Thumb Code  1010  configuration.o(.text)
    exti_config                              0x08000e8b   Thumb Code   120  configuration.o(.text)
    TIM2_Configuration                       0x08000f03   Thumb Code    80  configuration.o(.text)
    tim3_config                              0x08000f53   Thumb Code   108  configuration.o(.text)
    tim4_config                              0x08000fbf   Thumb Code   114  configuration.o(.text)
    tim1_config                              0x08001031   Thumb Code    86  configuration.o(.text)
    USART_Configuration                      0x08001087   Thumb Code   200  configuration.o(.text)
    NVIC_Configuration                       0x0800114f   Thumb Code   344  configuration.o(.text)
    SPI_Configuration                        0x080012a7   Thumb Code    80  configuration.o(.text)
    iic_configuration                        0x080012f7   Thumb Code    68  configuration.o(.text)
    fsmc_config                              0x0800133b   Thumb Code   120  configuration.o(.text)
    fputc                                    0x080013c1   Thumb Code    32  global.o(.text)
    fgetc                                    0x080013e1   Thumb Code    32  global.o(.text)
    uprintf                                  0x08001401   Thumb Code   138  global.o(.text)
    delay_us                                 0x0800148b   Thumb Code   116  global.o(.text)
    delay_ms                                 0x080014ff   Thumb Code   118  global.o(.text)
    tim3_pwm_set                             0x08001575   Thumb Code    76  global.o(.text)
    exti_color_disable                       0x080015c1   Thumb Code    38  global.o(.text)
    exti_color_enable                        0x080015e7   Thumb Code    40  global.o(.text)
    lcd_reg_read                             0x08001621   Thumb Code    16  tftlcd.o(.text)
    lcd_reg_write                            0x08001631   Thumb Code    14  tftlcd.o(.text)
    lcd_wr_reg                               0x0800163f   Thumb Code    18  tftlcd.o(.text)
    lcd_wr_data                              0x08001651   Thumb Code    20  tftlcd.o(.text)
    lcd_rd_data                              0x08001665   Thumb Code    16  tftlcd.o(.text)
    lcd_ram_write                            0x08001675   Thumb Code     8  tftlcd.o(.text)
    lcd_ram_write_prepare                    0x0800167d   Thumb Code    40  tftlcd.o(.text)
    lcd_set_cursor                           0x080016a5   Thumb Code    86  tftlcd.o(.text)
    lcd_clear                                0x080016fb   Thumb Code    36  tftlcd.o(.text)
    lcd_init                                 0x0800171f   Thumb Code  1870  tftlcd.o(.text)
    lcd_draw_point                           0x08001e6d   Thumb Code    54  tftlcd.o(.text)
    lcd_draw_line                            0x08001ea3   Thumb Code    50  tftlcd.o(.text)
    lcd_show_char                            0x08001ed5   Thumb Code   268  tftlcd.o(.text)
    lcd_show_string                          0x08001fe1   Thumb Code   138  tftlcd.o(.text)
    list_init                                0x0800206d   Thumb Code    30  link_list.o(.text)
    list_clear                               0x0800208b   Thumb Code    32  link_list.o(.text)
    list_get_length                          0x080020ab   Thumb Code    20  link_list.o(.text)
    list_isempty                             0x080020bf   Thumb Code    16  link_list.o(.text)
    list_search                              0x080020cf   Thumb Code    32  link_list.o(.text)
    list_locate                              0x080020ef   Thumb Code    34  link_list.o(.text)
    list_insert                              0x08002111   Thumb Code    98  link_list.o(.text)
    list_remove                              0x08002173   Thumb Code    62  link_list.o(.text)
    list_copy                                0x080021b1   Thumb Code   102  link_list.o(.text)
    list_print                               0x08002217   Thumb Code    96  link_list.o(.text)
    camera_create_image                      0x08002289   Thumb Code   104  camera.o(.text)
    camera_reg_write                         0x080022f1   Thumb Code   252  camera.o(.text)
    camera_init                              0x080023ed   Thumb Code   660  camera.o(.text)
    camera_stop                              0x08002681   Thumb Code    14  camera.o(.text)
    camera_start                             0x0800268f   Thumb Code   126  camera.o(.text)
    camera_reg_read                          0x0800270d   Thumb Code   330  camera.o(.text)
    camera_config                            0x08002857   Thumb Code    66  camera.o(.text)
    ov2640_outsize_set                       0x08002899   Thumb Code   136  camera.o(.text)
    ov2640_window_set                        0x08002921   Thumb Code   184  camera.o(.text)
    ov2640_imagewin_set                      0x080029d9   Thumb Code   188  camera.o(.text)
    ov2640_imagesize_set                     0x08002a95   Thumb Code    80  camera.o(.text)
    EXTI3_IRQHandler                         0x08002ae5   Thumb Code   166  camera.o(.text)
    TIM1_UP_TIM10_IRQHandler                 0x08002b8b   Thumb Code    72  camera.o(.text)
    DMA2_Stream1_IRQHandler                  0x08002bd3   Thumb Code   154  camera.o(.text)
    param_update_all                         0x08002cf1   Thumb Code  1464  parameter.o(.text)
    param_switch                             0x080032a9   Thumb Code    98  parameter.o(.text)
    param_list_reset                         0x0800330b   Thumb Code    36  parameter.o(.text)
    param_ld_from_flash                      0x0800332f   Thumb Code   134  parameter.o(.text)
    param_init                               0x080033b5   Thumb Code    54  parameter.o(.text)
    get_param_struct                         0x080033eb   Thumb Code     8  parameter.o(.text)
    get_param_list                           0x080033f3   Thumb Code     6  parameter.o(.text)
    param_group_now                          0x080033f9   Thumb Code     6  parameter.o(.text)
    param_print                              0x080033ff   Thumb Code    26  parameter.o(.text)
    param_set                                0x08003419   Thumb Code    88  parameter.o(.text)
    param_save_to_flash                      0x08003471   Thumb Code   248  parameter.o(.text)
    cmd_init                                 0x0800363f   Thumb Code    56  cmd.o(.text)
    cmd_parse                                0x08003677   Thumb Code   138  cmd.o(.text)
    cmd_exec                                 0x08003701   Thumb Code    92  cmd.o(.text)
    UART5_IRQHandler                         0x0800375d   Thumb Code  1364  cmd.o(.text)
    cmd_help_func                            0x08003cb1   Thumb Code    78  cmd.o(.text)
    cmd_param_func                           0x08003d55   Thumb Code   306  cmd_func.o(.text)
    cmd_reboot_func                          0x08003e87   Thumb Code    34  cmd_func.o(.text)
    cmd_sensor_func                          0x08003ea9   Thumb Code    40  cmd_func.o(.text)
    cmd_pwm_func                             0x08003ed1   Thumb Code   108  cmd_func.o(.text)
    cmd_gyro_func                            0x08003f3d   Thumb Code    56  cmd_func.o(.text)
    cmd_hello_func                           0x08003f75   Thumb Code    28  cmd_func.o(.text)
    mpu6050_reg_write                        0x08004061   Thumb Code   256  mpu6050.o(.text)
    mpu6050_init                             0x08004161   Thumb Code   722  mpu6050.o(.text)
    mpu6050_fast_init                        0x08004433   Thumb Code    86  mpu6050.o(.text)
    mpu6050_reg_read                         0x08004489   Thumb Code   344  mpu6050.o(.text)
    mpu6050_read_start                       0x080045e1   Thumb Code   352  mpu6050.o(.text)
    mpu6050_cycleread_start                  0x08004741   Thumb Code    24  mpu6050.o(.text)
    mpu6050_cycleread_stop                   0x08004759   Thumb Code    22  mpu6050.o(.text)
    mpu6050_gyro_reset                       0x0800476f   Thumb Code    44  mpu6050.o(.text)
    mpu6050_set_gyro_adj                     0x0800479b   Thumb Code    12  mpu6050.o(.text)
    mpu6050_get_gyro_adj                     0x080047a7   Thumb Code    12  mpu6050.o(.text)
    mpu6050_gyro_adj_status                  0x080047b3   Thumb Code     6  mpu6050.o(.text)
    mpu6050_gyro_adj                         0x080047b9   Thumb Code    68  mpu6050.o(.text)
    DMA1_Stream5_IRQHandler                  0x080047fd   Thumb Code  1320  mpu6050.o(.text)
    ccd_nvic_config                          0x08004d25   Thumb Code    40  ccd.o(.text)
    ccd_tim5_config                          0x08004d4d   Thumb Code   116  ccd.o(.text)
    ccd_adc_config                           0x08004dc1   Thumb Code   104  ccd.o(.text)
    ccd_dma_config                           0x08004e29   Thumb Code   114  ccd.o(.text)
    ccd_gpio_config                          0x08004e9b   Thumb Code    84  ccd.o(.text)
    ccd_rcc_config                           0x08004eef   Thumb Code    44  ccd.o(.text)
    ccd_init                                 0x08004f1b   Thumb Code    48  ccd.o(.text)
    ccd_read_start                           0x08004f4b   Thumb Code    88  ccd.o(.text)
    ccd_start                                0x08004fa3   Thumb Code    16  ccd.o(.text)
    ccd_stop                                 0x08004fb3   Thumb Code    12  ccd.o(.text)
    DMA2_Stream0_IRQHandler                  0x08004fbf   Thumb Code    96  ccd.o(.text)
    can_nvic_config                          0x0800503d   Thumb Code    30  can.o(.text)
    can_gpio_config                          0x0800505b   Thumb Code    62  can.o(.text)
    can_rcc_config                           0x08005099   Thumb Code    20  can.o(.text)
    can_init                                 0x080050ad   Thumb Code   282  can.o(.text)
    can_add_callback                         0x080051c7   Thumb Code    30  can.o(.text)
    can_send_msg                             0x080051e5   Thumb Code   110  can.o(.text)
    CAN1_RX0_IRQHandler                      0x08005253   Thumb Code    62  can.o(.text)
    vega_msg_rcv_callback                    0x080052a5   Thumb Code   114  vega.o(.text)
    vega_init                                0x08005317   Thumb Code    34  vega.o(.text)
    vega_set_angle                           0x08005339   Thumb Code    34  vega.o(.text)
    vega_set_pos                             0x0800535b   Thumb Code    66  vega.o(.text)
    vega_reset                               0x0800539d   Thumb Code    26  vega.o(.text)
    Reset_Handler                            0x080053c5   Thumb Code     8  startup_stm32f40_41xxx.o(.text)
    SysTick_Handler                          0x080053dd   Thumb Code     2  startup_stm32f40_41xxx.o(.text)
    ADC_IRQHandler                           0x080053df   Thumb Code     0  startup_stm32f40_41xxx.o(.text)
    CAN1_RX1_IRQHandler                      0x080053df   Thumb Code     0  startup_stm32f40_41xxx.o(.text)
    CAN1_SCE_IRQHandler                      0x080053df   Thumb Code     0  startup_stm32f40_41xxx.o(.text)
    CAN1_TX_IRQHandler                       0x080053df   Thumb Code     0  startup_stm32f40_41xxx.o(.text)
    CAN2_RX0_IRQHandler                      0x080053df   Thumb Code     0  startup_stm32f40_41xxx.o(.text)
    CAN2_RX1_IRQHandler                      0x080053df   Thumb Code     0  startup_stm32f40_41xxx.o(.text)
    CAN2_SCE_IRQHandler                      0x080053df   Thumb Code     0  startup_stm32f40_41xxx.o(.text)
    CAN2_TX_IRQHandler                       0x080053df   Thumb Code     0  startup_stm32f40_41xxx.o(.text)
    CRYP_IRQHandler                          0x080053df   Thumb Code     0  startup_stm32f40_41xxx.o(.text)
    DCMI_IRQHandler                          0x080053df   Thumb Code     0  startup_stm32f40_41xxx.o(.text)
    DMA1_Stream0_IRQHandler                  0x080053df   Thumb Code     0  startup_stm32f40_41xxx.o(.text)
    DMA1_Stream1_IRQHandler                  0x080053df   Thumb Code     0  startup_stm32f40_41xxx.o(.text)
    DMA1_Stream2_IRQHandler                  0x080053df   Thumb Code     0  startup_stm32f40_41xxx.o(.text)
    DMA1_Stream3_IRQHandler                  0x080053df   Thumb Code     0  startup_stm32f40_41xxx.o(.text)
    DMA1_Stream4_IRQHandler                  0x080053df   Thumb Code     0  startup_stm32f40_41xxx.o(.text)
    DMA1_Stream6_IRQHandler                  0x080053df   Thumb Code     0  startup_stm32f40_41xxx.o(.text)
    DMA1_Stream7_IRQHandler                  0x080053df   Thumb Code     0  startup_stm32f40_41xxx.o(.text)
    DMA2_Stream2_IRQHandler                  0x080053df   Thumb Code     0  startup_stm32f40_41xxx.o(.text)
    DMA2_Stream3_IRQHandler                  0x080053df   Thumb Code     0  startup_stm32f40_41xxx.o(.text)
    DMA2_Stream4_IRQHandler                  0x080053df   Thumb Code     0  startup_stm32f40_41xxx.o(.text)
    DMA2_Stream5_IRQHandler                  0x080053df   Thumb Code     0  startup_stm32f40_41xxx.o(.text)
    DMA2_Stream6_IRQHandler                  0x080053df   Thumb Code     0  startup_stm32f40_41xxx.o(.text)
    DMA2_Stream7_IRQHandler                  0x080053df   Thumb Code     0  startup_stm32f40_41xxx.o(.text)
    ETH_IRQHandler                           0x080053df   Thumb Code     0  startup_stm32f40_41xxx.o(.text)
    ETH_WKUP_IRQHandler                      0x080053df   Thumb Code     0  startup_stm32f40_41xxx.o(.text)
    EXTI0_IRQHandler                         0x080053df   Thumb Code     0  startup_stm32f40_41xxx.o(.text)
    EXTI2_IRQHandler                         0x080053df   Thumb Code     0  startup_stm32f40_41xxx.o(.text)
    EXTI4_IRQHandler                         0x080053df   Thumb Code     0  startup_stm32f40_41xxx.o(.text)
    FLASH_IRQHandler                         0x080053df   Thumb Code     0  startup_stm32f40_41xxx.o(.text)
    FPU_IRQHandler                           0x080053df   Thumb Code     0  startup_stm32f40_41xxx.o(.text)
    FSMC_IRQHandler                          0x080053df   Thumb Code     0  startup_stm32f40_41xxx.o(.text)
    HASH_RNG_IRQHandler                      0x080053df   Thumb Code     0  startup_stm32f40_41xxx.o(.text)
    I2C1_ER_IRQHandler                       0x080053df   Thumb Code     0  startup_stm32f40_41xxx.o(.text)
    I2C1_EV_IRQHandler                       0x080053df   Thumb Code     0  startup_stm32f40_41xxx.o(.text)
    I2C2_ER_IRQHandler                       0x080053df   Thumb Code     0  startup_stm32f40_41xxx.o(.text)
    I2C2_EV_IRQHandler                       0x080053df   Thumb Code     0  startup_stm32f40_41xxx.o(.text)
    I2C3_ER_IRQHandler                       0x080053df   Thumb Code     0  startup_stm32f40_41xxx.o(.text)
    I2C3_EV_IRQHandler                       0x080053df   Thumb Code     0  startup_stm32f40_41xxx.o(.text)
    OTG_FS_IRQHandler                        0x080053df   Thumb Code     0  startup_stm32f40_41xxx.o(.text)
    OTG_FS_WKUP_IRQHandler                   0x080053df   Thumb Code     0  startup_stm32f40_41xxx.o(.text)
    OTG_HS_EP1_IN_IRQHandler                 0x080053df   Thumb Code     0  startup_stm32f40_41xxx.o(.text)
    OTG_HS_EP1_OUT_IRQHandler                0x080053df   Thumb Code     0  startup_stm32f40_41xxx.o(.text)
    OTG_HS_IRQHandler                        0x080053df   Thumb Code     0  startup_stm32f40_41xxx.o(.text)
    OTG_HS_WKUP_IRQHandler                   0x080053df   Thumb Code     0  startup_stm32f40_41xxx.o(.text)
    PVD_IRQHandler                           0x080053df   Thumb Code     0  startup_stm32f40_41xxx.o(.text)
    RCC_IRQHandler                           0x080053df   Thumb Code     0  startup_stm32f40_41xxx.o(.text)
    RTC_Alarm_IRQHandler                     0x080053df   Thumb Code     0  startup_stm32f40_41xxx.o(.text)
    RTC_WKUP_IRQHandler                      0x080053df   Thumb Code     0  startup_stm32f40_41xxx.o(.text)
    SDIO_IRQHandler                          0x080053df   Thumb Code     0  startup_stm32f40_41xxx.o(.text)
    SPI1_IRQHandler                          0x080053df   Thumb Code     0  startup_stm32f40_41xxx.o(.text)
    SPI2_IRQHandler                          0x080053df   Thumb Code     0  startup_stm32f40_41xxx.o(.text)
    SPI3_IRQHandler                          0x080053df   Thumb Code     0  startup_stm32f40_41xxx.o(.text)
    TAMP_STAMP_IRQHandler                    0x080053df   Thumb Code     0  startup_stm32f40_41xxx.o(.text)
    TIM1_BRK_TIM9_IRQHandler                 0x080053df   Thumb Code     0  startup_stm32f40_41xxx.o(.text)
    TIM1_CC_IRQHandler                       0x080053df   Thumb Code     0  startup_stm32f40_41xxx.o(.text)
    TIM1_TRG_COM_TIM11_IRQHandler            0x080053df   Thumb Code     0  startup_stm32f40_41xxx.o(.text)
    TIM3_IRQHandler                          0x080053df   Thumb Code     0  startup_stm32f40_41xxx.o(.text)
    TIM4_IRQHandler                          0x080053df   Thumb Code     0  startup_stm32f40_41xxx.o(.text)
    TIM5_IRQHandler                          0x080053df   Thumb Code     0  startup_stm32f40_41xxx.o(.text)
    TIM6_DAC_IRQHandler                      0x080053df   Thumb Code     0  startup_stm32f40_41xxx.o(.text)
    TIM7_IRQHandler                          0x080053df   Thumb Code     0  startup_stm32f40_41xxx.o(.text)
    TIM8_BRK_TIM12_IRQHandler                0x080053df   Thumb Code     0  startup_stm32f40_41xxx.o(.text)
    TIM8_CC_IRQHandler                       0x080053df   Thumb Code     0  startup_stm32f40_41xxx.o(.text)
    TIM8_TRG_COM_TIM14_IRQHandler            0x080053df   Thumb Code     0  startup_stm32f40_41xxx.o(.text)
    TIM8_UP_TIM13_IRQHandler                 0x080053df   Thumb Code     0  startup_stm32f40_41xxx.o(.text)
    UART4_IRQHandler                         0x080053df   Thumb Code     0  startup_stm32f40_41xxx.o(.text)
    USART1_IRQHandler                        0x080053df   Thumb Code     0  startup_stm32f40_41xxx.o(.text)
    USART2_IRQHandler                        0x080053df   Thumb Code     0  startup_stm32f40_41xxx.o(.text)
    USART3_IRQHandler                        0x080053df   Thumb Code     0  startup_stm32f40_41xxx.o(.text)
    USART6_IRQHandler                        0x080053df   Thumb Code     0  startup_stm32f40_41xxx.o(.text)
    WWDG_IRQHandler                          0x080053df   Thumb Code     0  startup_stm32f40_41xxx.o(.text)
    SystemInit                               0x080054c5   Thumb Code    88  system_stm32f4xx.o(.text)
    SystemCoreClockUpdate                    0x0800551d   Thumb Code   174  system_stm32f4xx.o(.text)
    NVIC_PriorityGroupConfig                 0x080055f9   Thumb Code    10  misc.o(.text)
    NVIC_Init                                0x08005603   Thumb Code   106  misc.o(.text)
    NVIC_SetVectorTable                      0x0800566d   Thumb Code    14  misc.o(.text)
    NVIC_SystemLPConfig                      0x0800567b   Thumb Code    34  misc.o(.text)
    SysTick_CLKSourceConfig                  0x0800569d   Thumb Code    40  misc.o(.text)
    ADC_DeInit                               0x080056d9   Thumb Code    22  stm32f4xx_adc.o(.text)
    ADC_Init                                 0x080056ef   Thumb Code    74  stm32f4xx_adc.o(.text)
    ADC_StructInit                           0x08005739   Thumb Code    20  stm32f4xx_adc.o(.text)
    ADC_CommonInit                           0x0800574d   Thumb Code    34  stm32f4xx_adc.o(.text)
    ADC_CommonStructInit                     0x0800576f   Thumb Code    12  stm32f4xx_adc.o(.text)
    ADC_Cmd                                  0x0800577b   Thumb Code    22  stm32f4xx_adc.o(.text)
    ADC_AnalogWatchdogCmd                    0x08005791   Thumb Code    16  stm32f4xx_adc.o(.text)
    ADC_AnalogWatchdogThresholdsConfig       0x080057a1   Thumb Code     6  stm32f4xx_adc.o(.text)
    ADC_AnalogWatchdogSingleChannelConfig    0x080057a7   Thumb Code    16  stm32f4xx_adc.o(.text)
    ADC_TempSensorVrefintCmd                 0x080057b7   Thumb Code    34  stm32f4xx_adc.o(.text)
    ADC_VBATCmd                              0x080057d9   Thumb Code    34  stm32f4xx_adc.o(.text)
    ADC_RegularChannelConfig                 0x080057fb   Thumb Code   184  stm32f4xx_adc.o(.text)
    ADC_SoftwareStartConv                    0x080058b3   Thumb Code    10  stm32f4xx_adc.o(.text)
    ADC_GetSoftwareStartConvStatus           0x080058bd   Thumb Code    20  stm32f4xx_adc.o(.text)
    ADC_EOCOnEachRegularChannelCmd           0x080058d1   Thumb Code    22  stm32f4xx_adc.o(.text)
    ADC_ContinuousModeCmd                    0x080058e7   Thumb Code    22  stm32f4xx_adc.o(.text)
    ADC_DiscModeChannelCountConfig           0x080058fd   Thumb Code    24  stm32f4xx_adc.o(.text)
    ADC_DiscModeCmd                          0x08005915   Thumb Code    22  stm32f4xx_adc.o(.text)
    ADC_GetConversionValue                   0x0800592b   Thumb Code     8  stm32f4xx_adc.o(.text)
    ADC_GetMultiModeConversionValue          0x08005933   Thumb Code     8  stm32f4xx_adc.o(.text)
    ADC_DMACmd                               0x0800593b   Thumb Code    22  stm32f4xx_adc.o(.text)
    ADC_DMARequestAfterLastTransferCmd       0x08005951   Thumb Code    22  stm32f4xx_adc.o(.text)
    ADC_MultiModeDMARequestAfterLastTransferCmd 0x08005967   Thumb Code    34  stm32f4xx_adc.o(.text)
    ADC_InjectedChannelConfig                0x08005989   Thumb Code   130  stm32f4xx_adc.o(.text)
    ADC_InjectedSequencerLengthConfig        0x08005a0b   Thumb Code    24  stm32f4xx_adc.o(.text)
    ADC_SetInjectedOffset                    0x08005a23   Thumb Code    20  stm32f4xx_adc.o(.text)
    ADC_ExternalTrigInjectedConvConfig       0x08005a37   Thumb Code    16  stm32f4xx_adc.o(.text)
    ADC_ExternalTrigInjectedConvEdgeConfig   0x08005a47   Thumb Code    16  stm32f4xx_adc.o(.text)
    ADC_SoftwareStartInjectedConv            0x08005a57   Thumb Code    10  stm32f4xx_adc.o(.text)
    ADC_GetSoftwareStartInjectedConvCmdStatus 0x08005a61   Thumb Code    20  stm32f4xx_adc.o(.text)
    ADC_AutoInjectedConvCmd                  0x08005a75   Thumb Code    22  stm32f4xx_adc.o(.text)
    ADC_InjectedDiscModeCmd                  0x08005a8b   Thumb Code    22  stm32f4xx_adc.o(.text)
    ADC_GetInjectedConversionValue           0x08005aa1   Thumb Code    28  stm32f4xx_adc.o(.text)
    ADC_ITConfig                             0x08005abd   Thumb Code    56  stm32f4xx_adc.o(.text)
    ADC_GetFlagStatus                        0x08005af5   Thumb Code    18  stm32f4xx_adc.o(.text)
    ADC_ClearFlag                            0x08005b07   Thumb Code     6  stm32f4xx_adc.o(.text)
    ADC_GetITStatus                          0x08005b0d   Thumb Code    38  stm32f4xx_adc.o(.text)
    ADC_ClearITPendingBit                    0x08005b33   Thumb Code    10  stm32f4xx_adc.o(.text)
    CAN_DeInit                               0x08005b3d   Thumb Code    50  stm32f4xx_can.o(.text)
    CAN_Init                                 0x08005b6f   Thumb Code   276  stm32f4xx_can.o(.text)
    CAN_FilterInit                           0x08005c83   Thumb Code   258  stm32f4xx_can.o(.text)
    CAN_StructInit                           0x08005d85   Thumb Code    32  stm32f4xx_can.o(.text)
    CAN_SlaveStartBank                       0x08005da5   Thumb Code    48  stm32f4xx_can.o(.text)
    CAN_DBGFreeze                            0x08005dd5   Thumb Code    22  stm32f4xx_can.o(.text)
    CAN_TTComModeCmd                         0x08005deb   Thumb Code   118  stm32f4xx_can.o(.text)
    CAN_Transmit                             0x08005e61   Thumb Code   304  stm32f4xx_can.o(.text)
    CAN_TransmitStatus                       0x08005f91   Thumb Code   138  stm32f4xx_can.o(.text)
    CAN_CancelTransmit                       0x0800601b   Thumb Code    48  stm32f4xx_can.o(.text)
    CAN_Receive                              0x0800604b   Thumb Code   240  stm32f4xx_can.o(.text)
    CAN_FIFORelease                          0x0800613b   Thumb Code    22  stm32f4xx_can.o(.text)
    CAN_MessagePending                       0x08006151   Thumb Code    30  stm32f4xx_can.o(.text)
    CAN_OperatingModeRequest                 0x0800616f   Thumb Code   162  stm32f4xx_can.o(.text)
    CAN_Sleep                                0x08006211   Thumb Code    30  stm32f4xx_can.o(.text)
    CAN_WakeUp                               0x0800622f   Thumb Code    48  stm32f4xx_can.o(.text)
    CAN_GetLastErrorCode                     0x0800625f   Thumb Code    12  stm32f4xx_can.o(.text)
    CAN_GetReceiveErrorCounter               0x0800626b   Thumb Code    10  stm32f4xx_can.o(.text)
    CAN_GetLSBTransmitErrorCounter           0x08006275   Thumb Code    12  stm32f4xx_can.o(.text)
    CAN_ITConfig                             0x08006281   Thumb Code    18  stm32f4xx_can.o(.text)
    CAN_GetFlagStatus                        0x08006293   Thumb Code   120  stm32f4xx_can.o(.text)
    CAN_ClearFlag                            0x0800630b   Thumb Code    52  stm32f4xx_can.o(.text)
    CAN_GetITStatus                          0x08006351   Thumb Code   310  stm32f4xx_can.o(.text)
    CAN_ClearITPendingBit                    0x08006487   Thumb Code   162  stm32f4xx_can.o(.text)
    DMA_DeInit                               0x0800652d   Thumb Code   324  stm32f4xx_dma.o(.text)
    DMA_Init                                 0x08006671   Thumb Code    82  stm32f4xx_dma.o(.text)
    DMA_StructInit                           0x080066c3   Thumb Code    34  stm32f4xx_dma.o(.text)
    DMA_Cmd                                  0x080066e5   Thumb Code    22  stm32f4xx_dma.o(.text)
    DMA_PeriphIncOffsetSizeConfig            0x080066fb   Thumb Code    22  stm32f4xx_dma.o(.text)
    DMA_FlowControllerConfig                 0x08006711   Thumb Code    22  stm32f4xx_dma.o(.text)
    DMA_SetCurrDataCounter                   0x08006727   Thumb Code     4  stm32f4xx_dma.o(.text)
    DMA_GetCurrDataCounter                   0x0800672b   Thumb Code     8  stm32f4xx_dma.o(.text)
    DMA_DoubleBufferModeConfig               0x08006733   Thumb Code    24  stm32f4xx_dma.o(.text)
    DMA_DoubleBufferModeCmd                  0x0800674b   Thumb Code    22  stm32f4xx_dma.o(.text)
    DMA_MemoryTargetConfig                   0x08006761   Thumb Code    10  stm32f4xx_dma.o(.text)
    DMA_GetCurrentMemoryTarget               0x0800676b   Thumb Code    20  stm32f4xx_dma.o(.text)
    DMA_GetCmdStatus                         0x0800677f   Thumb Code    20  stm32f4xx_dma.o(.text)
    DMA_GetFIFOStatus                        0x08006793   Thumb Code    12  stm32f4xx_dma.o(.text)
    DMA_GetFlagStatus                        0x0800679f   Thumb Code    56  stm32f4xx_dma.o(.text)
    DMA_ClearFlag                            0x080067d7   Thumb Code    40  stm32f4xx_dma.o(.text)
    DMA_ITConfig                             0x080067ff   Thumb Code    58  stm32f4xx_dma.o(.text)
    DMA_GetITStatus                          0x08006839   Thumb Code    84  stm32f4xx_dma.o(.text)
    DMA_ClearITPendingBit                    0x0800688d   Thumb Code    40  stm32f4xx_dma.o(.text)
    EXTI_DeInit                              0x080068d5   Thumb Code    28  stm32f4xx_exti.o(.text)
    EXTI_Init                                0x080068f1   Thumb Code   142  stm32f4xx_exti.o(.text)
    EXTI_StructInit                          0x0800697f   Thumb Code    16  stm32f4xx_exti.o(.text)
    EXTI_GenerateSWInterrupt                 0x0800698f   Thumb Code    16  stm32f4xx_exti.o(.text)
    EXTI_GetFlagStatus                       0x0800699f   Thumb Code    22  stm32f4xx_exti.o(.text)
    EXTI_ClearFlag                           0x080069b5   Thumb Code     8  stm32f4xx_exti.o(.text)
    EXTI_GetITStatus                         0x080069bd   Thumb Code    22  stm32f4xx_exti.o(.text)
    EXTI_ClearITPendingBit                   0x080069d3   Thumb Code     8  stm32f4xx_exti.o(.text)
    FLASH_SetLatency                         0x080069e5   Thumb Code     6  stm32f4xx_flash.o(.text)
    FLASH_PrefetchBufferCmd                  0x080069eb   Thumb Code    30  stm32f4xx_flash.o(.text)
    FLASH_InstructionCacheCmd                0x08006a09   Thumb Code    30  stm32f4xx_flash.o(.text)
    FLASH_DataCacheCmd                       0x08006a27   Thumb Code    30  stm32f4xx_flash.o(.text)
    FLASH_InstructionCacheReset              0x08006a45   Thumb Code    14  stm32f4xx_flash.o(.text)
    FLASH_DataCacheReset                     0x08006a53   Thumb Code    14  stm32f4xx_flash.o(.text)
    FLASH_Unlock                             0x08006a61   Thumb Code    26  stm32f4xx_flash.o(.text)
    FLASH_Lock                               0x08006a7b   Thumb Code    18  stm32f4xx_flash.o(.text)
    FLASH_GetStatus                          0x08006a8d   Thumb Code    90  stm32f4xx_flash.o(.text)
    FLASH_WaitForLastOperation               0x08006ae7   Thumb Code    34  stm32f4xx_flash.o(.text)
    FLASH_EraseSector                        0x08006b09   Thumb Code   140  stm32f4xx_flash.o(.text)
    FLASH_EraseAllSectors                    0x08006b95   Thumb Code   112  stm32f4xx_flash.o(.text)
    FLASH_EraseAllBank1Sectors               0x08006c05   Thumb Code   112  stm32f4xx_flash.o(.text)
    FLASH_EraseAllBank2Sectors               0x08006c75   Thumb Code   112  stm32f4xx_flash.o(.text)
    FLASH_ProgramDoubleWord                  0x08006ce5   Thumb Code    86  stm32f4xx_flash.o(.text)
    FLASH_ProgramWord                        0x08006d3b   Thumb Code    82  stm32f4xx_flash.o(.text)
    FLASH_ProgramHalfWord                    0x08006d8d   Thumb Code    96  stm32f4xx_flash.o(.text)
    FLASH_ProgramByte                        0x08006ded   Thumb Code    70  stm32f4xx_flash.o(.text)
    FLASH_OB_Unlock                          0x08006e33   Thumb Code    26  stm32f4xx_flash.o(.text)
    FLASH_OB_Lock                            0x08006e4d   Thumb Code    18  stm32f4xx_flash.o(.text)
    FLASH_OB_WRPConfig                       0x08006e5f   Thumb Code    54  stm32f4xx_flash.o(.text)
    FLASH_OB_WRP1Config                      0x08006e95   Thumb Code    54  stm32f4xx_flash.o(.text)
    FLASH_OB_PCROPSelectionConfig            0x08006ecb   Thumb Code    24  stm32f4xx_flash.o(.text)
    FLASH_OB_PCROPConfig                     0x08006ee3   Thumb Code    54  stm32f4xx_flash.o(.text)
    FLASH_OB_PCROP1Config                    0x08006f19   Thumb Code    54  stm32f4xx_flash.o(.text)
    FLASH_OB_RDPConfig                       0x08006f4f   Thumb Code    24  stm32f4xx_flash.o(.text)
    FLASH_OB_UserConfig                      0x08006f67   Thumb Code    46  stm32f4xx_flash.o(.text)
    FLASH_OB_BootConfig                      0x08006f95   Thumb Code    26  stm32f4xx_flash.o(.text)
    FLASH_OB_BORConfig                       0x08006faf   Thumb Code    26  stm32f4xx_flash.o(.text)
    FLASH_OB_Launch                          0x08006fc9   Thumb Code    30  stm32f4xx_flash.o(.text)
    FLASH_OB_GetUser                         0x08006fe7   Thumb Code    12  stm32f4xx_flash.o(.text)
    FLASH_OB_GetWRP                          0x08006ff3   Thumb Code     8  stm32f4xx_flash.o(.text)
    FLASH_OB_GetWRP1                         0x08006ffb   Thumb Code     8  stm32f4xx_flash.o(.text)
    FLASH_OB_GetPCROP                        0x08007003   Thumb Code     8  stm32f4xx_flash.o(.text)
    FLASH_OB_GetPCROP1                       0x0800700b   Thumb Code     8  stm32f4xx_flash.o(.text)
    FLASH_OB_GetRDP                          0x08007013   Thumb Code    20  stm32f4xx_flash.o(.text)
    FLASH_OB_GetBOR                          0x08007027   Thumb Code    12  stm32f4xx_flash.o(.text)
    FLASH_ITConfig                           0x08007033   Thumb Code    26  stm32f4xx_flash.o(.text)
    FLASH_GetFlagStatus                      0x0800704d   Thumb Code    22  stm32f4xx_flash.o(.text)
    FLASH_ClearFlag                          0x08007063   Thumb Code     8  stm32f4xx_flash.o(.text)
    FSMC_NORSRAMDeInit                       0x08007079   Thumb Code    54  stm32f4xx_fsmc.o(.text)
    FSMC_NORSRAMInit                         0x080070af   Thumb Code   230  stm32f4xx_fsmc.o(.text)
    FSMC_NORSRAMStructInit                   0x08007195   Thumb Code    48  stm32f4xx_fsmc.o(.text)
    FSMC_NORSRAMCmd                          0x080071c5   Thumb Code    46  stm32f4xx_fsmc.o(.text)
    FSMC_NANDDeInit                          0x080071f3   Thumb Code    62  stm32f4xx_fsmc.o(.text)
    FSMC_NANDInit                            0x08007231   Thumb Code   132  stm32f4xx_fsmc.o(.text)
    FSMC_NANDStructInit                      0x080072b5   Thumb Code    54  stm32f4xx_fsmc.o(.text)
    FSMC_NANDCmd                             0x080072eb   Thumb Code    86  stm32f4xx_fsmc.o(.text)
    FSMC_NANDECCCmd                          0x08007341   Thumb Code    86  stm32f4xx_fsmc.o(.text)
    FSMC_GetECC                              0x08007397   Thumb Code    24  stm32f4xx_fsmc.o(.text)
    FSMC_PCCARDDeInit                        0x080073af   Thumb Code    36  stm32f4xx_fsmc.o(.text)
    FSMC_PCCARDInit                          0x080073d3   Thumb Code   130  stm32f4xx_fsmc.o(.text)
    FSMC_PCCARDStructInit                    0x08007455   Thumb Code    60  stm32f4xx_fsmc.o(.text)
    FSMC_PCCARDCmd                           0x08007491   Thumb Code    44  stm32f4xx_fsmc.o(.text)
    FSMC_ITConfig                            0x080074bd   Thumb Code   128  stm32f4xx_fsmc.o(.text)
    FSMC_GetFlagStatus                       0x0800753d   Thumb Code    54  stm32f4xx_fsmc.o(.text)
    FSMC_ClearFlag                           0x08007573   Thumb Code    74  stm32f4xx_fsmc.o(.text)
    FSMC_GetITStatus                         0x080075bd   Thumb Code    62  stm32f4xx_fsmc.o(.text)
    FSMC_ClearITPendingBit                   0x080075fb   Thumb Code    66  stm32f4xx_fsmc.o(.text)
    GPIO_DeInit                              0x08007641   Thumb Code   268  stm32f4xx_gpio.o(.text)
    GPIO_Init                                0x0800774d   Thumb Code   144  stm32f4xx_gpio.o(.text)
    GPIO_StructInit                          0x080077dd   Thumb Code    18  stm32f4xx_gpio.o(.text)
    GPIO_PinLockConfig                       0x080077ef   Thumb Code    34  stm32f4xx_gpio.o(.text)
    GPIO_ReadInputDataBit                    0x08007811   Thumb Code    18  stm32f4xx_gpio.o(.text)
    GPIO_ReadInputData                       0x08007823   Thumb Code     8  stm32f4xx_gpio.o(.text)
    GPIO_ReadOutputDataBit                   0x0800782b   Thumb Code    18  stm32f4xx_gpio.o(.text)
    GPIO_ReadOutputData                      0x0800783d   Thumb Code     8  stm32f4xx_gpio.o(.text)
    GPIO_SetBits                             0x08007845   Thumb Code     4  stm32f4xx_gpio.o(.text)
    GPIO_ResetBits                           0x08007849   Thumb Code     4  stm32f4xx_gpio.o(.text)
    GPIO_WriteBit                            0x0800784d   Thumb Code    10  stm32f4xx_gpio.o(.text)
    GPIO_Write                               0x08007857   Thumb Code     4  stm32f4xx_gpio.o(.text)
    GPIO_ToggleBits                          0x0800785b   Thumb Code     8  stm32f4xx_gpio.o(.text)
    GPIO_PinAFConfig                         0x08007863   Thumb Code    70  stm32f4xx_gpio.o(.text)
    I2C_DeInit                               0x080078d5   Thumb Code    82  stm32f4xx_i2c.o(.text)
    I2C_Init                                 0x08007927   Thumb Code   218  stm32f4xx_i2c.o(.text)
    I2C_StructInit                           0x08007a01   Thumb Code    30  stm32f4xx_i2c.o(.text)
    I2C_Cmd                                  0x08007a1f   Thumb Code    24  stm32f4xx_i2c.o(.text)
    I2C_AnalogFilterCmd                      0x08007a37   Thumb Code    24  stm32f4xx_i2c.o(.text)
    I2C_DigitalFilterConfig                  0x08007a4f   Thumb Code    22  stm32f4xx_i2c.o(.text)
    I2C_GenerateSTART                        0x08007a65   Thumb Code    24  stm32f4xx_i2c.o(.text)
    I2C_GenerateSTOP                         0x08007a7d   Thumb Code    24  stm32f4xx_i2c.o(.text)
    I2C_Send7bitAddress                      0x08007a95   Thumb Code    16  stm32f4xx_i2c.o(.text)
    I2C_AcknowledgeConfig                    0x08007aa5   Thumb Code    24  stm32f4xx_i2c.o(.text)
    I2C_OwnAddress2Config                    0x08007abd   Thumb Code    22  stm32f4xx_i2c.o(.text)
    I2C_DualAddressCmd                       0x08007ad3   Thumb Code    24  stm32f4xx_i2c.o(.text)
    I2C_GeneralCallCmd                       0x08007aeb   Thumb Code    24  stm32f4xx_i2c.o(.text)
    I2C_SoftwareResetCmd                     0x08007b03   Thumb Code    22  stm32f4xx_i2c.o(.text)
    I2C_StretchClockCmd                      0x08007b19   Thumb Code    24  stm32f4xx_i2c.o(.text)
    I2C_FastModeDutyCycleConfig              0x08007b31   Thumb Code    28  stm32f4xx_i2c.o(.text)
    I2C_NACKPositionConfig                   0x08007b4d   Thumb Code    28  stm32f4xx_i2c.o(.text)
    I2C_SMBusAlertConfig                     0x08007b69   Thumb Code    28  stm32f4xx_i2c.o(.text)
    I2C_ARPCmd                               0x08007b85   Thumb Code    24  stm32f4xx_i2c.o(.text)
    I2C_SendData                             0x08007b9d   Thumb Code     4  stm32f4xx_i2c.o(.text)
    I2C_ReceiveData                          0x08007ba1   Thumb Code     8  stm32f4xx_i2c.o(.text)
    I2C_TransmitPEC                          0x08007ba9   Thumb Code    24  stm32f4xx_i2c.o(.text)
    I2C_PECPositionConfig                    0x08007bc1   Thumb Code    28  stm32f4xx_i2c.o(.text)
    I2C_CalculatePEC                         0x08007bdd   Thumb Code    24  stm32f4xx_i2c.o(.text)
    I2C_GetPEC                               0x08007bf5   Thumb Code     8  stm32f4xx_i2c.o(.text)
    I2C_DMACmd                               0x08007bfd   Thumb Code    24  stm32f4xx_i2c.o(.text)
    I2C_DMALastTransferCmd                   0x08007c15   Thumb Code    24  stm32f4xx_i2c.o(.text)
    I2C_ReadRegister                         0x08007c2d   Thumb Code    22  stm32f4xx_i2c.o(.text)
    I2C_ITConfig                             0x08007c43   Thumb Code    18  stm32f4xx_i2c.o(.text)
    I2C_CheckEvent                           0x08007c55   Thumb Code    42  stm32f4xx_i2c.o(.text)
    I2C_GetLastEvent                         0x08007c7f   Thumb Code    26  stm32f4xx_i2c.o(.text)
    I2C_GetFlagStatus                        0x08007c99   Thumb Code    84  stm32f4xx_i2c.o(.text)
    I2C_ClearFlag                            0x08007ced   Thumb Code    12  stm32f4xx_i2c.o(.text)
    I2C_GetITStatus                          0x08007cf9   Thumb Code    38  stm32f4xx_i2c.o(.text)
    I2C_ClearITPendingBit                    0x08007d1f   Thumb Code    12  stm32f4xx_i2c.o(.text)
    RCC_DeInit                               0x08007d2d   Thumb Code    82  stm32f4xx_rcc.o(.text)
    RCC_HSEConfig                            0x08007d7f   Thumb Code    14  stm32f4xx_rcc.o(.text)
    RCC_GetFlagStatus                        0x08007d8d   Thumb Code    60  stm32f4xx_rcc.o(.text)
    RCC_WaitForHSEStartUp                    0x08007dc9   Thumb Code    56  stm32f4xx_rcc.o(.text)
    RCC_AdjustHSICalibrationValue            0x08007e01   Thumb Code    20  stm32f4xx_rcc.o(.text)
    RCC_HSICmd                               0x08007e15   Thumb Code     6  stm32f4xx_rcc.o(.text)
    RCC_LSEConfig                            0x08007e1b   Thumb Code    46  stm32f4xx_rcc.o(.text)
    RCC_LSICmd                               0x08007e49   Thumb Code     6  stm32f4xx_rcc.o(.text)
    RCC_PLLConfig                            0x08007e4f   Thumb Code    32  stm32f4xx_rcc.o(.text)
    RCC_PLLCmd                               0x08007e6f   Thumb Code     6  stm32f4xx_rcc.o(.text)
    RCC_PLLI2SConfig                         0x08007e75   Thumb Code    14  stm32f4xx_rcc.o(.text)
    RCC_PLLI2SCmd                            0x08007e83   Thumb Code     6  stm32f4xx_rcc.o(.text)
    RCC_PLLSAIConfig                         0x08007e89   Thumb Code    20  stm32f4xx_rcc.o(.text)
    RCC_PLLSAICmd                            0x08007e9d   Thumb Code     6  stm32f4xx_rcc.o(.text)
    RCC_ClockSecuritySystemCmd               0x08007ea3   Thumb Code     6  stm32f4xx_rcc.o(.text)
    RCC_MCO1Config                           0x08007ea9   Thumb Code    28  stm32f4xx_rcc.o(.text)
    RCC_MCO2Config                           0x08007ec5   Thumb Code    28  stm32f4xx_rcc.o(.text)
    RCC_SYSCLKConfig                         0x08007ee1   Thumb Code    20  stm32f4xx_rcc.o(.text)
    RCC_GetSYSCLKSource                      0x08007ef5   Thumb Code    12  stm32f4xx_rcc.o(.text)
    RCC_HCLKConfig                           0x08007f01   Thumb Code    20  stm32f4xx_rcc.o(.text)
    RCC_PCLK1Config                          0x08007f15   Thumb Code    20  stm32f4xx_rcc.o(.text)
    RCC_PCLK2Config                          0x08007f29   Thumb Code    22  stm32f4xx_rcc.o(.text)
    RCC_GetClocksFreq                        0x08007f3f   Thumb Code   222  stm32f4xx_rcc.o(.text)
    RCC_RTCCLKConfig                         0x0800801d   Thumb Code    54  stm32f4xx_rcc.o(.text)
    RCC_RTCCLKCmd                            0x08008053   Thumb Code     8  stm32f4xx_rcc.o(.text)
    RCC_BackupResetCmd                       0x0800805b   Thumb Code     8  stm32f4xx_rcc.o(.text)
    RCC_I2SCLKConfig                         0x08008063   Thumb Code     6  stm32f4xx_rcc.o(.text)
    RCC_SAIPLLI2SClkDivConfig                0x08008069   Thumb Code    26  stm32f4xx_rcc.o(.text)
    RCC_SAIPLLSAIClkDivConfig                0x08008083   Thumb Code    28  stm32f4xx_rcc.o(.text)
    RCC_SAIBlockACLKConfig                   0x0800809f   Thumb Code    20  stm32f4xx_rcc.o(.text)
    RCC_SAIBlockBCLKConfig                   0x080080b3   Thumb Code    20  stm32f4xx_rcc.o(.text)
    RCC_LTDCCLKDivConfig                     0x080080c7   Thumb Code    20  stm32f4xx_rcc.o(.text)
    RCC_TIMCLKPresConfig                     0x080080db   Thumb Code     6  stm32f4xx_rcc.o(.text)
    RCC_AHB1PeriphClockCmd                   0x080080e1   Thumb Code    34  stm32f4xx_rcc.o(.text)
    RCC_AHB2PeriphClockCmd                   0x08008103   Thumb Code    78  stm32f4xx_rcc.o(.text)
    RCC_AHB3PeriphClockCmd                   0x08008151   Thumb Code    34  stm32f4xx_rcc.o(.text)
    RCC_APB1PeriphClockCmd                   0x08008173   Thumb Code    34  stm32f4xx_rcc.o(.text)
    RCC_APB2PeriphClockCmd                   0x08008195   Thumb Code    34  stm32f4xx_rcc.o(.text)
    RCC_AHB1PeriphResetCmd                   0x080081b7   Thumb Code    34  stm32f4xx_rcc.o(.text)
    RCC_AHB2PeriphResetCmd                   0x080081d9   Thumb Code    34  stm32f4xx_rcc.o(.text)
    RCC_AHB3PeriphResetCmd                   0x080081fb   Thumb Code    34  stm32f4xx_rcc.o(.text)
    RCC_APB1PeriphResetCmd                   0x0800821d   Thumb Code    34  stm32f4xx_rcc.o(.text)
    RCC_APB2PeriphResetCmd                   0x0800823f   Thumb Code    34  stm32f4xx_rcc.o(.text)
    RCC_AHB1PeriphClockLPModeCmd             0x08008261   Thumb Code    34  stm32f4xx_rcc.o(.text)
    RCC_AHB2PeriphClockLPModeCmd             0x08008283   Thumb Code    34  stm32f4xx_rcc.o(.text)
    RCC_AHB3PeriphClockLPModeCmd             0x080082a5   Thumb Code    34  stm32f4xx_rcc.o(.text)
    RCC_APB1PeriphClockLPModeCmd             0x080082c7   Thumb Code    34  stm32f4xx_rcc.o(.text)
    RCC_APB2PeriphClockLPModeCmd             0x080082e9   Thumb Code    34  stm32f4xx_rcc.o(.text)
    RCC_LSEModeConfig                        0x0800830b   Thumb Code    40  stm32f4xx_rcc.o(.text)
    RCC_ITConfig                             0x08008333   Thumb Code    34  stm32f4xx_rcc.o(.text)
    RCC_ClearFlag                            0x08008355   Thumb Code    18  stm32f4xx_rcc.o(.text)
    RCC_GetITStatus                          0x08008367   Thumb Code    22  stm32f4xx_rcc.o(.text)
    RCC_ClearITPendingBit                    0x0800837d   Thumb Code     8  stm32f4xx_rcc.o(.text)
    SPI_I2S_DeInit                           0x08008389   Thumb Code   152  stm32f4xx_spi.o(.text)
    SPI_Init                                 0x08008421   Thumb Code    60  stm32f4xx_spi.o(.text)
    I2S_Init                                 0x0800845d   Thumb Code   396  stm32f4xx_spi.o(.text)
    SPI_StructInit                           0x080085e9   Thumb Code    24  stm32f4xx_spi.o(.text)
    I2S_StructInit                           0x08008601   Thumb Code    20  stm32f4xx_spi.o(.text)
    SPI_Cmd                                  0x08008615   Thumb Code    24  stm32f4xx_spi.o(.text)
    I2S_Cmd                                  0x0800862d   Thumb Code    24  stm32f4xx_spi.o(.text)
    SPI_DataSizeConfig                       0x08008645   Thumb Code    18  stm32f4xx_spi.o(.text)
    SPI_BiDirectionalLineConfig              0x08008657   Thumb Code    28  stm32f4xx_spi.o(.text)
    SPI_NSSInternalSoftwareConfig            0x08008673   Thumb Code    30  stm32f4xx_spi.o(.text)
    SPI_SSOutputCmd                          0x08008691   Thumb Code    24  stm32f4xx_spi.o(.text)
    SPI_TIModeCmd                            0x080086a9   Thumb Code    24  stm32f4xx_spi.o(.text)
    I2S_FullDuplexConfig                     0x080086c1   Thumb Code    80  stm32f4xx_spi.o(.text)
    SPI_I2S_ReceiveData                      0x08008711   Thumb Code     6  stm32f4xx_spi.o(.text)
    SPI_I2S_SendData                         0x08008717   Thumb Code     4  stm32f4xx_spi.o(.text)
    SPI_CalculateCRC                         0x0800871b   Thumb Code    24  stm32f4xx_spi.o(.text)
    SPI_TransmitCRC                          0x08008733   Thumb Code    10  stm32f4xx_spi.o(.text)
    SPI_GetCRC                               0x0800873d   Thumb Code    16  stm32f4xx_spi.o(.text)
    SPI_GetCRCPolynomial                     0x0800874d   Thumb Code     6  stm32f4xx_spi.o(.text)
    SPI_I2S_DMACmd                           0x08008753   Thumb Code    18  stm32f4xx_spi.o(.text)
    SPI_I2S_ITConfig                         0x08008765   Thumb Code    68  stm32f4xx_spi.o(.text)
    SPI_I2S_GetFlagStatus                    0x080087a9   Thumb Code    18  stm32f4xx_spi.o(.text)
    SPI_I2S_ClearFlag                        0x080087bb   Thumb Code     6  stm32f4xx_spi.o(.text)
    SPI_I2S_GetITStatus                      0x080087c1   Thumb Code    52  stm32f4xx_spi.o(.text)
    SPI_I2S_ClearITPendingBit                0x080087f5   Thumb Code    20  stm32f4xx_spi.o(.text)
    SYSCFG_DeInit                            0x08008809   Thumb Code    22  stm32f4xx_syscfg.o(.text)
    SYSCFG_MemoryRemapConfig                 0x0800881f   Thumb Code     6  stm32f4xx_syscfg.o(.text)
    SYSCFG_MemorySwappingBank                0x08008825   Thumb Code     6  stm32f4xx_syscfg.o(.text)
    SYSCFG_EXTILineConfig                    0x0800882b   Thumb Code    66  stm32f4xx_syscfg.o(.text)
    SYSCFG_ETH_MediaInterfaceConfig          0x0800886d   Thumb Code     8  stm32f4xx_syscfg.o(.text)
    SYSCFG_CompensationCellCmd               0x08008875   Thumb Code     6  stm32f4xx_syscfg.o(.text)
    SYSCFG_GetCompensationCellStatus         0x0800887b   Thumb Code    22  stm32f4xx_syscfg.o(.text)
    TIM_DeInit                               0x0800889d   Thumb Code   346  stm32f4xx_tim.o(.text)
    TIM_TimeBaseInit                         0x080089f7   Thumb Code   104  stm32f4xx_tim.o(.text)
    TIM_TimeBaseStructInit                   0x08008a5f   Thumb Code    18  stm32f4xx_tim.o(.text)
    TIM_PrescalerConfig                      0x08008a71   Thumb Code     6  stm32f4xx_tim.o(.text)
    TIM_CounterModeConfig                    0x08008a77   Thumb Code    18  stm32f4xx_tim.o(.text)
    TIM_SetCounter                           0x08008a89   Thumb Code     4  stm32f4xx_tim.o(.text)
    TIM_SetAutoreload                        0x08008a8d   Thumb Code     4  stm32f4xx_tim.o(.text)
    TIM_GetCounter                           0x08008a91   Thumb Code     6  stm32f4xx_tim.o(.text)
    TIM_GetPrescaler                         0x08008a97   Thumb Code     6  stm32f4xx_tim.o(.text)
    TIM_UpdateDisableConfig                  0x08008a9d   Thumb Code    24  stm32f4xx_tim.o(.text)
    TIM_UpdateRequestConfig                  0x08008ab5   Thumb Code    24  stm32f4xx_tim.o(.text)
    TIM_ARRPreloadConfig                     0x08008acd   Thumb Code    24  stm32f4xx_tim.o(.text)
    TIM_SelectOnePulseMode                   0x08008ae5   Thumb Code    18  stm32f4xx_tim.o(.text)
    TIM_SetClockDivision                     0x08008af7   Thumb Code    18  stm32f4xx_tim.o(.text)
    TIM_Cmd                                  0x08008b09   Thumb Code    24  stm32f4xx_tim.o(.text)
    TIM_OC1Init                              0x08008b21   Thumb Code   114  stm32f4xx_tim.o(.text)
    TIM_OC2Init                              0x08008b93   Thumb Code   154  stm32f4xx_tim.o(.text)
    TIM_OC3Init                              0x08008c2d   Thumb Code   204  stm32f4xx_tim.o(.text)
    TIM_OC4Init                              0x08008cf9   Thumb Code   112  stm32f4xx_tim.o(.text)
    TIM_OCStructInit                         0x08008d69   Thumb Code    20  stm32f4xx_tim.o(.text)
    TIM_SelectOCxM                           0x08008d7d   Thumb Code    86  stm32f4xx_tim.o(.text)
    TIM_SetCompare1                          0x08008dd3   Thumb Code     4  stm32f4xx_tim.o(.text)
    TIM_SetCompare2                          0x08008dd7   Thumb Code     4  stm32f4xx_tim.o(.text)
    TIM_SetCompare3                          0x08008ddb   Thumb Code     4  stm32f4xx_tim.o(.text)
    TIM_SetCompare4                          0x08008ddf   Thumb Code     4  stm32f4xx_tim.o(.text)
    TIM_ForcedOC1Config                      0x08008de3   Thumb Code    18  stm32f4xx_tim.o(.text)
    TIM_ForcedOC2Config                      0x08008df5   Thumb Code    26  stm32f4xx_tim.o(.text)
    TIM_ForcedOC3Config                      0x08008e0f   Thumb Code    18  stm32f4xx_tim.o(.text)
    TIM_ForcedOC4Config                      0x08008e21   Thumb Code    26  stm32f4xx_tim.o(.text)
    TIM_OC1PreloadConfig                     0x08008e3b   Thumb Code    18  stm32f4xx_tim.o(.text)
    TIM_OC2PreloadConfig                     0x08008e4d   Thumb Code    26  stm32f4xx_tim.o(.text)
    TIM_OC3PreloadConfig                     0x08008e67   Thumb Code    18  stm32f4xx_tim.o(.text)
    TIM_OC4PreloadConfig                     0x08008e79   Thumb Code    26  stm32f4xx_tim.o(.text)
    TIM_OC1FastConfig                        0x08008e93   Thumb Code    18  stm32f4xx_tim.o(.text)
    TIM_OC2FastConfig                        0x08008ea5   Thumb Code    26  stm32f4xx_tim.o(.text)
    TIM_OC3FastConfig                        0x08008ebf   Thumb Code    18  stm32f4xx_tim.o(.text)
    TIM_OC4FastConfig                        0x08008ed1   Thumb Code    26  stm32f4xx_tim.o(.text)
    TIM_ClearOC1Ref                          0x08008eeb   Thumb Code    18  stm32f4xx_tim.o(.text)
    TIM_ClearOC2Ref                          0x08008efd   Thumb Code    24  stm32f4xx_tim.o(.text)
    TIM_ClearOC3Ref                          0x08008f15   Thumb Code    18  stm32f4xx_tim.o(.text)
    TIM_ClearOC4Ref                          0x08008f27   Thumb Code    24  stm32f4xx_tim.o(.text)
    TIM_OC1PolarityConfig                    0x08008f3f   Thumb Code    18  stm32f4xx_tim.o(.text)
    TIM_OC1NPolarityConfig                   0x08008f51   Thumb Code    18  stm32f4xx_tim.o(.text)
    TIM_OC2PolarityConfig                    0x08008f63   Thumb Code    26  stm32f4xx_tim.o(.text)
    TIM_OC2NPolarityConfig                   0x08008f7d   Thumb Code    26  stm32f4xx_tim.o(.text)
    TIM_OC3PolarityConfig                    0x08008f97   Thumb Code    26  stm32f4xx_tim.o(.text)
    TIM_OC3NPolarityConfig                   0x08008fb1   Thumb Code    26  stm32f4xx_tim.o(.text)
    TIM_OC4PolarityConfig                    0x08008fcb   Thumb Code    26  stm32f4xx_tim.o(.text)
    TIM_CCxCmd                               0x08008fe5   Thumb Code    30  stm32f4xx_tim.o(.text)
    TIM_CCxNCmd                              0x08009003   Thumb Code    30  stm32f4xx_tim.o(.text)
    TIM_SetIC4Prescaler                      0x08009021   Thumb Code    26  stm32f4xx_tim.o(.text)
    TIM_SetIC3Prescaler                      0x0800908b   Thumb Code    18  stm32f4xx_tim.o(.text)
    TIM_SetIC2Prescaler                      0x080090e5   Thumb Code    26  stm32f4xx_tim.o(.text)
    TIM_SetIC1Prescaler                      0x08009159   Thumb Code    18  stm32f4xx_tim.o(.text)
    TIM_ICInit                               0x080091a5   Thumb Code   110  stm32f4xx_tim.o(.text)
    TIM_ICStructInit                         0x08009213   Thumb Code    18  stm32f4xx_tim.o(.text)
    TIM_PWMIConfig                           0x08009225   Thumb Code   124  stm32f4xx_tim.o(.text)
    TIM_GetCapture1                          0x080092a1   Thumb Code     6  stm32f4xx_tim.o(.text)
    TIM_GetCapture2                          0x080092a7   Thumb Code     6  stm32f4xx_tim.o(.text)
    TIM_GetCapture3                          0x080092ad   Thumb Code     6  stm32f4xx_tim.o(.text)
    TIM_GetCapture4                          0x080092b3   Thumb Code     6  stm32f4xx_tim.o(.text)
    TIM_BDTRConfig                           0x080092b9   Thumb Code    32  stm32f4xx_tim.o(.text)
    TIM_BDTRStructInit                       0x080092d9   Thumb Code    18  stm32f4xx_tim.o(.text)
    TIM_CtrlPWMOutputs                       0x080092eb   Thumb Code    30  stm32f4xx_tim.o(.text)
    TIM_SelectCOM                            0x08009309   Thumb Code    24  stm32f4xx_tim.o(.text)
    TIM_CCPreloadControl                     0x08009321   Thumb Code    24  stm32f4xx_tim.o(.text)
    TIM_ITConfig                             0x08009339   Thumb Code    18  stm32f4xx_tim.o(.text)
    TIM_GenerateEvent                        0x0800934b   Thumb Code     4  stm32f4xx_tim.o(.text)
    TIM_GetFlagStatus                        0x0800934f   Thumb Code    18  stm32f4xx_tim.o(.text)
    TIM_ClearFlag                            0x08009361   Thumb Code     6  stm32f4xx_tim.o(.text)
    TIM_GetITStatus                          0x08009367   Thumb Code    34  stm32f4xx_tim.o(.text)
    TIM_ClearITPendingBit                    0x08009389   Thumb Code     6  stm32f4xx_tim.o(.text)
    TIM_DMAConfig                            0x0800938f   Thumb Code    10  stm32f4xx_tim.o(.text)
    TIM_DMACmd                               0x08009399   Thumb Code    18  stm32f4xx_tim.o(.text)
    TIM_SelectCCDMA                          0x080093ab   Thumb Code    24  stm32f4xx_tim.o(.text)
    TIM_InternalClockConfig                  0x080093c3   Thumb Code    12  stm32f4xx_tim.o(.text)
    TIM_SelectInputTrigger                   0x080093cf   Thumb Code    18  stm32f4xx_tim.o(.text)
    TIM_ITRxExternalClockConfig              0x080093e1   Thumb Code    24  stm32f4xx_tim.o(.text)
    TIM_TIxExternalClockConfig               0x080093f9   Thumb Code    62  stm32f4xx_tim.o(.text)
    TIM_ETRConfig                            0x08009437   Thumb Code    28  stm32f4xx_tim.o(.text)
    TIM_ETRClockMode1Config                  0x08009453   Thumb Code    54  stm32f4xx_tim.o(.text)
    TIM_ETRClockMode2Config                  0x08009489   Thumb Code    32  stm32f4xx_tim.o(.text)
    TIM_SelectOutputTrigger                  0x080094a9   Thumb Code    18  stm32f4xx_tim.o(.text)
    TIM_SelectSlaveMode                      0x080094bb   Thumb Code    18  stm32f4xx_tim.o(.text)
    TIM_SelectMasterSlaveMode                0x080094cd   Thumb Code    18  stm32f4xx_tim.o(.text)
    TIM_EncoderInterfaceConfig               0x080094df   Thumb Code    66  stm32f4xx_tim.o(.text)
    TIM_SelectHallSensor                     0x08009521   Thumb Code    24  stm32f4xx_tim.o(.text)
    TIM_RemapConfig                          0x08009539   Thumb Code     6  stm32f4xx_tim.o(.text)
    USART_DeInit                             0x08009541   Thumb Code   206  stm32f4xx_usart.o(.text)
    USART_Init                               0x0800960f   Thumb Code   204  stm32f4xx_usart.o(.text)
    USART_StructInit                         0x080096db   Thumb Code    24  stm32f4xx_usart.o(.text)
    USART_ClockInit                          0x080096f3   Thumb Code    32  stm32f4xx_usart.o(.text)
    USART_ClockStructInit                    0x08009713   Thumb Code    12  stm32f4xx_usart.o(.text)
    USART_Cmd                                0x0800971f   Thumb Code    24  stm32f4xx_usart.o(.text)
    USART_SetPrescaler                       0x08009737   Thumb Code    16  stm32f4xx_usart.o(.text)
    USART_OverSampling8Cmd                   0x08009747   Thumb Code    22  stm32f4xx_usart.o(.text)
    USART_OneBitMethodCmd                    0x0800975d   Thumb Code    24  stm32f4xx_usart.o(.text)
    USART_SendData                           0x08009775   Thumb Code     8  stm32f4xx_usart.o(.text)
    USART_ReceiveData                        0x0800977d   Thumb Code    10  stm32f4xx_usart.o(.text)
    USART_SetAddress                         0x08009787   Thumb Code    18  stm32f4xx_usart.o(.text)
    USART_ReceiverWakeUpCmd                  0x08009799   Thumb Code    24  stm32f4xx_usart.o(.text)
    USART_WakeUpConfig                       0x080097b1   Thumb Code    18  stm32f4xx_usart.o(.text)
    USART_LINBreakDetectLengthConfig         0x080097c3   Thumb Code    18  stm32f4xx_usart.o(.text)
    USART_LINCmd                             0x080097d5   Thumb Code    24  stm32f4xx_usart.o(.text)
    USART_SendBreak                          0x080097ed   Thumb Code    10  stm32f4xx_usart.o(.text)
    USART_HalfDuplexCmd                      0x080097f7   Thumb Code    24  stm32f4xx_usart.o(.text)
    USART_SetGuardTime                       0x0800980f   Thumb Code    16  stm32f4xx_usart.o(.text)
    USART_SmartCardCmd                       0x0800981f   Thumb Code    24  stm32f4xx_usart.o(.text)
    USART_SmartCardNACKCmd                   0x08009837   Thumb Code    24  stm32f4xx_usart.o(.text)
    USART_IrDAConfig                         0x0800984f   Thumb Code    18  stm32f4xx_usart.o(.text)
    USART_IrDACmd                            0x08009861   Thumb Code    24  stm32f4xx_usart.o(.text)
    USART_DMACmd                             0x08009879   Thumb Code    18  stm32f4xx_usart.o(.text)
    USART_ITConfig                           0x0800988b   Thumb Code    74  stm32f4xx_usart.o(.text)
    USART_GetFlagStatus                      0x080098d5   Thumb Code    26  stm32f4xx_usart.o(.text)
    USART_ClearFlag                          0x080098ef   Thumb Code    18  stm32f4xx_usart.o(.text)
    USART_GetITStatus                        0x08009901   Thumb Code   118  stm32f4xx_usart.o(.text)
    USART_ClearITPendingBit                  0x08009977   Thumb Code    30  stm32f4xx_usart.o(.text)
    __aeabi_memset                           0x08009995   Thumb Code    14  memseta.o(.text)
    __aeabi_memset4                          0x08009995   Thumb Code     0  memseta.o(.text)
    __aeabi_memset8                          0x08009995   Thumb Code     0  memseta.o(.text)
    __aeabi_memclr                           0x080099a3   Thumb Code     4  memseta.o(.text)
    __aeabi_memclr4                          0x080099a3   Thumb Code     0  memseta.o(.text)
    __aeabi_memclr8                          0x080099a3   Thumb Code     0  memseta.o(.text)
    _memset$wrapper                          0x080099a7   Thumb Code    18  memseta.o(.text)
    strlen                                   0x080099b9   Thumb Code    14  strlen.o(.text)
    strcmp                                   0x080099c7   Thumb Code    28  strcmp.o(.text)
    strcpy                                   0x080099e3   Thumb Code    18  strcpy.o(.text)
    atoi                                     0x080099f5   Thumb Code    26  atoi.o(.text)
    __aeabi_dmul                             0x08009a0f   Thumb Code   228  dmul.o(.text)
    __aeabi_i2d                              0x08009af3   Thumb Code    34  dflti.o(.text)
    __aeabi_f2d                              0x08009b15   Thumb Code    38  f2d.o(.text)
    __aeabi_d2f                              0x08009b3b   Thumb Code    56  d2f.o(.text)
    __aeabi_uidiv                            0x08009b73   Thumb Code     0  uidiv.o(.text)
    __aeabi_uidivmod                         0x08009b73   Thumb Code    44  uidiv.o(.text)
    __aeabi_uldivmod                         0x08009b9f   Thumb Code    98  uldiv.o(.text)
    __strtod_int                             0x08009c37   Thumb Code    88  strtod.o(.text)
    strtol                                   0x08009c9d   Thumb Code   112  strtol.o(.text)
    __I$use$fp                               0x08009d0d   Thumb Code     0  iusefp.o(.text)
    _float_round                             0x08009d0d   Thumb Code    18  fepilogue.o(.text)
    _float_epilogue                          0x08009d1f   Thumb Code    92  fepilogue.o(.text)
    _double_round                            0x08009d7b   Thumb Code    30  depilogue.o(.text)
    _double_epilogue                         0x08009d99   Thumb Code   156  depilogue.o(.text)
    __aeabi_dadd                             0x08009e35   Thumb Code   322  dadd.o(.text)
    __aeabi_dsub                             0x08009f77   Thumb Code     6  dadd.o(.text)
    __aeabi_drsub                            0x08009f7d   Thumb Code     6  dadd.o(.text)
    __aeabi_ddiv                             0x08009f83   Thumb Code   222  ddiv.o(.text)
    __aeabi_d2ulz                            0x0800a061   Thumb Code    48  dfixul.o(.text)
    __aeabi_cdrcmple                         0x0800a091   Thumb Code    48  cdrcmple.o(.text)
    __scatterload                            0x0800a0c1   Thumb Code    28  init.o(.text)
    __scatterload_rt2                        0x0800a0c1   Thumb Code     0  init.o(.text)
    __aeabi_llsl                             0x0800a0e5   Thumb Code    30  llshl.o(.text)
    _ll_shift_l                              0x0800a0e5   Thumb Code     0  llshl.o(.text)
    __aeabi_llsr                             0x0800a103   Thumb Code    32  llushr.o(.text)
    _ll_ushift_r                             0x0800a103   Thumb Code     0  llushr.o(.text)
    __aeabi_lasr                             0x0800a123   Thumb Code    36  llsshr.o(.text)
    _ll_sshift_r                             0x0800a123   Thumb Code     0  llsshr.o(.text)
    __rt_ctype_table                         0x0800a149   Thumb Code     4  ctype_o.o(.text)
    isspace                                  0x0800a151   Thumb Code    18  isspace_o.o(.text)
    _scanf_real                              0x0800a265   Thumb Code     0  scanf_fp.o(.text)
    _scanf_really_real                       0x0800a265   Thumb Code   556  scanf_fp.o(.text)
    _sgetc                                   0x0800a49d   Thumb Code    30  _sgetc.o(.text)
    _sbackspace                              0x0800a4bb   Thumb Code    34  _sgetc.o(.text)
    _strtoul                                 0x0800a4dd   Thumb Code   158  _strtoul.o(.text)
    _chval                                   0x0800a57b   Thumb Code    28  _chval.o(.text)
    __aeabi_ul2d                             0x0800a597   Thumb Code    24  dfltul.o(.text)
    __decompress                             0x0800a5af   Thumb Code     0  __dczerorl2.o(.text)
    __decompress1                            0x0800a5af   Thumb Code    86  __dczerorl2.o(.text)
    __0sprintf                               0x0800a605   Thumb Code    34  printfa.o(i.__0sprintf)
    __1sprintf                               0x0800a605   Thumb Code     0  printfa.o(i.__0sprintf)
    __2sprintf                               0x0800a605   Thumb Code     0  printfa.o(i.__0sprintf)
    __c89sprintf                             0x0800a605   Thumb Code     0  printfa.o(i.__0sprintf)
    sprintf                                  0x0800a605   Thumb Code     0  printfa.o(i.__0sprintf)
    __0vsnprintf                             0x0800a62d   Thumb Code    32  printfa.o(i.__0vsnprintf)
    __1vsnprintf                             0x0800a62d   Thumb Code     0  printfa.o(i.__0vsnprintf)
    __2vsnprintf                             0x0800a62d   Thumb Code     0  printfa.o(i.__0vsnprintf)
    __c89vsnprintf                           0x0800a62d   Thumb Code     0  printfa.o(i.__0vsnprintf)
    vsnprintf                                0x0800a62d   Thumb Code     0  printfa.o(i.__0vsnprintf)
    __aeabi_errno_addr                       0x0800a651   Thumb Code     4  errno.o(i.__aeabi_errno_addr)
    __rt_errno_addr                          0x0800a651   Thumb Code     0  errno.o(i.__aeabi_errno_addr)
    __hardfp_atof                            0x0800a659   Thumb Code    44  atof.o(i.__hardfp_atof)
    __read_errno                             0x0800a691   Thumb Code     6  errno.o(i.__read_errno)
    __scatterload_copy                       0x0800a69d   Thumb Code    14  handlers.o(i.__scatterload_copy)
    __scatterload_null                       0x0800a6ab   Thumb Code     2  handlers.o(i.__scatterload_null)
    __scatterload_zeroinit                   0x0800a6ad   Thumb Code    14  handlers.o(i.__scatterload_zeroinit)
    __set_errno                              0x0800a6bd   Thumb Code     6  errno.o(i.__set_errno)
    _is_digit                                0x0800a82d   Thumb Code    14  scanf_fp.o(i._is_digit)
    free                                     0x0800af8d   Thumb Code    76  malloc.o(i.free)
    malloc                                   0x0800afdd   Thumb Code    92  malloc.o(i.malloc)
    asc2_1206                                0x0800b048   Data        1140  tftlcd.o(.constdata)
    asc2_1608                                0x0800b4bc   Data        1520  tftlcd.o(.constdata)
    asc2_2412                                0x0800baac   Data        3420  tftlcd.o(.constdata)
    ov7725_init_tbl                          0x0800c808   Data         106  camera.o(.constdata)
    camera_init_reg_tbl                      0x0800c872   Data         336  camera.o(.constdata)
    ov2640_sxga_init_reg_tbl                 0x0800c9c2   Data         356  camera.o(.constdata)
    ov2640_svga_init_reg_tbl                 0x0800cb26   Data         354  camera.o(.constdata)
    ov2640_jpeg_reg_tbl                      0x0800cc88   Data          14  camera.o(.constdata)
    ov2640_rgb565_reg_tbl                    0x0800cc96   Data          32  camera.o(.constdata)
    ov2640_yuv422_reg_tbl                    0x0800ccb6   Data          24  camera.o(.constdata)
    ov2640_cif_reg_tbl                       0x0800ccce   Data          34  camera.o(.constdata)
    ov2640_cif_init_reg_tbl                  0x0800ccf0   Data         356  camera.o(.constdata)
    FSMC_DefaultTimingStruct                 0x0800ce54   Data          28  stm32f4xx_fsmc.o(.constdata)
    __ctype_table                            0x0800ce70   Data         129  ctype_o.o(.constdata)
    Region$$Table$$Base                      0x0800cef8   Number         0  anon$$obj.o(Region$$Table)
    Region$$Table$$Limit                     0x0800cf18   Number         0  anon$$obj.o(Region$$Table)
    g_servo_lock                             0x20000000   Data           1  main.o(.data)
    g_death_turn_flag                        0x20000001   Data           1  main.o(.data)
    g_key1_flag                              0x20000002   Data           1  main.o(.data)
    g_abase_gpiof                            0x20000004   Data           2  main.o(.data)
    g_param                                  0x20000008   Data           4  main.o(.data)
    GPIO_InitStructure                       0x2000000c   Data           8  configuration.o(.data)
    NVIC_InitStructure                       0x20000014   Data           4  configuration.o(.data)
    EXTI_InitStructure                       0x20000018   Data           8  configuration.o(.data)
    g_lcd_height                             0x20000020   Data           2  tftlcd.o(.data)
    g_lcd_width                              0x20000022   Data           2  tftlcd.o(.data)
    g_lcd_dir                                0x20000024   Data           2  tftlcd.o(.data)
    lcd_id                                   0x20000026   Data           2  tftlcd.o(.data)
    g_ov2640_custom_config                   0x20000028   Data          24  camera.o(.data)
    ov7620_init_tbl                          0x20000040   Data          12  camera.o(.data)
    g_param_list                             0x20000054   Data           4  parameter.o(.data)
    SystemCoreClock                          0x2000030c   Data           4  system_stm32f4xx.o(.data)
    AHBPrescTable                            0x20000310   Data          16  system_stm32f4xx.o(.data)
    __microlib_freelist                      0x20000330   Data           4  mvars.o(.data)
    __microlib_freelist_initialised          0x20000334   Data           4  mvars.o(.data)
    g_pre_centroid_x                         0x2000033c   Data          40  main.o(.bss)
    str_temp                                 0x20000364   Data         100  stm32f4xx_it.o(.bss)
    RCC_ClockFreq                            0x200003c8   Data          16  configuration.o(.bss)
    USART_InitStructure                      0x200003d8   Data          16  configuration.o(.bss)
    DMA_Structure                            0x200003e8   Data          60  configuration.o(.bss)
    TIM1_TimeBaseStructure                   0x20000424   Data          12  configuration.o(.bss)
    TIM1_OCInitStructure                     0x20000430   Data          20  configuration.o(.bss)
    TIM1_ICInitStructure                     0x20000444   Data          10  configuration.o(.bss)
    TIM_TimeBaseStructure                    0x20000450   Data          12  configuration.o(.bss)
    TIM_OCInitStructure                      0x2000045c   Data          20  configuration.o(.bss)
    TIM_ICInitStructure                      0x20000470   Data          10  configuration.o(.bss)
    can_cb_array                             0x200006c4   Data        2048  can.o(.bss)
    __heap_base                              0x20000ec8   Data           0  startup_stm32f40_41xxx.o(HEAP)
    __heap_limit                             0x20010ec8   Data           0  startup_stm32f40_41xxx.o(HEAP)
    __initial_sp                             0x200112c8   Data           0  startup_stm32f40_41xxx.o(STACK)



==============================================================================

Memory Map of the image

  Image Entry point : 0x080053c5

  Load Region LR_1 (Base: 0x08000000, Size: 0x0000d254, Max: 0xffffffff, ABSOLUTE, COMPRESSED[0x0000cfd0])

    Execution Region ER_RO (Base: 0x08000000, Size: 0x0000cf18, Max: 0xffffffff, ABSOLUTE)

    Base Addr    Size         Type   Attr      Idx    E Section Name        Object

    0x08000000   0x00000188   Data   RO          580    RESET               startup_stm32f40_41xxx.o
    0x08000188   0x00000000   Code   RO         1334  * .ARM.Collect$$$$00000000  mc_w.l(entry.o)
    0x08000188   0x00000004   Code   RO         1644    .ARM.Collect$$$$00000001  mc_w.l(entry2.o)
    0x0800018c   0x00000004   Code   RO         1647    .ARM.Collect$$$$00000004  mc_w.l(entry5.o)
    0x08000190   0x00000000   Code   RO         1649    .ARM.Collect$$$$00000008  mc_w.l(entry7b.o)
    0x08000190   0x00000000   Code   RO         1651    .ARM.Collect$$$$0000000A  mc_w.l(entry8b.o)
    0x08000190   0x00000008   Code   RO         1652    .ARM.Collect$$$$0000000B  mc_w.l(entry9a.o)
    0x08000198   0x00000000   Code   RO         1654    .ARM.Collect$$$$0000000D  mc_w.l(entry10a.o)
    0x08000198   0x00000000   Code   RO         1656    .ARM.Collect$$$$0000000F  mc_w.l(entry11a.o)
    0x08000198   0x00000004   Code   RO         1645    .ARM.Collect$$$$00002712  mc_w.l(entry2.o)
    0x0800019c   0x0000063c   Code   RO            3    .text               main.o
    0x080007d8   0x00000130   Code   RO          196    .text               stm32f4xx_it.o
    0x08000908   0x00000ab8   Code   RO          236    .text               configuration.o
    0x080013c0   0x00000260   Code   RO          264    .text               global.o
    0x08001620   0x00000a4a   Code   RO          299    .text               tftlcd.o
    0x0800206a   0x00000002   PAD
    0x0800206c   0x0000021c   Code   RO          346    .text               link_list.o
    0x08002288   0x00000a68   Code   RO          369    .text               camera.o
    0x08002cf0   0x000008c4   Code   RO          401    .text               parameter.o
    0x080035b4   0x000007a0   Code   RO          429    .text               cmd.o
    0x08003d54   0x0000030c   Code   RO          458    .text               cmd_func.o
    0x08004060   0x00000cc4   Code   RO          486    .text               mpu6050.o
    0x08004d24   0x00000318   Code   RO          509    .text               ccd.o
    0x0800503c   0x00000268   Code   RO          531    .text               can.o
    0x080052a4   0x00000120   Code   RO          555    .text               vega.o
    0x080053c4   0x00000024   Code   RO          581  * .text               startup_stm32f40_41xxx.o
    0x080053e8   0x00000210   Code   RO          587    .text               system_stm32f4xx.o
    0x080055f8   0x000000e0   Code   RO          613    .text               misc.o
    0x080056d8   0x00000464   Code   RO          633    .text               stm32f4xx_adc.o
    0x08005b3c   0x000009f0   Code   RO          653    .text               stm32f4xx_can.o
    0x0800652c   0x000003a8   Code   RO          833    .text               stm32f4xx_dma.o
    0x080068d4   0x00000110   Code   RO          876    .text               stm32f4xx_exti.o
    0x080069e4   0x00000694   Code   RO          896    .text               stm32f4xx_flash.o
    0x08007078   0x000005c8   Code   RO          939    .text               stm32f4xx_fsmc.o
    0x08007640   0x00000294   Code   RO          962    .text               stm32f4xx_gpio.o
    0x080078d4   0x00000456   Code   RO         1042    .text               stm32f4xx_i2c.o
    0x08007d2a   0x00000002   PAD
    0x08007d2c   0x0000065c   Code   RO         1125    .text               stm32f4xx_rcc.o
    0x08008388   0x00000480   Code   RO         1230    .text               stm32f4xx_spi.o
    0x08008808   0x00000094   Code   RO         1250    .text               stm32f4xx_syscfg.o
    0x0800889c   0x00000ca2   Code   RO         1270    .text               stm32f4xx_tim.o
    0x0800953e   0x00000002   PAD
    0x08009540   0x00000454   Code   RO         1290    .text               stm32f4xx_usart.o
    0x08009994   0x00000024   Code   RO         1337    .text               mc_w.l(memseta.o)
    0x080099b8   0x0000000e   Code   RO         1339    .text               mc_w.l(strlen.o)
    0x080099c6   0x0000001c   Code   RO         1341    .text               mc_w.l(strcmp.o)
    0x080099e2   0x00000012   Code   RO         1343    .text               mc_w.l(strcpy.o)
    0x080099f4   0x0000001a   Code   RO         1634    .text               mc_w.l(atoi.o)
    0x08009a0e   0x000000e4   Code   RO         1636    .text               mf_w.l(dmul.o)
    0x08009af2   0x00000022   Code   RO         1638    .text               mf_w.l(dflti.o)
    0x08009b14   0x00000026   Code   RO         1640    .text               mf_w.l(f2d.o)
    0x08009b3a   0x00000038   Code   RO         1642    .text               mf_w.l(d2f.o)
    0x08009b72   0x0000002c   Code   RO         1659    .text               mc_w.l(uidiv.o)
    0x08009b9e   0x00000062   Code   RO         1661    .text               mc_w.l(uldiv.o)
    0x08009c00   0x0000009c   Code   RO         1676    .text               mc_w.l(strtod.o)
    0x08009c9c   0x00000070   Code   RO         1678    .text               mc_w.l(strtol.o)
    0x08009d0c   0x00000000   Code   RO         1680    .text               mc_w.l(iusefp.o)
    0x08009d0c   0x0000006e   Code   RO         1681    .text               mf_w.l(fepilogue.o)
    0x08009d7a   0x000000ba   Code   RO         1683    .text               mf_w.l(depilogue.o)
    0x08009e34   0x0000014e   Code   RO         1685    .text               mf_w.l(dadd.o)
    0x08009f82   0x000000de   Code   RO         1687    .text               mf_w.l(ddiv.o)
    0x0800a060   0x00000030   Code   RO         1689    .text               mf_w.l(dfixul.o)
    0x0800a090   0x00000030   Code   RO         1691    .text               mf_w.l(cdrcmple.o)
    0x0800a0c0   0x00000024   Code   RO         1693    .text               mc_w.l(init.o)
    0x0800a0e4   0x0000001e   Code   RO         1695    .text               mc_w.l(llshl.o)
    0x0800a102   0x00000020   Code   RO         1697    .text               mc_w.l(llushr.o)
    0x0800a122   0x00000024   Code   RO         1699    .text               mc_w.l(llsshr.o)
    0x0800a146   0x00000002   PAD
    0x0800a148   0x00000008   Code   RO         1703    .text               mc_w.l(ctype_o.o)
    0x0800a150   0x00000012   Code   RO         1725    .text               mc_w.l(isspace_o.o)
    0x0800a162   0x00000002   PAD
    0x0800a164   0x00000338   Code   RO         1731    .text               mc_w.l(scanf_fp.o)
    0x0800a49c   0x00000040   Code   RO         1735    .text               mc_w.l(_sgetc.o)
    0x0800a4dc   0x0000009e   Code   RO         1737    .text               mc_w.l(_strtoul.o)
    0x0800a57a   0x0000001c   Code   RO         1742    .text               mc_w.l(_chval.o)
    0x0800a596   0x00000018   Code   RO         1744    .text               mf_w.l(dfltul.o)
    0x0800a5ae   0x00000056   Code   RO         1754    .text               mc_w.l(__dczerorl2.o)
    0x0800a604   0x00000028   Code   RO         1580    i.__0sprintf        mc_w.l(printfa.o)
    0x0800a62c   0x00000024   Code   RO         1583    i.__0vsnprintf      mc_w.l(printfa.o)
    0x0800a650   0x00000008   Code   RO         1669    i.__aeabi_errno_addr  mc_w.l(errno.o)
    0x0800a658   0x00000038   Code   RO         1328    i.__hardfp_atof     m_wm.l(atof.o)
    0x0800a690   0x0000000c   Code   RO         1670    i.__read_errno      mc_w.l(errno.o)
    0x0800a69c   0x0000000e   Code   RO         1748    i.__scatterload_copy  mc_w.l(handlers.o)
    0x0800a6aa   0x00000002   Code   RO         1749    i.__scatterload_null  mc_w.l(handlers.o)
    0x0800a6ac   0x0000000e   Code   RO         1750    i.__scatterload_zeroinit  mc_w.l(handlers.o)
    0x0800a6ba   0x00000002   PAD
    0x0800a6bc   0x0000000c   Code   RO         1671    i.__set_errno       mc_w.l(errno.o)
    0x0800a6c8   0x00000164   Code   RO         1585    i._fp_digits        mc_w.l(printfa.o)
    0x0800a82c   0x0000000e   Code   RO         1733    i._is_digit         mc_w.l(scanf_fp.o)
    0x0800a83a   0x00000002   PAD
    0x0800a83c   0x000006dc   Code   RO         1586    i._printf_core      mc_w.l(printfa.o)
    0x0800af18   0x00000024   Code   RO         1587    i._printf_post_padding  mc_w.l(printfa.o)
    0x0800af3c   0x0000002e   Code   RO         1588    i._printf_pre_padding  mc_w.l(printfa.o)
    0x0800af6a   0x00000016   Code   RO         1589    i._snputc           mc_w.l(printfa.o)
    0x0800af80   0x0000000a   Code   RO         1590    i._sputc            mc_w.l(printfa.o)
    0x0800af8a   0x00000002   PAD
    0x0800af8c   0x00000050   Code   RO         1606    i.free              mc_w.l(malloc.o)
    0x0800afdc   0x0000006c   Code   RO         1607    i.malloc            mc_w.l(malloc.o)
    0x0800b048   0x000017c0   Data   RO          300    .constdata          tftlcd.o
    0x0800c808   0x0000064c   Data   RO          371    .constdata          camera.o
    0x0800ce54   0x0000001c   Data   RO          940    .constdata          stm32f4xx_fsmc.o
    0x0800ce70   0x00000081   Data   RO         1704    .constdata          mc_w.l(ctype_o.o)
    0x0800cef1   0x00000003   PAD
    0x0800cef4   0x00000004   Data   RO         1705    .constdata          mc_w.l(ctype_o.o)
    0x0800cef8   0x00000020   Data   RO         1746    Region$$Table       anon$$obj.o


    Execution Region ER_RW (Base: 0x20000000, Size: 0x0000033c, Max: 0xffffffff, ABSOLUTE, COMPRESSED[0x000000b8])

    Base Addr    Size         Type   Attr      Idx    E Section Name        Object

    0x20000000   0x0000000c   Data   RW            5    .data               main.o
    0x2000000c   0x00000014   Data   RW          238    .data               configuration.o
    0x20000020   0x00000008   Data   RW          301    .data               tftlcd.o
    0x20000028   0x00000028   Data   RW          372    .data               camera.o
    0x20000050   0x0000000c   Data   RW          403    .data               parameter.o
    0x2000005c   0x00000260   Data   RW          431    .data               cmd.o
    0x200002bc   0x00000040   Data   RW          488    .data               mpu6050.o
    0x200002fc   0x00000004   Data   RW          510    .data               ccd.o
    0x20000300   0x0000000c   Data   RW          556    .data               vega.o
    0x2000030c   0x00000014   Data   RW          588    .data               system_stm32f4xx.o
    0x20000320   0x00000010   Data   RW         1126    .data               stm32f4xx_rcc.o
    0x20000330   0x00000004   Data   RW         1667    .data               mc_w.l(mvars.o)
    0x20000334   0x00000004   Data   RW         1668    .data               mc_w.l(mvars.o)
    0x20000338   0x00000004   Data   RW         1672    .data               mc_w.l(errno.o)


    Execution Region ER_ZI (Base: 0x2000033c, Size: 0x00010f8c, Max: 0xffffffff, ABSOLUTE)

    Base Addr    Size         Type   Attr      Idx    E Section Name        Object

    0x2000033c   0x00000028   Zero   RW            4    .bss                main.o
    0x20000364   0x00000064   Zero   RW          197    .bss                stm32f4xx_it.o
    0x200003c8   0x000000b2   Zero   RW          237    .bss                configuration.o
    0x2000047a   0x00000080   Zero   RW          370    .bss                camera.o
    0x200004fa   0x00000002   PAD
    0x200004fc   0x000000e0   Zero   RW          402    .bss                parameter.o
    0x200005dc   0x000000b8   Zero   RW          430    .bss                cmd.o
    0x20000694   0x0000001c   Zero   RW          487    .bss                mpu6050.o
    0x200006b0   0x00000814   Zero   RW          532    .bss                can.o
    0x20000ec4   0x00000004   PAD
    0x20000ec8   0x00010000   Zero   RW          579    HEAP                startup_stm32f40_41xxx.o
    0x20010ec8   0x00000400   Zero   RW          578    STACK               startup_stm32f40_41xxx.o


==============================================================================

Image component sizes


      Code (inc. data)   RO Data    RW Data    ZI Data      Debug   Object Name

      2664        198       1612         40        128       9972   camera.o
       616         20          0          0       2068       2951   can.o
       792         30          0          4          0       3294   ccd.o
      1952        218          0        608        184       4145   cmd.o
       780        208          0          0          0      29130   cmd_func.o
      2744        106          0         20        178       5250   configuration.o
       608         18          0          0          0       4438   global.o
       540         18          0          0          0       3865   link_list.o
      1596        322          0         12         40     361484   main.o
       224         20          0          0          0       1945   misc.o
      3268        236          0         64         28       6564   mpu6050.o
      2244        250          0         12        224       6327   parameter.o
        36          8        392          0      66560        796   startup_stm32f40_41xxx.o
      1124         24          0          0          0      10618   stm32f4xx_adc.o
      2544         38          0          0          0       8092   stm32f4xx_can.o
       936         32          0          0          0       6417   stm32f4xx_dma.o
       272         10          0          0          0       2391   stm32f4xx_exti.o
      1684         28          0          0          0       9278   stm32f4xx_flash.o
      1480         18         28          0          0       5754   stm32f4xx_fsmc.o
       660         44          0          0          0       4217   stm32f4xx_gpio.o
      1110         26          0          0          0       8671   stm32f4xx_i2c.o
       304         38          0          0        100       2854   stm32f4xx_it.o
      1628         52          0         16          0      13020   stm32f4xx_rcc.o
      1152         36          0          0          0       6969   stm32f4xx_spi.o
       148         12          0          0          0       1893   stm32f4xx_syscfg.o
      3234         60          0          0          0      22420   stm32f4xx_tim.o
      1108         34          0          0          0       7920   stm32f4xx_usart.o
       528         46          0         20          0       1835   system_stm32f4xx.o
      2634         48       6080          8          0       5803   tftlcd.o
       288         14          0         12          0       2325   vega.o

    ----------------------------------------------------------------------
     38904       2212       8144        816      69516     560638   Object Totals
         0          0         32          0          0          0   (incl. Generated)
         6          0          0          0          6          0   (incl. Padding)

    ----------------------------------------------------------------------

      Code (inc. data)   RO Data    RW Data    ZI Data      Debug   Library Member Name

        56         12          0          0          0        132   atof.o
        86          0          0          0          0          0   __dczerorl2.o
        28          0          0          0          0         68   _chval.o
        64          0          0          0          0         84   _sgetc.o
       158          0          0          0          0         92   _strtoul.o
        26          0          0          0          0         80   atoi.o
         8          4        133          0          0         68   ctype_o.o
         0          0          0          0          0          0   entry.o
         0          0          0          0          0          0   entry10a.o
         0          0          0          0          0          0   entry11a.o
         8          4          0          0          0          0   entry2.o
         4          0          0          0          0          0   entry5.o
         0          0          0          0          0          0   entry7b.o
         0          0          0          0          0          0   entry8b.o
         8          4          0          0          0          0   entry9a.o
        32         16          0          4          0        204   errno.o
        30          0          0          0          0          0   handlers.o
        36          8          0          0          0         68   init.o
        18          0          0          0          0         76   isspace_o.o
         0          0          0          0          0          0   iusefp.o
        30          0          0          0          0         68   llshl.o
        36          0          0          0          0         68   llsshr.o
        32          0          0          0          0         68   llushr.o
       188         20          0          0          0        160   malloc.o
        36          0          0          0          0        108   memseta.o
         0          0          0          8          0          0   mvars.o
      2302         90          0          0          0        660   printfa.o
       838         12          0          0          0        216   scanf_fp.o
        28          0          0          0          0         76   strcmp.o
        18          0          0          0          0         68   strcpy.o
        14          0          0          0          0         68   strlen.o
       156         14          0          0          0        120   strtod.o
       112          0          0          0          0         88   strtol.o
        44          0          0          0          0         80   uidiv.o
        98          0          0          0          0         92   uldiv.o
        48          0          0          0          0         68   cdrcmple.o
        56          0          0          0          0         88   d2f.o
       334          0          0          0          0        148   dadd.o
       222          0          0          0          0        100   ddiv.o
       186          0          0          0          0        176   depilogue.o
        48          0          0          0          0         68   dfixul.o
        34          0          0          0          0         76   dflti.o
        24          0          0          0          0         76   dfltul.o
       228          0          0          0          0         96   dmul.o
        38          0          0          0          0         68   f2d.o
       110          0          0          0          0        168   fepilogue.o

    ----------------------------------------------------------------------
      5832        184        136         12          0       3944   Library Totals
        10          0          3          0          0          0   (incl. Padding)

    ----------------------------------------------------------------------

      Code (inc. data)   RO Data    RW Data    ZI Data      Debug   Library Name

        56         12          0          0          0        132   m_wm.l
      4438        172        133         12          0       2680   mc_w.l
      1328          0          0          0          0       1132   mf_w.l

    ----------------------------------------------------------------------
      5832        184        136         12          0       3944   Library Totals

    ----------------------------------------------------------------------

==============================================================================


      Code (inc. data)   RO Data    RW Data    ZI Data      Debug   

     44736       2396       8280        828      69516     554886   Grand Totals
     44736       2396       8280        184      69516     554886   ELF Image Totals (compressed)
     44736       2396       8280        184          0          0   ROM Totals

==============================================================================

    Total RO  Size (Code + RO Data)                53016 (  51.77kB)
    Total RW  Size (RW Data + ZI Data)             70344 (  68.70kB)
    Total ROM Size (Code + RO Data + RW Data)      53200 (  51.95kB)

==============================================================================

