ARM Linker, 5.03 [Build 76] [MDK-ARM Standard]

==============================================================================

Section Cross References

    main.o(.text) refers to configuration.o(.text) for rcc_configuration
    main.o(.text) refers to global.o(.text) for uprintf
    main.o(.text) refers to cmd.o(.text) for cmd_init
    main.o(.text) refers to tftlcd.o(.text) for lcd_init
    main.o(.text) refers to parameter.o(.text) for param_init
    main.o(.text) refers to ccd.o(.text) for ccd_init
    main.o(.text) refers to can.o(.text) for can_init
    main.o(.text) refers to vega.o(.text) for vega_init
    main.o(.text) refers to dflti.o(.text) for __aeabi_i2d
    main.o(.text) refers to dmul.o(.text) for __aeabi_dmul
    main.o(.text) refers to d2f.o(.text) for __aeabi_d2f
    main.o(.text) refers to f2d.o(.text) for __aeabi_f2d
    main.o(.text) refers to printfa.o(i.__0sprintf) for __2sprintf
    main.o(.text) refers to stm32f4xx_gpio.o(.text) for GPIO_ReadInputDataBit
    main.o(.text) refers to main.o(.data) for g_abase_gpiof
    stm32f4xx_it.o(.text) refers to stm32f4xx_exti.o(.text) for EXTI_GetITStatus
    stm32f4xx_it.o(.text) refers to stm32f4xx_gpio.o(.text) for GPIO_ReadInputDataBit
    stm32f4xx_it.o(.text) refers to global.o(.text) for exti_color_disable
    stm32f4xx_it.o(.text) refers to printfa.o(i.__0sprintf) for __2sprintf
    stm32f4xx_it.o(.text) refers to tftlcd.o(.text) for lcd_show_string
    stm32f4xx_it.o(.text) refers to stm32f4xx_tim.o(.text) for TIM_GetITStatus
    stm32f4xx_it.o(.text) refers to main.o(.data) for g_death_turn_flag
    stm32f4xx_it.o(.text) refers to main.o(.bss) for g_pre_centroid_x
    stm32f4xx_it.o(.text) refers to stm32f4xx_it.o(.bss) for str_temp
    configuration.o(.text) refers to stm32f4xx_rcc.o(.text) for RCC_DeInit
    configuration.o(.text) refers to stm32f4xx_flash.o(.text) for FLASH_SetLatency
    configuration.o(.text) refers to stm32f4xx_gpio.o(.text) for GPIO_Init
    configuration.o(.text) refers to stm32f4xx_syscfg.o(.text) for SYSCFG_EXTILineConfig
    configuration.o(.text) refers to configuration.o(.data) for GPIO_InitStructure
    configuration.o(.text) refers to stm32f4xx_exti.o(.text) for EXTI_Init
    configuration.o(.text) refers to stm32f4xx_tim.o(.text) for TIM_DeInit
    configuration.o(.text) refers to stm32f4xx_usart.o(.text) for USART_Init
    configuration.o(.text) refers to misc.o(.text) for NVIC_PriorityGroupConfig
    configuration.o(.text) refers to configuration.o(.bss) for TIM_TimeBaseStructure
    configuration.o(.text) refers to stm32f4xx_spi.o(.text) for SPI_Init
    configuration.o(.text) refers to stm32f4xx_i2c.o(.text) for I2C_DeInit
    configuration.o(.text) refers to stm32f4xx_fsmc.o(.text) for FSMC_NORSRAMInit
    global.o(.text) refers to stm32f4xx_usart.o(.text) for USART_GetFlagStatus
    global.o(.text) refers to printfa.o(i.__0vsnprintf) for vsnprintf
    global.o(.text) refers to stm32f4xx_rcc.o(.text) for RCC_APB1PeriphClockCmd
    global.o(.text) refers to stm32f4xx_tim.o(.text) for TIM_TimeBaseInit
    global.o(.text) refers to misc.o(.text) for NVIC_PriorityGroupConfig
    tftlcd.o(.text) refers to tftlcd.o(.data) for lcd_id
    tftlcd.o(.text) refers to global.o(.text) for delay_ms
    tftlcd.o(.text) refers to stm32f4xx_gpio.o(.text) for GPIO_SetBits
    tftlcd.o(.text) refers to tftlcd.o(.constdata) for asc2_1206
    tracking.o(.text) refers to malloc.o(i.malloc) for malloc
    tracking.o(.text) refers to malloc.o(i.free) for free
    link_list.o(.text) refers to malloc.o(i.malloc) for malloc
    link_list.o(.text) refers to malloc.o(i.free) for free
    link_list.o(.text) refers to strcmp.o(.text) for strcmp
    link_list.o(.text) refers to strcpy.o(.text) for strcpy
    link_list.o(.text) refers to f2d.o(.text) for __aeabi_f2d
    link_list.o(.text) refers to global.o(.text) for uprintf
    camera.o(.text) refers to malloc.o(i.malloc) for malloc
    camera.o(.text) refers to stm32f4xx_i2c.o(.text) for I2C_GenerateSTART
    camera.o(.text) refers to stm32f4xx_rcc.o(.text) for RCC_AHB1PeriphClockCmd
    camera.o(.text) refers to stm32f4xx_gpio.o(.text) for GPIO_Init
    camera.o(.text) refers to stm32f4xx_tim.o(.text) for TIM_TimeBaseInit
    camera.o(.text) refers to stm32f4xx_syscfg.o(.text) for SYSCFG_EXTILineConfig
    camera.o(.text) refers to stm32f4xx_exti.o(.text) for EXTI_Init
    camera.o(.text) refers to misc.o(.text) for NVIC_PriorityGroupConfig
    camera.o(.text) refers to stm32f4xx_dma.o(.text) for DMA_DeInit
    camera.o(.text) refers to camera.o(.constdata) for ov7725_init_tbl
    camera.o(.text) refers to camera.o(.data) for p_dma_image
    camera.o(.text) refers to printfa.o(i.__0sprintf) for __2sprintf
    camera.o(.text) refers to tftlcd.o(.text) for lcd_show_string
    camera.o(.text) refers to global.o(.text) for uprintf
    camera.o(.text) refers to camera.o(.bss) for g_str_temp
    parameter.o(.text) refers to link_list.o(.text) for list_search
[...]
    _printf_truncate_unsigned                0x00000000   Number         0  stubs.o ABSOLUTE
    _printf_u                                0x00000000   Number         0  stubs.o ABSOLUTE
    _printf_wc                               0x00000000   Number         0  stubs.o ABSOLUTE
    _printf_wctomb                           0x00000000   Number         0  stubs.o ABSOLUTE
    _printf_widthprec                        0x00000000   Number         0  stubs.o ABSOLUTE
    _printf_x                                0x00000000   Number         0  stubs.o ABSOLUTE
    __cpp_initialize__aeabi_                  - Undefined Weak Reference
    __cxa_finalize                            - Undefined Weak Reference
    _clock_init                               - Undefined Weak Reference
    _microlib_exit                            - Undefined Weak Reference
    __Vectors_Size                           0x00000188   Number         0  startup_stm32f40_41xxx.o ABSOLUTE
    __Vectors                                0x08000000   Data           4  startup_stm32f40_41xxx.o(RESET)
    __Vectors_End                            0x08000188   Data           0  startup_stm32f40_41xxx.o(RESET)
    __main                                   0x08000189   Thumb Code     0  entry.o(.ARM.Collect$$$$00000000)
    _main_stk                                0x08000189   Thumb Code     0  entry2.o(.ARM.Collect$$$$00000001)
    _main_scatterload                        0x0800018d   Thumb Code     0  entry5.o(.ARM.Collect$$$$00000004)
    __main_after_scatterload                 0x08000191   Thumb Code     0  entry5.o(.ARM.Collect$$$$00000004)
    _main_clock                              0x08000191   Thumb Code     0  entry7b.o(.ARM.Collect$$$$00000008)
    _main_cpp_init                           0x08000191   Thumb Code     0  entry8b.o(.ARM.Collect$$$$0000000A)
    _main_init                               0x08000191   Thumb Code     0  entry9a.o(.ARM.Collect$$$$0000000B)
    __rt_final_cpp                           0x08000199   Thumb Code     0  entry10a.o(.ARM.Collect$$$$0000000D)
    __rt_final_exit                          0x08000199   Thumb Code     0  entry11a.o(.ARM.Collect$$$$0000000F)
    can_rcv_cb                               0x0800019d   Thumb Code    18  main.o(.text)
    main                                     0x080001af   Thumb Code  1590  main.o(.text)
    servo_lock                               0x080007e5   Thumb Code     6  main.o(.text)
    NMI_Handler                              0x08000835   Thumb Code     2  stm32f4xx_it.o(.text)
    HardFault_Handler                        0x08000837   Thumb Code     4  stm32f4xx_it.o(.text)
    MemManage_Handler                        0x0800083b   Thumb Code     4  stm32f4xx_it.o(.text)
    BusFault_Handler                         0x0800083f   Thumb Code     4  stm32f4xx_it.o(.text)
    UsageFault_Handler                       0x08000843   Thumb Code     4  stm32f4xx_it.o(.text)
    SVC_Handler                              0x08000847   Thumb Code     2  stm32f4xx_it.o(.text)
    DebugMon_Handler                         0x08000849   Thumb Code     2  stm32f4xx_it.o(.text)
    PendSV_Handler                           0x0800084b   Thumb Code     2  stm32f4xx_it.o(.text)
    EXTI1_IRQHandler                         0x0800084d   Thumb Code    38  stm32f4xx_it.o(.text)
    EXTI9_5_IRQHandler                       0x08000873   Thumb Code   136  stm32f4xx_it.o(.text)
    EXTI15_10_IRQHandler                     0x080008fb   Thumb Code    46  stm32f4xx_it.o(.text)
    TIM2_IRQHandler                          0x08000929   Thumb Code    22  stm32f4xx_it.o(.text)
    system_clk_set                           0x08000965   Thumb Code   126  configuration.o(.text)
    rcc_configuration                        0x080009e3   Thumb Code   232  configuration.o(.text)
    GPIO_Configuration                       0x08000acb   Thumb Code    42  configuration.o(.text)
    gpio_config                              0x08000af5   Thumb Code  1010  configuration.o(.text)
    exti_config                              0x08000ee7   Thumb Code   120  configuration.o(.text)
    TIM2_Configuration                       0x08000f5f   Thumb Code    80  configuration.o(.text)
    tim3_config                              0x08000faf   Thumb Code   108  configuration.o(.text)
    tim4_config                              0x0800101b   Thumb Code   114  configuration.o(.text)
    tim1_config                              0x0800108d   Thumb Code    86  configuration.o(.text)
    USART_Configuration                      0x080010e3   Thumb Code   200  configuration.o(.text)
    NVIC_Configuration                       0x080011ab   Thumb Code   344  configuration.o(.text)
    SPI_Configuration                        0x08001303   Thumb Code    80  configuration.o(.text)
    iic_configuration                        0x08001353   Thumb Code    68  configuration.o(.text)
    fsmc_config                              0x08001397   Thumb Code   120  configuration.o(.text)
    fputc                                    0x0800141d   Thumb Code    32  global.o(.text)
    fgetc                                    0x0800143d   Thumb Code    32  global.o(.text)
    uprintf                                  0x0800145d   Thumb Code   138  global.o(.text)
    delay_us                                 0x080014e7   Thumb Code   116  global.o(.text)
    delay_ms                                 0x0800155b   Thumb Code   118  global.o(.text)
    tim3_pwm_set                             0x080015d1   Thumb Code    76  global.o(.text)
    exti_color_disable                       0x0800161d   Thumb Code    38  global.o(.text)
    exti_color_enable                        0x08001643   Thumb Code    40  global.o(.text)
    lcd_reg_read                             0x0800167d   Thumb Code    16  tftlcd.o(.text)
    lcd_reg_write                            0x0800168d   Thumb Code    14  tftlcd.o(.text)
    lcd_wr_reg                               0x0800169b   Thumb Code    18  tftlcd.o(.text)
    lcd_wr_data                              0x080016ad   Thumb Code    18  tftlcd.o(.text)
    lcd_rd_data                              0x080016bf   Thumb Code    14  tftlcd.o(.text)
    lcd_ram_write                            0x080016cd   Thumb Code     6  tftlcd.o(.text)
    lcd_ram_write_prepare                    0x080016d3   Thumb Code    40  tftlcd.o(.text)
    lcd_set_cursor                           0x080016fb   Thumb Code    86  tftlcd.o(.text)
    lcd_clear                                0x08001751   Thumb Code    36  tftlcd.o(.text)
    lcd_init                                 0x08001775   Thumb Code  1874  tftlcd.o(.text)
    lcd_draw_point                           0x08001ec7   Thumb Code    54  tftlcd.o(.text)
    lcd_draw_line                            0x08001efd   Thumb Code    50  tftlcd.o(.text)
    lcd_show_char                            0x08001f2f   Thumb Code   264  tftlcd.o(.text)
    lcd_show_string                          0x08002037   Thumb Code   134  tftlcd.o(.text)
    list_init                                0x080020bd   Thumb Code    30  link_list.o(.text)
    list_clear                               0x080020db   Thumb Code    32  link_list.o(.text)
    list_get_length                          0x080020fb   Thumb Code    20  link_list.o(.text)
    list_isempty                             0x0800210f   Thumb Code    16  link_list.o(.text)
    list_search                              0x0800211f   Thumb Code    32  link_list.o(.text)
    list_locate                              0x0800213f   Thumb Code    34  link_list.o(.text)
    list_insert                              0x08002161   Thumb Code    98  link_list.o(.text)
    list_remove                              0x080021c3   Thumb Code    62  link_list.o(.text)
    list_copy                                0x08002201   Thumb Code   102  link_list.o(.text)
    list_print                               0x08002267   Thumb Code   104  link_list.o(.text)
    camera_create_image                      0x080022e1   Thumb Code   104  camera.o(.text)
    camera_reg_write                         0x08002349   Thumb Code   252  camera.o(.text)
    camera_init                              0x08002445   Thumb Code   660  camera.o(.text)
    camera_stop                              0x080026d9   Thumb Code    14  camera.o(.text)
    camera_start                             0x080026e7   Thumb Code   126  camera.o(.text)
    camera_reg_read                          0x08002765   Thumb Code   330  camera.o(.text)
    camera_config                            0x080028af   Thumb Code    66  camera.o(.text)
    ov2640_outsize_set                       0x080028f1   Thumb Code   136  camera.o(.text)
    ov2640_window_set                        0x08002979   Thumb Code   184  camera.o(.text)
    ov2640_imagewin_set                      0x08002a31   Thumb Code   188  camera.o(.text)
    ov2640_imagesize_set                     0x08002aed   Thumb Code    80  camera.o(.text)
    EXTI3_IRQHandler                         0x08002b3d   Thumb Code   164  camera.o(.text)
    TIM1_UP_TIM10_IRQHandler                 0x08002be1   Thumb Code    72  camera.o(.text)
    DMA2_Stream1_IRQHandler                  0x08002c29   Thumb Code   154  camera.o(.text)
    param_update_all                         0x08002d49   Thumb Code  1464  parameter.o(.text)
    param_switch                             0x08003301   Thumb Code    98  parameter.o(.text)
    param_list_reset                         0x08003363   Thumb Code    34  parameter.o(.text)
    param_ld_from_flash                      0x08003385   Thumb Code   132  parameter.o(.text)
    param_init                               0x08003409   Thumb Code    54  parameter.o(.text)
    get_param_struct                         0x0800343f   Thumb Code     8  parameter.o(.text)
    get_param_list                           0x08003447   Thumb Code     6  parameter.o(.text)
    param_group_now                          0x0800344d   Thumb Code     6  parameter.o(.text)
    param_print                              0x08003453   Thumb Code    26  parameter.o(.text)
    param_set                                0x0800346d   Thumb Code    88  parameter.o(.text)
    param_save_to_flash                      0x080034c5   Thumb Code   248  parameter.o(.text)
    cmd_init                                 0x08003693   Thumb Code    56  cmd.o(.text)
    cmd_parse                                0x080036cb   Thumb Code   138  cmd.o(.text)
    cmd_exec                                 0x08003755   Thumb Code    92  cmd.o(.text)
    UART5_IRQHandler                         0x080037b1   Thumb Code  1364  cmd.o(.text)
    cmd_help_func                            0x08003d05   Thumb Code    78  cmd.o(.text)
    cmd_param_func                           0x08003da9   Thumb Code   314  cmd_func.o(.text)
    cmd_reboot_func                          0x08003ee3   Thumb Code    34  cmd_func.o(.text)
    cmd_sensor_func                          0x08003f05   Thumb Code    40  cmd_func.o(.text)
    cmd_pwm_func                             0x08003f2d   Thumb Code   108  cmd_func.o(.text)
    cmd_gyro_func                            0x08003f99   Thumb Code    56  cmd_func.o(.text)
    cmd_hello_func                           0x08003fd1   Thumb Code    28  cmd_func.o(.text)
    mpu6050_reg_write                        0x080040bd   Thumb Code   256  mpu6050.o(.text)
    mpu6050_init                             0x080041bd   Thumb Code   716  mpu6050.o(.text)
    mpu6050_fast_init                        0x08004489   Thumb Code   100  mpu6050.o(.text)
    mpu6050_reg_read                         0x080044ed   Thumb Code   344  mpu6050.o(.text)
    mpu6050_read_start                       0x08004645   Thumb Code   346  mpu6050.o(.text)
    mpu6050_cycleread_start                  0x0800479f   Thumb Code    24  mpu6050.o(.text)
    mpu6050_cycleread_stop                   0x080047b7   Thumb Code    22  mpu6050.o(.text)
    mpu6050_gyro_reset                       0x080047cd   Thumb Code    44  mpu6050.o(.text)
    mpu6050_set_gyro_adj                     0x080047f9   Thumb Code    12  mpu6050.o(.text)
    mpu6050_get_gyro_adj                     0x08004805   Thumb Code    12  mpu6050.o(.text)
    mpu6050_gyro_adj_status                  0x08004811   Thumb Code     6  mpu6050.o(.text)
    mpu6050_gyro_adj                         0x08004817   Thumb Code    68  mpu6050.o(.text)
    DMA1_Stream5_IRQHandler                  0x0800485b   Thumb Code  1400  mpu6050.o(.text)
    ccd_nvic_config                          0x08004ded   Thumb Code    40  ccd.o(.text)
    ccd_tim5_config                          0x08004e15   Thumb Code   116  ccd.o(.text)
    ccd_adc_config                           0x08004e89   Thumb Code   104  ccd.o(.text)
    ccd_dma_config                           0x08004ef1   Thumb Code   114  ccd.o(.text)
    ccd_gpio_config                          0x08004f63   Thumb Code    84  ccd.o(.text)
    ccd_rcc_config                           0x08004fb7   Thumb Code    44  ccd.o(.text)
    ccd_init                                 0x08004fe3   Thumb Code    48  ccd.o(.text)
    ccd_read_start                           0x08005013   Thumb Code    88  ccd.o(.text)
    ccd_start                                0x0800506b   Thumb Code    16  ccd.o(.text)
    ccd_stop                                 0x0800507b   Thumb Code    12  ccd.o(.text)
    DMA2_Stream0_IRQHandler                  0x08005087   Thumb Code    94  ccd.o(.text)
    can_nvic_config                          0x08005101   Thumb Code    30  can.o(.text)
    can_gpio_config                          0x0800511f   Thumb Code    62  can.o(.text)
    can_rcc_config                           0x0800515d   Thumb Code    20  can.o(.text)
    can_init                                 0x08005171   Thumb Code   284  can.o(.text)
    can_add_callback                         0x0800528d   Thumb Code    30  can.o(.text)
    can_send_msg                             0x080052ab   Thumb Code   110  can.o(.text)
    CAN1_RX0_IRQHandler                      0x08005319   Thumb Code    62  can.o(.text)
    vega_msg_rcv_callback                    0x08005379   Thumb Code   114  vega.o(.text)
    vega_init                                0x080053eb   Thumb Code    34  vega.o(.text)
    vega_set_angle                           0x0800540d   Thumb Code    34  vega.o(.text)
    vega_set_pos                             0x0800542f   Thumb Code    66  vega.o(.text)
    vega_reset                               0x08005471   Thumb Code    26  vega.o(.text)
    Reset_Handler                            0x08005499   Thumb Code     8  startup_stm32f40_41xxx.o(.text)
    SysTick_Handler                          0x080054b1   Thumb Code     2  startup_stm32f40_41xxx.o(.text)
    ADC_IRQHandler                           0x080054b3   Thumb Code     0  startup_stm32f40_41xxx.o(.text)
    CAN1_RX1_IRQHandler                      0x080054b3   Thumb Code     0  startup_stm32f40_41xxx.o(.text)
    CAN1_SCE_IRQHandler                      0x080054b3   Thumb Code     0  startup_stm32f40_41xxx.o(.text)
    CAN1_TX_IRQHandler                       0x080054b3   Thumb Code     0  startup_stm32f40_41xxx.o(.text)
    CAN2_RX0_IRQHandler                      0x080054b3   Thumb Code     0  startup_stm32f40_41xxx.o(.text)
    CAN2_RX1_IRQHandler                      0x080054b3   Thumb Code     0  startup_stm32f40_41xxx.o(.text)
    CAN2_SCE_IRQHandler                      0x080054b3   Thumb Code     0  startup_stm32f40_41xxx.o(.text)
    CAN2_TX_IRQHandler                       0x080054b3   Thumb Code     0  startup_stm32f40_41xxx.o(.text)
    CRYP_IRQHandler                          0x080054b3   Thumb Code     0  startup_stm32f40_41xxx.o(.text)
    DCMI_IRQHandler                          0x080054b3   Thumb Code     0  startup_stm32f40_41xxx.o(.text)
    DMA1_Stream0_IRQHandler                  0x080054b3   Thumb Code     0  startup_stm32f40_41xxx.o(.text)
    DMA1_Stream1_IRQHandler                  0x080054b3   Thumb Code     0  startup_stm32f40_41xxx.o(.text)
    DMA1_Stream2_IRQHandler                  0x080054b3   Thumb Code     0  startup_stm32f40_41xxx.o(.text)
    DMA1_Stream3_IRQHandler                  0x080054b3   Thumb Code     0  startup_stm32f40_41xxx.o(.text)
    DMA1_Stream4_IRQHandler                  0x080054b3   Thumb Code     0  startup_stm32f40_41xxx.o(.text)
    DMA1_Stream6_IRQHandler                  0x080054b3   Thumb Code     0  startup_stm32f40_41xxx.o(.text)
    DMA1_Stream7_IRQHandler                  0x080054b3   Thumb Code     0  startup_stm32f40_41xxx.o(.text)
    DMA2_Stream2_IRQHandler                  0x080054b3   Thumb Code     0  startup_stm32f40_41xxx.o(.text)
    DMA2_Stream3_IRQHandler                  0x080054b3   Thumb Code     0  startup_stm32f40_41xxx.o(.text)
    DMA2_Stream4_IRQHandler                  0x080054b3   Thumb Code     0  startup_stm32f40_41xxx.o(.text)
    DMA2_Stream5_IRQHandler                  0x080054b3   Thumb Code     0  startup_stm32f40_41xxx.o(.text)
    DMA2_Stream6_IRQHandler                  0x080054b3   Thumb Code     0  startup_stm32f40_41xxx.o(.text)
    DMA2_Stream7_IRQHandler                  0x080054b3   Thumb Code     0  startup_stm32f40_41xxx.o(.text)
    ETH_IRQHandler                           0x080054b3   Thumb Code     0  startup_stm32f40_41xxx.o(.text)
    ETH_WKUP_IRQHandler                      0x080054b3   Thumb Code     0  startup_stm32f40_41xxx.o(.text)
    EXTI0_IRQHandler                         0x080054b3   Thumb Code     0  startup_stm32f40_41xxx.o(.text)
    EXTI2_IRQHandler                         0x080054b3   Thumb Code     0  startup_stm32f40_41xxx.o(.text)
    EXTI4_IRQHandler                         0x080054b3   Thumb Code     0  startup_stm32f40_41xxx.o(.text)
    FLASH_IRQHandler                         0x080054b3   Thumb Code     0  startup_stm32f40_41xxx.o(.text)
    FPU_IRQHandler                           0x080054b3   Thumb Code     0  startup_stm32f40_41xxx.o(.text)
    FSMC_IRQHandler                          0x080054b3   Thumb Code     0  startup_stm32f40_41xxx.o(.text)
    HASH_RNG_IRQHandler                      0x080054b3   Thumb Code     0  startup_stm32f40_41xxx.o(.text)
    I2C1_ER_IRQHandler                       0x080054b3   Thumb Code     0  startup_stm32f40_41xxx.o(.text)
    I2C1_EV_IRQHandler                       0x080054b3   Thumb Code     0  startup_stm32f40_41xxx.o(.text)
    I2C2_ER_IRQHandler                       0x080054b3   Thumb Code     0  startup_stm32f40_41xxx.o(.text)
    I2C2_EV_IRQHandler                       0x080054b3   Thumb Code     0  startup_stm32f40_41xxx.o(.text)
    I2C3_ER_IRQHandler                       0x080054b3   Thumb Code     0  startup_stm32f40_41xxx.o(.text)
    I2C3_EV_IRQHandler                       0x080054b3   Thumb Code     0  startup_stm32f40_41xxx.o(.text)
    OTG_FS_IRQHandler                        0x080054b3   Thumb Code     0  startup_stm32f40_41xxx.o(.text)
    OTG_FS_WKUP_IRQHandler                   0x080054b3   Thumb Code     0  startup_stm32f40_41xxx.o(.text)
    OTG_HS_EP1_IN_IRQHandler                 0x080054b3   Thumb Code     0  startup_stm32f40_41xxx.o(.text)
    OTG_HS_EP1_OUT_IRQHandler                0x080054b3   Thumb Code     0  startup_stm32f40_41xxx.o(.text)
    OTG_HS_IRQHandler                        0x080054b3   Thumb Code     0  startup_stm32f40_41xxx.o(.text)
    OTG_HS_WKUP_IRQHandler                   0x080054b3   Thumb Code     0  startup_stm32f40_41xxx.o(.text)
    PVD_IRQHandler                           0x080054b3   Thumb Code     0  startup_stm32f40_41xxx.o(.text)
    RCC_IRQHandler                           0x080054b3   Thumb Code     0  startup_stm32f40_41xxx.o(.text)
    RTC_Alarm_IRQHandler                     0x080054b3   Thumb Code     0  startup_stm32f40_41xxx.o(.text)
    RTC_WKUP_IRQHandler                      0x080054b3   Thumb Code     0  startup_stm32f40_41xxx.o(.text)
    SDIO_IRQHandler                          0x080054b3   Thumb Code     0  startup_stm32f40_41xxx.o(.text)
    SPI1_IRQHandler                          0x080054b3   Thumb Code     0  startup_stm32f40_41xxx.o(.text)
    SPI2_IRQHandler                          0x080054b3   Thumb Code     0  startup_stm32f40_41xxx.o(.text)
    SPI3_IRQHandler                          0x080054b3   Thumb Code     0  startup_stm32f40_41xxx.o(.text)
    TAMP_STAMP_IRQHandler                    0x080054b3   Thumb Code     0  startup_stm32f40_41xxx.o(.text)
    TIM1_BRK_TIM9_IRQHandler                 0x080054b3   Thumb Code     0  startup_stm32f40_41xxx.o(.text)
    TIM1_CC_IRQHandler                       0x080054b3   Thumb Code     0  startup_stm32f40_41xxx.o(.text)
    TIM1_TRG_COM_TIM11_IRQHandler            0x080054b3   Thumb Code     0  startup_stm32f40_41xxx.o(.text)
    TIM3_IRQHandler                          0x080054b3   Thumb Code     0  startup_stm32f40_41xxx.o(.text)
    TIM4_IRQHandler                          0x080054b3   Thumb Code     0  startup_stm32f40_41xxx.o(.text)
    TIM5_IRQHandler                          0x080054b3   Thumb Code     0  startup_stm32f40_41xxx.o(.text)
    TIM6_DAC_IRQHandler                      0x080054b3   Thumb Code     0  startup_stm32f40_41xxx.o(.text)
    TIM7_IRQHandler                          0x080054b3   Thumb Code     0  startup_stm32f40_41xxx.o(.text)
    TIM8_BRK_TIM12_IRQHandler                0x080054b3   Thumb Code     0  startup_stm32f40_41xxx.o(.text)
    TIM8_CC_IRQHandler                       0x080054b3   Thumb Code     0  startup_stm32f40_41xxx.o(.text)
    TIM8_TRG_COM_TIM14_IRQHandler            0x080054b3   Thumb Code     0  startup_stm32f40_41xxx.o(.text)
    TIM8_UP_TIM13_IRQHandler                 0x080054b3   Thumb Code     0  startup_stm32f40_41xxx.o(.text)
    UART4_IRQHandler                         0x080054b3   Thumb Code     0  startup_stm32f40_41xxx.o(.text)
    USART1_IRQHandler                        0x080054b3   Thumb Code     0  startup_stm32f40_41xxx.o(.text)
    USART2_IRQHandler                        0x080054b3   Thumb Code     0  startup_stm32f40_41xxx.o(.text)
    USART3_IRQHandler                        0x080054b3   Thumb Code     0  startup_stm32f40_41xxx.o(.text)
    USART6_IRQHandler                        0x080054b3   Thumb Code     0  startup_stm32f40_41xxx.o(.text)
    WWDG_IRQHandler                          0x080054b3   Thumb Code     0  startup_stm32f40_41xxx.o(.text)
    SystemInit                               0x08005597   Thumb Code    88  system_stm32f4xx.o(.text)
    SystemCoreClockUpdate                    0x080055ef   Thumb Code   174  system_stm32f4xx.o(.text)
    NVIC_PriorityGroupConfig                 0x080056c9   Thumb Code    10  misc.o(.text)
    NVIC_Init                                0x080056d3   Thumb Code   108  misc.o(.text)
    NVIC_SetVectorTable                      0x0800573f   Thumb Code    14  misc.o(.text)
    NVIC_SystemLPConfig                      0x0800574d   Thumb Code    34  misc.o(.text)
    SysTick_CLKSourceConfig                  0x0800576f   Thumb Code    40  misc.o(.text)
    ADC_DeInit                               0x080057ad   Thumb Code    22  stm32f4xx_adc.o(.text)
    ADC_Init                                 0x080057c3   Thumb Code    74  stm32f4xx_adc.o(.text)
    ADC_StructInit                           0x0800580d   Thumb Code    20  stm32f4xx_adc.o(.text)
    ADC_CommonInit                           0x08005821   Thumb Code    44  stm32f4xx_adc.o(.text)
    ADC_CommonStructInit                     0x0800584d   Thumb Code    12  stm32f4xx_adc.o(.text)
    ADC_Cmd                                  0x08005859   Thumb Code    22  stm32f4xx_adc.o(.text)
    ADC_AnalogWatchdogCmd                    0x0800586f   Thumb Code    16  stm32f4xx_adc.o(.text)
    ADC_AnalogWatchdogThresholdsConfig       0x0800587f   Thumb Code     6  stm32f4xx_adc.o(.text)
    ADC_AnalogWatchdogSingleChannelConfig    0x08005885   Thumb Code    16  stm32f4xx_adc.o(.text)
    ADC_TempSensorVrefintCmd                 0x08005895   Thumb Code    34  stm32f4xx_adc.o(.text)
    ADC_VBATCmd                              0x080058b7   Thumb Code    34  stm32f4xx_adc.o(.text)
    ADC_RegularChannelConfig                 0x080058d9   Thumb Code   184  stm32f4xx_adc.o(.text)
    ADC_SoftwareStartConv                    0x08005991   Thumb Code    10  stm32f4xx_adc.o(.text)
    ADC_GetSoftwareStartConvStatus           0x0800599b   Thumb Code    20  stm32f4xx_adc.o(.text)
    ADC_EOCOnEachRegularChannelCmd           0x080059af   Thumb Code    22  stm32f4xx_adc.o(.text)
    ADC_ContinuousModeCmd                    0x080059c5   Thumb Code    22  stm32f4xx_adc.o(.text)
    ADC_DiscModeChannelCountConfig           0x080059db   Thumb Code    24  stm32f4xx_adc.o(.text)
    ADC_DiscModeCmd                          0x080059f3   Thumb Code    22  stm32f4xx_adc.o(.text)
    ADC_GetConversionValue                   0x08005a09   Thumb Code     8  stm32f4xx_adc.o(.text)
    ADC_GetMultiModeConversionValue          0x08005a11   Thumb Code     6  stm32f4xx_adc.o(.text)
    ADC_DMACmd                               0x08005a17   Thumb Code    22  stm32f4xx_adc.o(.text)
    ADC_DMARequestAfterLastTransferCmd       0x08005a2d   Thumb Code    22  stm32f4xx_adc.o(.text)
    ADC_MultiModeDMARequestAfterLastTransferCmd 0x08005a43   Thumb Code    34  stm32f4xx_adc.o(.text)
    ADC_InjectedChannelConfig                0x08005a65   Thumb Code   130  stm32f4xx_adc.o(.text)
    ADC_InjectedSequencerLengthConfig        0x08005ae7   Thumb Code    24  stm32f4xx_adc.o(.text)
    ADC_SetInjectedOffset                    0x08005aff   Thumb Code    20  stm32f4xx_adc.o(.text)
    ADC_ExternalTrigInjectedConvConfig       0x08005b13   Thumb Code    16  stm32f4xx_adc.o(.text)
    ADC_ExternalTrigInjectedConvEdgeConfig   0x08005b23   Thumb Code    16  stm32f4xx_adc.o(.text)
    ADC_SoftwareStartInjectedConv            0x08005b33   Thumb Code    10  stm32f4xx_adc.o(.text)
    ADC_GetSoftwareStartInjectedConvCmdStatus 0x08005b3d   Thumb Code    20  stm32f4xx_adc.o(.text)
    ADC_AutoInjectedConvCmd                  0x08005b51   Thumb Code    22  stm32f4xx_adc.o(.text)
    ADC_InjectedDiscModeCmd                  0x08005b67   Thumb Code    22  stm32f4xx_adc.o(.text)
    ADC_GetInjectedConversionValue           0x08005b7d   Thumb Code    28  stm32f4xx_adc.o(.text)
    ADC_ITConfig                             0x08005b99   Thumb Code    60  stm32f4xx_adc.o(.text)
    ADC_GetFlagStatus                        0x08005bd5   Thumb Code    18  stm32f4xx_adc.o(.text)
    ADC_ClearFlag                            0x08005be7   Thumb Code     6  stm32f4xx_adc.o(.text)
    ADC_GetITStatus                          0x08005bed   Thumb Code    38  stm32f4xx_adc.o(.text)
    ADC_ClearITPendingBit                    0x08005c13   Thumb Code    10  stm32f4xx_adc.o(.text)
    CAN_DeInit                               0x08005c1d   Thumb Code    50  stm32f4xx_can.o(.text)
    CAN_Init                                 0x08005c4f   Thumb Code   276  stm32f4xx_can.o(.text)
    CAN_FilterInit                           0x08005d63   Thumb Code   258  stm32f4xx_can.o(.text)
    CAN_StructInit                           0x08005e65   Thumb Code    32  stm32f4xx_can.o(.text)
    CAN_SlaveStartBank                       0x08005e85   Thumb Code    48  stm32f4xx_can.o(.text)
    CAN_DBGFreeze                            0x08005eb5   Thumb Code    22  stm32f4xx_can.o(.text)
    CAN_TTComModeCmd                         0x08005ecb   Thumb Code   118  stm32f4xx_can.o(.text)
    CAN_Transmit                             0x08005f41   Thumb Code   304  stm32f4xx_can.o(.text)
    CAN_TransmitStatus                       0x08006071   Thumb Code   138  stm32f4xx_can.o(.text)
    CAN_CancelTransmit                       0x080060fb   Thumb Code    48  stm32f4xx_can.o(.text)
    CAN_Receive                              0x0800612b   Thumb Code   240  stm32f4xx_can.o(.text)
    CAN_FIFORelease                          0x0800621b   Thumb Code    22  stm32f4xx_can.o(.text)
    CAN_MessagePending                       0x08006231   Thumb Code    30  stm32f4xx_can.o(.text)
    CAN_OperatingModeRequest                 0x0800624f   Thumb Code   162  stm32f4xx_can.o(.text)
    CAN_Sleep                                0x080062f1   Thumb Code    30  stm32f4xx_can.o(.text)
    CAN_WakeUp                               0x0800630f   Thumb Code    48  stm32f4xx_can.o(.text)
    CAN_GetLastErrorCode                     0x0800633f   Thumb Code    12  stm32f4xx_can.o(.text)
    CAN_GetReceiveErrorCounter               0x0800634b   Thumb Code    10  stm32f4xx_can.o(.text)
    CAN_GetLSBTransmitErrorCounter           0x08006355   Thumb Code    12  stm32f4xx_can.o(.text)
    CAN_ITConfig                             0x08006361   Thumb Code    18  stm32f4xx_can.o(.text)
    CAN_GetFlagStatus                        0x08006373   Thumb Code   120  stm32f4xx_can.o(.text)
    CAN_ClearFlag                            0x080063eb   Thumb Code    52  stm32f4xx_can.o(.text)
    CAN_GetITStatus                          0x0800642f   Thumb Code   308  stm32f4xx_can.o(.text)
    CAN_ClearITPendingBit                    0x08006563   Thumb Code   162  stm32f4xx_can.o(.text)
    DMA_DeInit                               0x08006609   Thumb Code   324  stm32f4xx_dma.o(.text)
    DMA_Init                                 0x0800674d   Thumb Code    82  stm32f4xx_dma.o(.text)
    DMA_StructInit                           0x0800679f   Thumb Code    34  stm32f4xx_dma.o(.text)
    DMA_Cmd                                  0x080067c1   Thumb Code    22  stm32f4xx_dma.o(.text)
    DMA_PeriphIncOffsetSizeConfig            0x080067d7   Thumb Code    22  stm32f4xx_dma.o(.text)
    DMA_FlowControllerConfig                 0x080067ed   Thumb Code    22  stm32f4xx_dma.o(.text)
    DMA_SetCurrDataCounter                   0x08006803   Thumb Code     4  stm32f4xx_dma.o(.text)
    DMA_GetCurrDataCounter                   0x08006807   Thumb Code     8  stm32f4xx_dma.o(.text)
    DMA_DoubleBufferModeConfig               0x0800680f   Thumb Code    24  stm32f4xx_dma.o(.text)
    DMA_DoubleBufferModeCmd                  0x08006827   Thumb Code    22  stm32f4xx_dma.o(.text)
    DMA_MemoryTargetConfig                   0x0800683d   Thumb Code    10  stm32f4xx_dma.o(.text)
    DMA_GetCurrentMemoryTarget               0x08006847   Thumb Code    20  stm32f4xx_dma.o(.text)
    DMA_GetCmdStatus                         0x0800685b   Thumb Code    20  stm32f4xx_dma.o(.text)
    DMA_GetFIFOStatus                        0x0800686f   Thumb Code    12  stm32f4xx_dma.o(.text)
    DMA_GetFlagStatus                        0x0800687b   Thumb Code    54  stm32f4xx_dma.o(.text)
    DMA_ClearFlag                            0x080068b1   Thumb Code    40  stm32f4xx_dma.o(.text)
    DMA_ITConfig                             0x080068d9   Thumb Code    58  stm32f4xx_dma.o(.text)
    DMA_GetITStatus                          0x08006913   Thumb Code    82  stm32f4xx_dma.o(.text)
    DMA_ClearITPendingBit                    0x08006965   Thumb Code    40  stm32f4xx_dma.o(.text)
    EXTI_DeInit                              0x080069ad   Thumb Code    28  stm32f4xx_exti.o(.text)
    EXTI_Init                                0x080069c9   Thumb Code   142  stm32f4xx_exti.o(.text)
    EXTI_StructInit                          0x08006a57   Thumb Code    16  stm32f4xx_exti.o(.text)
    EXTI_GenerateSWInterrupt                 0x08006a67   Thumb Code    16  stm32f4xx_exti.o(.text)
    EXTI_GetFlagStatus                       0x08006a77   Thumb Code    22  stm32f4xx_exti.o(.text)
    EXTI_ClearFlag                           0x08006a8d   Thumb Code     8  stm32f4xx_exti.o(.text)
    EXTI_GetITStatus                         0x08006a95   Thumb Code    22  stm32f4xx_exti.o(.text)
    EXTI_ClearITPendingBit                   0x08006aab   Thumb Code     8  stm32f4xx_exti.o(.text)
    FLASH_SetLatency                         0x08006abd   Thumb Code     6  stm32f4xx_flash.o(.text)
    FLASH_PrefetchBufferCmd                  0x08006ac3   Thumb Code    30  stm32f4xx_flash.o(.text)
    FLASH_InstructionCacheCmd                0x08006ae1   Thumb Code    30  stm32f4xx_flash.o(.text)
    FLASH_DataCacheCmd                       0x08006aff   Thumb Code    30  stm32f4xx_flash.o(.text)
    FLASH_InstructionCacheReset              0x08006b1d   Thumb Code    14  stm32f4xx_flash.o(.text)
    FLASH_DataCacheReset                     0x08006b2b   Thumb Code    14  stm32f4xx_flash.o(.text)
    FLASH_Unlock                             0x08006b39   Thumb Code    26  stm32f4xx_flash.o(.text)
    FLASH_Lock                               0x08006b53   Thumb Code    18  stm32f4xx_flash.o(.text)
    FLASH_GetStatus                          0x08006b65   Thumb Code    90  stm32f4xx_flash.o(.text)
    FLASH_WaitForLastOperation               0x08006bbf   Thumb Code    34  stm32f4xx_flash.o(.text)
    FLASH_EraseSector                        0x08006be1   Thumb Code   140  stm32f4xx_flash.o(.text)
    FLASH_EraseAllSectors                    0x08006c6d   Thumb Code   112  stm32f4xx_flash.o(.text)
    FLASH_EraseAllBank1Sectors               0x08006cdd   Thumb Code   112  stm32f4xx_flash.o(.text)
    FLASH_EraseAllBank2Sectors               0x08006d4d   Thumb Code   112  stm32f4xx_flash.o(.text)
    FLASH_ProgramDoubleWord                  0x08006dbd   Thumb Code    88  stm32f4xx_flash.o(.text)
    FLASH_ProgramWord                        0x08006e15   Thumb Code    82  stm32f4xx_flash.o(.text)
    FLASH_ProgramHalfWord                    0x08006e67   Thumb Code    94  stm32f4xx_flash.o(.text)
    FLASH_ProgramByte                        0x08006ec5   Thumb Code    70  stm32f4xx_flash.o(.text)
    FLASH_OB_Unlock                          0x08006f0b   Thumb Code    26  stm32f4xx_flash.o(.text)
    FLASH_OB_Lock                            0x08006f25   Thumb Code    18  stm32f4xx_flash.o(.text)
    FLASH_OB_WRPConfig                       0x08006f37   Thumb Code    54  stm32f4xx_flash.o(.text)
    FLASH_OB_WRP1Config                      0x08006f6d   Thumb Code    54  stm32f4xx_flash.o(.text)
    FLASH_OB_PCROPSelectionConfig            0x08006fa3   Thumb Code    24  stm32f4xx_flash.o(.text)
    FLASH_OB_PCROPConfig                     0x08006fbb   Thumb Code    54  stm32f4xx_flash.o(.text)
    FLASH_OB_PCROP1Config                    0x08006ff1   Thumb Code    54  stm32f4xx_flash.o(.text)
    FLASH_OB_RDPConfig                       0x08007027   Thumb Code    24  stm32f4xx_flash.o(.text)
    FLASH_OB_UserConfig                      0x0800703f   Thumb Code    46  stm32f4xx_flash.o(.text)
    FLASH_OB_BootConfig                      0x0800706d   Thumb Code    26  stm32f4xx_flash.o(.text)
    FLASH_OB_BORConfig                       0x08007087   Thumb Code    26  stm32f4xx_flash.o(.text)
    FLASH_OB_Launch                          0x080070a1   Thumb Code    30  stm32f4xx_flash.o(.text)
    FLASH_OB_GetUser                         0x080070bf   Thumb Code    12  stm32f4xx_flash.o(.text)
    FLASH_OB_GetWRP                          0x080070cb   Thumb Code     8  stm32f4xx_flash.o(.text)
    FLASH_OB_GetWRP1                         0x080070d3   Thumb Code     8  stm32f4xx_flash.o(.text)
    FLASH_OB_GetPCROP                        0x080070db   Thumb Code     8  stm32f4xx_flash.o(.text)
    FLASH_OB_GetPCROP1                       0x080070e3   Thumb Code     8  stm32f4xx_flash.o(.text)
    FLASH_OB_GetRDP                          0x080070eb   Thumb Code    20  stm32f4xx_flash.o(.text)
    FLASH_OB_GetBOR                          0x080070ff   Thumb Code    12  stm32f4xx_flash.o(.text)
    FLASH_ITConfig                           0x0800710b   Thumb Code    26  stm32f4xx_flash.o(.text)
    FLASH_GetFlagStatus                      0x08007125   Thumb Code    22  stm32f4xx_flash.o(.text)
    FLASH_ClearFlag                          0x0800713b   Thumb Code     8  stm32f4xx_flash.o(.text)
    FSMC_NORSRAMDeInit                       0x08007151   Thumb Code    56  stm32f4xx_fsmc.o(.text)
    FSMC_NORSRAMInit                         0x08007189   Thumb Code   224  stm32f4xx_fsmc.o(.text)
    FSMC_NORSRAMStructInit                   0x08007269   Thumb Code    48  stm32f4xx_fsmc.o(.text)
    FSMC_NORSRAMCmd                          0x08007299   Thumb Code    46  stm32f4xx_fsmc.o(.text)
    FSMC_NANDDeInit                          0x080072c7   Thumb Code    62  stm32f4xx_fsmc.o(.text)
    FSMC_NANDInit                            0x08007305   Thumb Code   130  stm32f4xx_fsmc.o(.text)
    FSMC_NANDStructInit                      0x08007387   Thumb Code    54  stm32f4xx_fsmc.o(.text)
    FSMC_NANDCmd                             0x080073bd   Thumb Code    86  stm32f4xx_fsmc.o(.text)
    FSMC_NANDECCCmd                          0x08007413   Thumb Code    86  stm32f4xx_fsmc.o(.text)
    FSMC_GetECC                              0x08007469   Thumb Code    22  stm32f4xx_fsmc.o(.text)
    FSMC_PCCARDDeInit                        0x0800747f   Thumb Code    40  stm32f4xx_fsmc.o(.text)
    FSMC_PCCARDInit                          0x080074a7   Thumb Code   124  stm32f4xx_fsmc.o(.text)
    FSMC_PCCARDStructInit                    0x08007523   Thumb Code    60  stm32f4xx_fsmc.o(.text)
    FSMC_PCCARDCmd                           0x0800755f   Thumb Code    40  stm32f4xx_fsmc.o(.text)
    FSMC_ITConfig                            0x08007587   Thumb Code   128  stm32f4xx_fsmc.o(.text)
    FSMC_GetFlagStatus                       0x08007607   Thumb Code    48  stm32f4xx_fsmc.o(.text)
    FSMC_ClearFlag                           0x08007637   Thumb Code   114  stm32f4xx_fsmc.o(.text)
    FSMC_GetITStatus                         0x080076a9   Thumb Code    60  stm32f4xx_fsmc.o(.text)
    FSMC_ClearITPendingBit                   0x080076e5   Thumb Code    64  stm32f4xx_fsmc.o(.text)
    GPIO_DeInit                              0x0800772d   Thumb Code   268  stm32f4xx_gpio.o(.text)
    GPIO_Init                                0x08007839   Thumb Code   144  stm32f4xx_gpio.o(.text)
    GPIO_StructInit                          0x080078c9   Thumb Code    18  stm32f4xx_gpio.o(.text)
    GPIO_PinLockConfig                       0x080078db   Thumb Code    34  stm32f4xx_gpio.o(.text)
    GPIO_ReadInputDataBit                    0x080078fd   Thumb Code    18  stm32f4xx_gpio.o(.text)
    GPIO_ReadInputData                       0x0800790f   Thumb Code     8  stm32f4xx_gpio.o(.text)
    GPIO_ReadOutputDataBit                   0x08007917   Thumb Code    18  stm32f4xx_gpio.o(.text)
    GPIO_ReadOutputData                      0x08007929   Thumb Code     8  stm32f4xx_gpio.o(.text)
    GPIO_SetBits                             0x08007931   Thumb Code     4  stm32f4xx_gpio.o(.text)
    GPIO_ResetBits                           0x08007935   Thumb Code     4  stm32f4xx_gpio.o(.text)
    GPIO_WriteBit                            0x08007939   Thumb Code    10  stm32f4xx_gpio.o(.text)
    GPIO_Write                               0x08007943   Thumb Code     4  stm32f4xx_gpio.o(.text)
    GPIO_ToggleBits                          0x08007947   Thumb Code     8  stm32f4xx_gpio.o(.text)
    GPIO_PinAFConfig                         0x0800794f   Thumb Code    70  stm32f4xx_gpio.o(.text)
    I2C_DeInit                               0x080079c1   Thumb Code    82  stm32f4xx_i2c.o(.text)
    I2C_Init                                 0x08007a13   Thumb Code   218  stm32f4xx_i2c.o(.text)
    I2C_StructInit                           0x08007aed   Thumb Code    30  stm32f4xx_i2c.o(.text)
    I2C_Cmd                                  0x08007b0b   Thumb Code    24  stm32f4xx_i2c.o(.text)
    I2C_AnalogFilterCmd                      0x08007b23   Thumb Code    24  stm32f4xx_i2c.o(.text)
    I2C_DigitalFilterConfig                  0x08007b3b   Thumb Code    22  stm32f4xx_i2c.o(.text)
    I2C_GenerateSTART                        0x08007b51   Thumb Code    24  stm32f4xx_i2c.o(.text)
    I2C_GenerateSTOP                         0x08007b69   Thumb Code    24  stm32f4xx_i2c.o(.text)
    I2C_Send7bitAddress                      0x08007b81   Thumb Code    16  stm32f4xx_i2c.o(.text)
    I2C_AcknowledgeConfig                    0x08007b91   Thumb Code    24  stm32f4xx_i2c.o(.text)
    I2C_OwnAddress2Config                    0x08007ba9   Thumb Code    22  stm32f4xx_i2c.o(.text)
    I2C_DualAddressCmd                       0x08007bbf   Thumb Code    24  stm32f4xx_i2c.o(.text)
    I2C_GeneralCallCmd                       0x08007bd7   Thumb Code    24  stm32f4xx_i2c.o(.text)
    I2C_SoftwareResetCmd                     0x08007bef   Thumb Code    22  stm32f4xx_i2c.o(.text)
    I2C_StretchClockCmd                      0x08007c05   Thumb Code    24  stm32f4xx_i2c.o(.text)
    I2C_FastModeDutyCycleConfig              0x08007c1d   Thumb Code    28  stm32f4xx_i2c.o(.text)
    I2C_NACKPositionConfig                   0x08007c39   Thumb Code    28  stm32f4xx_i2c.o(.text)
    I2C_SMBusAlertConfig                     0x08007c55   Thumb Code    28  stm32f4xx_i2c.o(.text)
    I2C_ARPCmd                               0x08007c71   Thumb Code    24  stm32f4xx_i2c.o(.text)
    I2C_SendData                             0x08007c89   Thumb Code     4  stm32f4xx_i2c.o(.text)
    I2C_ReceiveData                          0x08007c8d   Thumb Code     8  stm32f4xx_i2c.o(.text)
    I2C_TransmitPEC                          0x08007c95   Thumb Code    24  stm32f4xx_i2c.o(.text)
    I2C_PECPositionConfig                    0x08007cad   Thumb Code    28  stm32f4xx_i2c.o(.text)
    I2C_CalculatePEC                         0x08007cc9   Thumb Code    24  stm32f4xx_i2c.o(.text)
    I2C_GetPEC                               0x08007ce1   Thumb Code     8  stm32f4xx_i2c.o(.text)
    I2C_DMACmd                               0x08007ce9   Thumb Code    24  stm32f4xx_i2c.o(.text)
    I2C_DMALastTransferCmd                   0x08007d01   Thumb Code    24  stm32f4xx_i2c.o(.text)
    I2C_ReadRegister                         0x08007d19   Thumb Code    22  stm32f4xx_i2c.o(.text)
    I2C_ITConfig                             0x08007d2f   Thumb Code    18  stm32f4xx_i2c.o(.text)
    I2C_CheckEvent                           0x08007d41   Thumb Code    42  stm32f4xx_i2c.o(.text)
    I2C_GetLastEvent                         0x08007d6b   Thumb Code    26  stm32f4xx_i2c.o(.text)
    I2C_GetFlagStatus                        0x08007d85   Thumb Code    84  stm32f4xx_i2c.o(.text)
    I2C_ClearFlag                            0x08007dd9   Thumb Code    12  stm32f4xx_i2c.o(.text)
    I2C_GetITStatus                          0x08007de5   Thumb Code    38  stm32f4xx_i2c.o(.text)
    I2C_ClearITPendingBit                    0x08007e0b   Thumb Code    12  stm32f4xx_i2c.o(.text)
    RCC_DeInit                               0x08007e19   Thumb Code    82  stm32f4xx_rcc.o(.text)
    RCC_HSEConfig                            0x08007e6b   Thumb Code    14  stm32f4xx_rcc.o(.text)
    RCC_GetFlagStatus                        0x08007e79   Thumb Code    60  stm32f4xx_rcc.o(.text)
    RCC_WaitForHSEStartUp                    0x08007eb5   Thumb Code    56  stm32f4xx_rcc.o(.text)
    RCC_AdjustHSICalibrationValue            0x08007eed   Thumb Code    20  stm32f4xx_rcc.o(.text)
    RCC_HSICmd                               0x08007f01   Thumb Code     6  stm32f4xx_rcc.o(.text)
    RCC_LSEConfig                            0x08007f07   Thumb Code    46  stm32f4xx_rcc.o(.text)
    RCC_LSICmd                               0x08007f35   Thumb Code     6  stm32f4xx_rcc.o(.text)
    RCC_PLLConfig                            0x08007f3b   Thumb Code    32  stm32f4xx_rcc.o(.text)
    RCC_PLLCmd                               0x08007f5b   Thumb Code     6  stm32f4xx_rcc.o(.text)
    RCC_PLLI2SConfig                         0x08007f61   Thumb Code    14  stm32f4xx_rcc.o(.text)
    RCC_PLLI2SCmd                            0x08007f6f   Thumb Code     6  stm32f4xx_rcc.o(.text)
    RCC_PLLSAIConfig                         0x08007f75   Thumb Code    20  stm32f4xx_rcc.o(.text)
    RCC_PLLSAICmd                            0x08007f89   Thumb Code     6  stm32f4xx_rcc.o(.text)
    RCC_ClockSecuritySystemCmd               0x08007f8f   Thumb Code     6  stm32f4xx_rcc.o(.text)
    RCC_MCO1Config                           0x08007f95   Thumb Code    28  stm32f4xx_rcc.o(.text)
    RCC_MCO2Config                           0x08007fb1   Thumb Code    28  stm32f4xx_rcc.o(.text)
    RCC_SYSCLKConfig                         0x08007fcd   Thumb Code    20  stm32f4xx_rcc.o(.text)
    RCC_GetSYSCLKSource                      0x08007fe1   Thumb Code    12  stm32f4xx_rcc.o(.text)
    RCC_HCLKConfig                           0x08007fed   Thumb Code    20  stm32f4xx_rcc.o(.text)
    RCC_PCLK1Config                          0x08008001   Thumb Code    20  stm32f4xx_rcc.o(.text)
    RCC_PCLK2Config                          0x08008015   Thumb Code    22  stm32f4xx_rcc.o(.text)
    RCC_GetClocksFreq                        0x0800802b   Thumb Code   222  stm32f4xx_rcc.o(.text)
    RCC_RTCCLKConfig                         0x08008109   Thumb Code    54  stm32f4xx_rcc.o(.text)
    RCC_RTCCLKCmd                            0x0800813f   Thumb Code     8  stm32f4xx_rcc.o(.text)
    RCC_BackupResetCmd                       0x08008147   Thumb Code     8  stm32f4xx_rcc.o(.text)
    RCC_I2SCLKConfig                         0x0800814f   Thumb Code     6  stm32f4xx_rcc.o(.text)
    RCC_SAIPLLI2SClkDivConfig                0x08008155   Thumb Code    26  stm32f4xx_rcc.o(.text)
    RCC_SAIPLLSAIClkDivConfig                0x0800816f   Thumb Code    28  stm32f4xx_rcc.o(.text)
    RCC_SAIBlockACLKConfig                   0x0800818b   Thumb Code    20  stm32f4xx_rcc.o(.text)
    RCC_SAIBlockBCLKConfig                   0x0800819f   Thumb Code    20  stm32f4xx_rcc.o(.text)
    RCC_LTDCCLKDivConfig                     0x080081b3   Thumb Code    20  stm32f4xx_rcc.o(.text)
    RCC_TIMCLKPresConfig                     0x080081c7   Thumb Code     6  stm32f4xx_rcc.o(.text)
    RCC_AHB1PeriphClockCmd                   0x080081cd   Thumb Code    34  stm32f4xx_rcc.o(.text)
    RCC_AHB2PeriphClockCmd                   0x080081ef   Thumb Code    78  stm32f4xx_rcc.o(.text)
    RCC_AHB3PeriphClockCmd                   0x0800823d   Thumb Code    34  stm32f4xx_rcc.o(.text)
    RCC_APB1PeriphClockCmd                   0x0800825f   Thumb Code    34  stm32f4xx_rcc.o(.text)
    RCC_APB2PeriphClockCmd                   0x08008281   Thumb Code    34  stm32f4xx_rcc.o(.text)
    RCC_AHB1PeriphResetCmd                   0x080082a3   Thumb Code    34  stm32f4xx_rcc.o(.text)
    RCC_AHB2PeriphResetCmd                   0x080082c5   Thumb Code    34  stm32f4xx_rcc.o(.text)
    RCC_AHB3PeriphResetCmd                   0x080082e7   Thumb Code    34  stm32f4xx_rcc.o(.text)
    RCC_APB1PeriphResetCmd                   0x08008309   Thumb Code    34  stm32f4xx_rcc.o(.text)
    RCC_APB2PeriphResetCmd                   0x0800832b   Thumb Code    34  stm32f4xx_rcc.o(.text)
    RCC_AHB1PeriphClockLPModeCmd             0x0800834d   Thumb Code    34  stm32f4xx_rcc.o(.text)
    RCC_AHB2PeriphClockLPModeCmd             0x0800836f   Thumb Code    34  stm32f4xx_rcc.o(.text)
    RCC_AHB3PeriphClockLPModeCmd             0x08008391   Thumb Code    34  stm32f4xx_rcc.o(.text)
    RCC_APB1PeriphClockLPModeCmd             0x080083b3   Thumb Code    34  stm32f4xx_rcc.o(.text)
    RCC_APB2PeriphClockLPModeCmd             0x080083d5   Thumb Code    34  stm32f4xx_rcc.o(.text)
    RCC_LSEModeConfig                        0x080083f7   Thumb Code    40  stm32f4xx_rcc.o(.text)
    RCC_ITConfig                             0x0800841f   Thumb Code    34  stm32f4xx_rcc.o(.text)
    RCC_ClearFlag                            0x08008441   Thumb Code    18  stm32f4xx_rcc.o(.text)
    RCC_GetITStatus                          0x08008453   Thumb Code    22  stm32f4xx_rcc.o(.text)
    RCC_ClearITPendingBit                    0x08008469   Thumb Code     8  stm32f4xx_rcc.o(.text)
    SPI_I2S_DeInit                           0x08008475   Thumb Code   152  stm32f4xx_spi.o(.text)
    SPI_Init                                 0x0800850d   Thumb Code    60  stm32f4xx_spi.o(.text)
    I2S_Init                                 0x08008549   Thumb Code   392  stm32f4xx_spi.o(.text)
    SPI_StructInit                           0x080086d1   Thumb Code    24  stm32f4xx_spi.o(.text)
    I2S_StructInit                           0x080086e9   Thumb Code    20  stm32f4xx_spi.o(.text)
    SPI_Cmd                                  0x080086fd   Thumb Code    24  stm32f4xx_spi.o(.text)
    I2S_Cmd                                  0x08008715   Thumb Code    24  stm32f4xx_spi.o(.text)
    SPI_DataSizeConfig                       0x0800872d   Thumb Code    18  stm32f4xx_spi.o(.text)
    SPI_BiDirectionalLineConfig              0x0800873f   Thumb Code    28  stm32f4xx_spi.o(.text)
    SPI_NSSInternalSoftwareConfig            0x0800875b   Thumb Code    30  stm32f4xx_spi.o(.text)
    SPI_SSOutputCmd                          0x08008779   Thumb Code    24  stm32f4xx_spi.o(.text)
    SPI_TIModeCmd                            0x08008791   Thumb Code    24  stm32f4xx_spi.o(.text)
    I2S_FullDuplexConfig                     0x080087a9   Thumb Code    80  stm32f4xx_spi.o(.text)
    SPI_I2S_ReceiveData                      0x080087f9   Thumb Code     6  stm32f4xx_spi.o(.text)
    SPI_I2S_SendData                         0x080087ff   Thumb Code     4  stm32f4xx_spi.o(.text)
    SPI_CalculateCRC                         0x08008803   Thumb Code    24  stm32f4xx_spi.o(.text)
    SPI_TransmitCRC                          0x0800881b   Thumb Code    10  stm32f4xx_spi.o(.text)
    SPI_GetCRC                               0x08008825   Thumb Code    16  stm32f4xx_spi.o(.text)
    SPI_GetCRCPolynomial                     0x08008835   Thumb Code     6  stm32f4xx_spi.o(.text)
    SPI_I2S_DMACmd                           0x0800883b   Thumb Code    18  stm32f4xx_spi.o(.text)
    SPI_I2S_ITConfig                         0x0800884d   Thumb Code    68  stm32f4xx_spi.o(.text)
    SPI_I2S_GetFlagStatus                    0x08008891   Thumb Code    18  stm32f4xx_spi.o(.text)
    SPI_I2S_ClearFlag                        0x080088a3   Thumb Code     6  stm32f4xx_spi.o(.text)
    SPI_I2S_GetITStatus                      0x080088a9   Thumb Code    52  stm32f4xx_spi.o(.text)
    SPI_I2S_ClearITPendingBit                0x080088dd   Thumb Code    20  stm32f4xx_spi.o(.text)
    SYSCFG_DeInit                            0x080088f1   Thumb Code    22  stm32f4xx_syscfg.o(.text)
    SYSCFG_MemoryRemapConfig                 0x08008907   Thumb Code     6  stm32f4xx_syscfg.o(.text)
    SYSCFG_MemorySwappingBank                0x0800890d   Thumb Code     6  stm32f4xx_syscfg.o(.text)
    SYSCFG_EXTILineConfig                    0x08008913   Thumb Code    66  stm32f4xx_syscfg.o(.text)
    SYSCFG_ETH_MediaInterfaceConfig          0x08008955   Thumb Code     6  stm32f4xx_syscfg.o(.text)
    SYSCFG_CompensationCellCmd               0x0800895b   Thumb Code     6  stm32f4xx_syscfg.o(.text)
    SYSCFG_GetCompensationCellStatus         0x08008961   Thumb Code    22  stm32f4xx_syscfg.o(.text)
    TIM_DeInit                               0x08008989   Thumb Code   346  stm32f4xx_tim.o(.text)
    TIM_TimeBaseInit                         0x08008ae3   Thumb Code   104  stm32f4xx_tim.o(.text)
    TIM_TimeBaseStructInit                   0x08008b4b   Thumb Code    18  stm32f4xx_tim.o(.text)
    TIM_PrescalerConfig                      0x08008b5d   Thumb Code     6  stm32f4xx_tim.o(.text)
    TIM_CounterModeConfig                    0x08008b63   Thumb Code    18  stm32f4xx_tim.o(.text)
    TIM_SetCounter                           0x08008b75   Thumb Code     4  stm32f4xx_tim.o(.text)
    TIM_SetAutoreload                        0x08008b79   Thumb Code     4  stm32f4xx_tim.o(.text)
    TIM_GetCounter                           0x08008b7d   Thumb Code     6  stm32f4xx_tim.o(.text)
    TIM_GetPrescaler                         0x08008b83   Thumb Code     6  stm32f4xx_tim.o(.text)
    TIM_UpdateDisableConfig                  0x08008b89   Thumb Code    24  stm32f4xx_tim.o(.text)
    TIM_UpdateRequestConfig                  0x08008ba1   Thumb Code    24  stm32f4xx_tim.o(.text)
    TIM_ARRPreloadConfig                     0x08008bb9   Thumb Code    24  stm32f4xx_tim.o(.text)
    TIM_SelectOnePulseMode                   0x08008bd1   Thumb Code    18  stm32f4xx_tim.o(.text)
    TIM_SetClockDivision                     0x08008be3   Thumb Code    18  stm32f4xx_tim.o(.text)
    TIM_Cmd                                  0x08008bf5   Thumb Code    24  stm32f4xx_tim.o(.text)
    TIM_OC1Init                              0x08008c0d   Thumb Code   114  stm32f4xx_tim.o(.text)
    TIM_OC2Init                              0x08008c7f   Thumb Code   154  stm32f4xx_tim.o(.text)
    TIM_OC3Init                              0x08008d19   Thumb Code   204  stm32f4xx_tim.o(.text)
    TIM_OC4Init                              0x08008de5   Thumb Code   112  stm32f4xx_tim.o(.text)
    TIM_OCStructInit                         0x08008e55   Thumb Code    20  stm32f4xx_tim.o(.text)
    TIM_SelectOCxM                           0x08008e69   Thumb Code    86  stm32f4xx_tim.o(.text)
    TIM_SetCompare1                          0x08008ebf   Thumb Code     4  stm32f4xx_tim.o(.text)
    TIM_SetCompare2                          0x08008ec3   Thumb Code     4  stm32f4xx_tim.o(.text)
    TIM_SetCompare3                          0x08008ec7   Thumb Code     4  stm32f4xx_tim.o(.text)
    TIM_SetCompare4                          0x08008ecb   Thumb Code     4  stm32f4xx_tim.o(.text)
    TIM_ForcedOC1Config                      0x08008ecf   Thumb Code    18  stm32f4xx_tim.o(.text)
    TIM_ForcedOC2Config                      0x08008ee1   Thumb Code    26  stm32f4xx_tim.o(.text)
    TIM_ForcedOC3Config                      0x08008efb   Thumb Code    18  stm32f4xx_tim.o(.text)
    TIM_ForcedOC4Config                      0x08008f0d   Thumb Code    26  stm32f4xx_tim.o(.text)
    TIM_OC1PreloadConfig                     0x08008f27   Thumb Code    18  stm32f4xx_tim.o(.text)
    TIM_OC2PreloadConfig                     0x08008f39   Thumb Code    26  stm32f4xx_tim.o(.text)
    TIM_OC3PreloadConfig                     0x08008f53   Thumb Code    18  stm32f4xx_tim.o(.text)
    TIM_OC4PreloadConfig                     0x08008f65   Thumb Code    26  stm32f4xx_tim.o(.text)
    TIM_OC1FastConfig                        0x08008f7f   Thumb Code    18  stm32f4xx_tim.o(.text)
    TIM_OC2FastConfig                        0x08008f91   Thumb Code    26  stm32f4xx_tim.o(.text)
    TIM_OC3FastConfig                        0x08008fab   Thumb Code    18  stm32f4xx_tim.o(.text)
    TIM_OC4FastConfig                        0x08008fbd   Thumb Code    26  stm32f4xx_tim.o(.text)
    TIM_ClearOC1Ref                          0x08008fd7   Thumb Code    18  stm32f4xx_tim.o(.text)
    TIM_ClearOC2Ref                          0x08008fe9   Thumb Code    24  stm32f4xx_tim.o(.text)
    TIM_ClearOC3Ref                          0x08009001   Thumb Code    18  stm32f4xx_tim.o(.text)
    TIM_ClearOC4Ref                          0x08009013   Thumb Code    24  stm32f4xx_tim.o(.text)
    TIM_OC1PolarityConfig                    0x0800902b   Thumb Code    18  stm32f4xx_tim.o(.text)
    TIM_OC1NPolarityConfig                   0x0800903d   Thumb Code    18  stm32f4xx_tim.o(.text)
    TIM_OC2PolarityConfig                    0x0800904f   Thumb Code    26  stm32f4xx_tim.o(.text)
    TIM_OC2NPolarityConfig                   0x08009069   Thumb Code    26  stm32f4xx_tim.o(.text)
    TIM_OC3PolarityConfig                    0x08009083   Thumb Code    26  stm32f4xx_tim.o(.text)
    TIM_OC3NPolarityConfig                   0x0800909d   Thumb Code    26  stm32f4xx_tim.o(.text)
    TIM_OC4PolarityConfig                    0x080090b7   Thumb Code    26  stm32f4xx_tim.o(.text)
    TIM_CCxCmd                               0x080090d1   Thumb Code    30  stm32f4xx_tim.o(.text)
    TIM_CCxNCmd                              0x080090ef   Thumb Code    30  stm32f4xx_tim.o(.text)
    TIM_SetIC4Prescaler                      0x0800910d   Thumb Code    26  stm32f4xx_tim.o(.text)
    TIM_SetIC3Prescaler                      0x08009177   Thumb Code    18  stm32f4xx_tim.o(.text)
    TIM_SetIC2Prescaler                      0x080091d1   Thumb Code    26  stm32f4xx_tim.o(.text)
    TIM_SetIC1Prescaler                      0x08009245   Thumb Code    18  stm32f4xx_tim.o(.text)
    TIM_ICInit                               0x08009291   Thumb Code   110  stm32f4xx_tim.o(.text)
    TIM_ICStructInit                         0x080092ff   Thumb Code    18  stm32f4xx_tim.o(.text)
    TIM_PWMIConfig                           0x08009311   Thumb Code   124  stm32f4xx_tim.o(.text)
    TIM_GetCapture1                          0x0800938d   Thumb Code     6  stm32f4xx_tim.o(.text)
    TIM_GetCapture2                          0x08009393   Thumb Code     6  stm32f4xx_tim.o(.text)
    TIM_GetCapture3                          0x08009399   Thumb Code     6  stm32f4xx_tim.o(.text)
    TIM_GetCapture4                          0x0800939f   Thumb Code     6  stm32f4xx_tim.o(.text)
    TIM_BDTRConfig                           0x080093a5   Thumb Code    32  stm32f4xx_tim.o(.text)
    TIM_BDTRStructInit                       0x080093c5   Thumb Code    18  stm32f4xx_tim.o(.text)
    TIM_CtrlPWMOutputs                       0x080093d7   Thumb Code    30  stm32f4xx_tim.o(.text)
    TIM_SelectCOM                            0x080093f5   Thumb Code    24  stm32f4xx_tim.o(.text)
    TIM_CCPreloadControl                     0x0800940d   Thumb Code    24  stm32f4xx_tim.o(.text)
    TIM_ITConfig                             0x08009425   Thumb Code    18  stm32f4xx_tim.o(.text)
    TIM_GenerateEvent                        0x08009437   Thumb Code     4  stm32f4xx_tim.o(.text)
    TIM_GetFlagStatus                        0x0800943b   Thumb Code    18  stm32f4xx_tim.o(.text)
    TIM_ClearFlag                            0x0800944d   Thumb Code     6  stm32f4xx_tim.o(.text)
    TIM_GetITStatus                          0x08009453   Thumb Code    34  stm32f4xx_tim.o(.text)
    TIM_ClearITPendingBit                    0x08009475   Thumb Code     6  stm32f4xx_tim.o(.text)
    TIM_DMAConfig                            0x0800947b   Thumb Code    10  stm32f4xx_tim.o(.text)
    TIM_DMACmd                               0x08009485   Thumb Code    18  stm32f4xx_tim.o(.text)
    TIM_SelectCCDMA                          0x08009497   Thumb Code    24  stm32f4xx_tim.o(.text)
    TIM_InternalClockConfig                  0x080094af   Thumb Code    12  stm32f4xx_tim.o(.text)
    TIM_SelectInputTrigger                   0x080094bb   Thumb Code    18  stm32f4xx_tim.o(.text)
    TIM_ITRxExternalClockConfig              0x080094cd   Thumb Code    24  stm32f4xx_tim.o(.text)
    TIM_TIxExternalClockConfig               0x080094e5   Thumb Code    62  stm32f4xx_tim.o(.text)
    TIM_ETRConfig                            0x08009523   Thumb Code    28  stm32f4xx_tim.o(.text)
    TIM_ETRClockMode1Config                  0x0800953f   Thumb Code    54  stm32f4xx_tim.o(.text)
    TIM_ETRClockMode2Config                  0x08009575   Thumb Code    32  stm32f4xx_tim.o(.text)
    TIM_SelectOutputTrigger                  0x08009595   Thumb Code    18  stm32f4xx_tim.o(.text)
    TIM_SelectSlaveMode                      0x080095a7   Thumb Code    18  stm32f4xx_tim.o(.text)
    TIM_SelectMasterSlaveMode                0x080095b9   Thumb Code    18  stm32f4xx_tim.o(.text)
    TIM_EncoderInterfaceConfig               0x080095cb   Thumb Code    66  stm32f4xx_tim.o(.text)
    TIM_SelectHallSensor                     0x0800960d   Thumb Code    24  stm32f4xx_tim.o(.text)
    TIM_RemapConfig                          0x08009625   Thumb Code     6  stm32f4xx_tim.o(.text)
    USART_DeInit                             0x0800962d   Thumb Code   206  stm32f4xx_usart.o(.text)
    USART_Init                               0x080096fb   Thumb Code   204  stm32f4xx_usart.o(.text)
    USART_StructInit                         0x080097c7   Thumb Code    24  stm32f4xx_usart.o(.text)
    USART_ClockInit                          0x080097df   Thumb Code    32  stm32f4xx_usart.o(.text)
    USART_ClockStructInit                    0x080097ff   Thumb Code    12  stm32f4xx_usart.o(.text)
    USART_Cmd                                0x0800980b   Thumb Code    24  stm32f4xx_usart.o(.text)
    USART_SetPrescaler                       0x08009823   Thumb Code    16  stm32f4xx_usart.o(.text)
    USART_OverSampling8Cmd                   0x08009833   Thumb Code    22  stm32f4xx_usart.o(.text)
    USART_OneBitMethodCmd                    0x08009849   Thumb Code    24  stm32f4xx_usart.o(.text)
    USART_SendData                           0x08009861   Thumb Code     8  stm32f4xx_usart.o(.text)
    USART_ReceiveData                        0x08009869   Thumb Code    10  stm32f4xx_usart.o(.text)
    USART_SetAddress                         0x08009873   Thumb Code    18  stm32f4xx_usart.o(.text)
    USART_ReceiverWakeUpCmd                  0x08009885   Thumb Code    24  stm32f4xx_usart.o(.text)
    USART_WakeUpConfig                       0x0800989d   Thumb Code    18  stm32f4xx_usart.o(.text)
    USART_LINBreakDetectLengthConfig         0x080098af   Thumb Code    18  stm32f4xx_usart.o(.text)
    USART_LINCmd                             0x080098c1   Thumb Code    24  stm32f4xx_usart.o(.text)
    USART_SendBreak                          0x080098d9   Thumb Code    10  stm32f4xx_usart.o(.text)
    USART_HalfDuplexCmd                      0x080098e3   Thumb Code    24  stm32f4xx_usart.o(.text)
    USART_SetGuardTime                       0x080098fb   Thumb Code    16  stm32f4xx_usart.o(.text)
    USART_SmartCardCmd                       0x0800990b   Thumb Code    24  stm32f4xx_usart.o(.text)
    USART_SmartCardNACKCmd                   0x08009923   Thumb Code    24  stm32f4xx_usart.o(.text)
    USART_IrDAConfig                         0x0800993b   Thumb Code    18  stm32f4xx_usart.o(.text)
    USART_IrDACmd                            0x0800994d   Thumb Code    24  stm32f4xx_usart.o(.text)
    USART_DMACmd                             0x08009965   Thumb Code    18  stm32f4xx_usart.o(.text)
    USART_ITConfig                           0x08009977   Thumb Code    74  stm32f4xx_usart.o(.text)
    USART_GetFlagStatus                      0x080099c1   Thumb Code    26  stm32f4xx_usart.o(.text)
    USART_ClearFlag                          0x080099db   Thumb Code    18  stm32f4xx_usart.o(.text)
    USART_GetITStatus                        0x080099ed   Thumb Code   118  stm32f4xx_usart.o(.text)
    USART_ClearITPendingBit                  0x08009a63   Thumb Code    30  stm32f4xx_usart.o(.text)
    __aeabi_memset                           0x08009a81   Thumb Code    14  memseta.o(.text)
    __aeabi_memset4                          0x08009a81   Thumb Code     0  memseta.o(.text)
    __aeabi_memset8                          0x08009a81   Thumb Code     0  memseta.o(.text)
    __aeabi_memclr                           0x08009a8f   Thumb Code     4  memseta.o(.text)
    __aeabi_memclr4                          0x08009a8f   Thumb Code     0  memseta.o(.text)
    __aeabi_memclr8                          0x08009a8f   Thumb Code     0  memseta.o(.text)
    _memset$wrapper                          0x08009a93   Thumb Code    18  memseta.o(.text)
    strlen                                   0x08009aa5   Thumb Code    14  strlen.o(.text)
    strcmp                                   0x08009ab3   Thumb Code    28  strcmp.o(.text)
    strcpy                                   0x08009acf   Thumb Code    18  strcpy.o(.text)
    atoi                                     0x08009ae1   Thumb Code    26  atoi.o(.text)
    __aeabi_dmul                             0x08009afb   Thumb Code   228  dmul.o(.text)
    __aeabi_i2d                              0x08009bdf   Thumb Code    34  dflti.o(.text)
    __aeabi_f2d                              0x08009c01   Thumb Code    38  f2d.o(.text)
    __aeabi_d2f                              0x08009c27   Thumb Code    56  d2f.o(.text)
    __aeabi_uidiv                            0x08009c5f   Thumb Code     0  uidiv.o(.text)
    __aeabi_uidivmod                         0x08009c5f   Thumb Code    44  uidiv.o(.text)
    __aeabi_uldivmod                         0x08009c8b   Thumb Code    98  uldiv.o(.text)
    __strtod_int                             0x08009d23   Thumb Code    88  strtod.o(.text)
    strtol                                   0x08009d89   Thumb Code   112  strtol.o(.text)
    __I$use$fp                               0x08009df9   Thumb Code     0  iusefp.o(.text)
    _float_round                             0x08009df9   Thumb Code    18  fepilogue.o(.text)
    _float_epilogue                          0x08009e0b   Thumb Code    90  fepilogue.o(.text)
    _double_round                            0x08009e65   Thumb Code    26  depilogue.o(.text)
    _double_epilogue                         0x08009e7f   Thumb Code   164  depilogue.o(.text)
    __aeabi_dadd                             0x08009f23   Thumb Code   322  dadd.o(.text)
    __aeabi_dsub                             0x0800a065   Thumb Code     6  dadd.o(.text)
    __aeabi_drsub                            0x0800a06b   Thumb Code     6  dadd.o(.text)
    __aeabi_ddiv                             0x0800a071   Thumb Code   222  ddiv.o(.text)
    __aeabi_d2ulz                            0x0800a14f   Thumb Code    48  dfixul.o(.text)
    __aeabi_cdrcmple                         0x0800a181   Thumb Code    38  cdrcmple.o(.text)
    __scatterload                            0x0800a1a9   Thumb Code    28  init.o(.text)
    __scatterload_rt2                        0x0800a1a9   Thumb Code     0  init.o(.text)
    __aeabi_llsl                             0x0800a1cd   Thumb Code    30  llshl.o(.text)
    _ll_shift_l                              0x0800a1cd   Thumb Code     0  llshl.o(.text)
    __aeabi_llsr                             0x0800a1eb   Thumb Code    32  llushr.o(.text)
    _ll_ushift_r                             0x0800a1eb   Thumb Code     0  llushr.o(.text)
    __aeabi_lasr                             0x0800a20b   Thumb Code    36  llsshr.o(.text)
    _ll_sshift_r                             0x0800a20b   Thumb Code     0  llsshr.o(.text)
    __rt_ctype_table                         0x0800a231   Thumb Code     4  ctype_o.o(.text)
    isspace                                  0x0800a239   Thumb Code    18  isspace_o.o(.text)
    _scanf_real                              0x0800a34d   Thumb Code     0  scanf_fp.o(.text)
    _scanf_really_real                       0x0800a34d   Thumb Code   560  scanf_fp.o(.text)
    _sgetc                                   0x0800a589   Thumb Code    30  _sgetc.o(.text)
    _sbackspace                              0x0800a5a7   Thumb Code    34  _sgetc.o(.text)
    _strtoul                                 0x0800a5c9   Thumb Code   158  _strtoul.o(.text)
    _chval                                   0x0800a667   Thumb Code    28  _chval.o(.text)
    __aeabi_ul2d                             0x0800a683   Thumb Code    24  dfltul.o(.text)
    __decompress                             0x0800a69b   Thumb Code     0  __dczerorl2.o(.text)
    __decompress1                            0x0800a69b   Thumb Code    92  __dczerorl2.o(.text)
    __0sprintf                               0x0800a6f9   Thumb Code    34  printfa.o(i.__0sprintf)
    __1sprintf                               0x0800a6f9   Thumb Code     0  printfa.o(i.__0sprintf)
    __2sprintf                               0x0800a6f9   Thumb Code     0  printfa.o(i.__0sprintf)
    __c89sprintf                             0x0800a6f9   Thumb Code     0  printfa.o(i.__0sprintf)
    sprintf                                  0x0800a6f9   Thumb Code     0  printfa.o(i.__0sprintf)
    __0vsnprintf                             0x0800a721   Thumb Code    32  printfa.o(i.__0vsnprintf)
    __1vsnprintf                             0x0800a721   Thumb Code     0  printfa.o(i.__0vsnprintf)
    __2vsnprintf                             0x0800a721   Thumb Code     0  printfa.o(i.__0vsnprintf)
    __c89vsnprintf                           0x0800a721   Thumb Code     0  printfa.o(i.__0vsnprintf)
    vsnprintf                                0x0800a721   Thumb Code     0  printfa.o(i.__0vsnprintf)
    __aeabi_errno_addr                       0x0800a745   Thumb Code     4  errno.o(i.__aeabi_errno_addr)
    __rt_errno_addr                          0x0800a745   Thumb Code     0  errno.o(i.__aeabi_errno_addr)
    __hardfp_atof                            0x0800a751   Thumb Code    44  atof.o(i.__hardfp_atof)
    __read_errno                             0x0800a789   Thumb Code     6  errno.o(i.__read_errno)
    __scatterload_copy                       0x0800a795   Thumb Code    14  handlers.o(i.__scatterload_copy)
    __scatterload_null                       0x0800a7a3   Thumb Code     2  handlers.o(i.__scatterload_null)
    __scatterload_zeroinit                   0x0800a7a5   Thumb Code    14  handlers.o(i.__scatterload_zeroinit)
    __set_errno                              0x0800a7b5   Thumb Code     6  errno.o(i.__set_errno)
    _is_digit                                0x0800a91d   Thumb Code    14  scanf_fp.o(i._is_digit)
    free                                     0x0800b095   Thumb Code    76  malloc.o(i.free)
    malloc                                   0x0800b0e5   Thumb Code    92  malloc.o(i.malloc)
    asc2_1206                                0x0800b150   Data        1140  tftlcd.o(.constdata)
    asc2_1608                                0x0800b5c4   Data        1520  tftlcd.o(.constdata)
    asc2_2412                                0x0800bbb4   Data        3420  tftlcd.o(.constdata)
    ov7725_init_tbl                          0x0800c910   Data         106  camera.o(.constdata)
    camera_init_reg_tbl                      0x0800c97a   Data         336  camera.o(.constdata)
    ov2640_sxga_init_reg_tbl                 0x0800caca   Data         356  camera.o(.constdata)
    ov2640_svga_init_reg_tbl                 0x0800cc2e   Data         354  camera.o(.constdata)
    ov2640_jpeg_reg_tbl                      0x0800cd90   Data          14  camera.o(.constdata)
    ov2640_rgb565_reg_tbl                    0x0800cd9e   Data          32  camera.o(.constdata)
    ov2640_yuv422_reg_tbl                    0x0800cdbe   Data          24  camera.o(.constdata)
    ov2640_cif_reg_tbl                       0x0800cdd6   Data          34  camera.o(.constdata)
    ov2640_cif_init_reg_tbl                  0x0800cdf8   Data         356  camera.o(.constdata)
    FSMC_DefaultTimingStruct                 0x0800cf5c   Data          28  stm32f4xx_fsmc.o(.constdata)
    __ctype_table                            0x0800cf78   Data         129  ctype_o.o(.constdata)
    Region$$Table$$Base                      0x0800d000   Number         0  anon$$obj.o(Region$$Table)
    Region$$Table$$Limit                     0x0800d020   Number         0  anon$$obj.o(Region$$Table)
    g_servo_lock                             0x20000000   Data           1  main.o(.data)
    g_death_turn_flag                        0x20000001   Data           1  main.o(.data)
    g_key1_flag                              0x20000002   Data           1  main.o(.data)
    g_abase_gpiof                            0x20000004   Data           2  main.o(.data)
    g_param                                  0x20000008   Data           4  main.o(.data)
    GPIO_InitStructure                       0x2000000c   Data           8  configuration.o(.data)
    NVIC_InitStructure                       0x20000014   Data           4  configuration.o(.data)
    EXTI_InitStructure                       0x20000018   Data           8  configuration.o(.data)
    g_lcd_height                             0x20000020   Data           2  tftlcd.o(.data)
    g_lcd_width                              0x20000022   Data           2  tftlcd.o(.data)
    g_lcd_dir                                0x20000024   Data           2  tftlcd.o(.data)
    lcd_id                                   0x20000026   Data           2  tftlcd.o(.data)
    g_ov2640_custom_config                   0x20000028   Data          24  camera.o(.data)
    ov7620_init_tbl                          0x20000040   Data          12  camera.o(.data)
    g_param_list                             0x20000050   Data           4  parameter.o(.data)
    SystemCoreClock                          0x20000310   Data           4  system_stm32f4xx.o(.data)
    AHBPrescTable                            0x20000314   Data          16  system_stm32f4xx.o(.data)
    __microlib_freelist                      0x20000334   Data           4  mvars.o(.data)
    __microlib_freelist_initialised          0x20000338   Data           4  mvars.o(.data)
    g_pre_centroid_x                         0x20000340   Data          40  main.o(.bss)
    str_temp                                 0x20000368   Data         100  stm32f4xx_it.o(.bss)
    RCC_ClockFreq                            0x200003cc   Data          16  configuration.o(.bss)
    USART_InitStructure                      0x200003dc   Data          16  configuration.o(.bss)
    DMA_Structure                            0x200003ec   Data          60  configuration.o(.bss)
    TIM1_TimeBaseStructure                   0x20000428   Data          12  configuration.o(.bss)
    TIM1_OCInitStructure                     0x20000434   Data          20  configuration.o(.bss)
    TIM1_ICInitStructure                     0x20000448   Data          10  configuration.o(.bss)
    TIM_TimeBaseStructure                    0x20000454   Data          12  configuration.o(.bss)
    TIM_OCInitStructure                      0x20000460   Data          20  configuration.o(.bss)
    TIM_ICInitStructure                      0x20000474   Data          10  configuration.o(.bss)
    can_cb_array                             0x200006c8   Data        2048  can.o(.bss)
    __heap_base                              0x20000ec8   Data           0  startup_stm32f40_41xxx.o(HEAP)
    __heap_limit                             0x20010ec8   Data           0  startup_stm32f40_41xxx.o(HEAP)
    __initial_sp                             0x200112c8   Data           0  startup_stm32f40_41xxx.o(STACK)



==============================================================================

Memory Map of the image

  Image Entry point : 0x08005499

  Load Region LR_1 (Base: 0x08000000, Size: 0x0000d360, Max: 0xffffffff, ABSOLUTE, COMPRESSED[0x0000d0d8])

    Execution Region ER_RO (Base: 0x08000000, Size: 0x0000d020, Max: 0xffffffff, ABSOLUTE)

    Base Addr    Size         Type   Attr      Idx    E Section Name        Object

    0x08000000   0x00000188   Data   RO          681    RESET               startup_stm32f40_41xxx.o
    0x08000188   0x00000000   Code   RO         1435  * .ARM.Collect$$$$00000000  mc_w.l(entry.o)
    0x08000188   0x00000004   Code   RO         1745    .ARM.Collect$$$$00000001  mc_w.l(entry2.o)
    0x0800018c   0x00000004   Code   RO         1748    .ARM.Collect$$$$00000004  mc_w.l(entry5.o)
    0x08000190   0x00000000   Code   RO         1750    .ARM.Collect$$$$00000008  mc_w.l(entry7b.o)
    0x08000190   0x00000000   Code   RO         1752    .ARM.Collect$$$$0000000A  mc_w.l(entry8b.o)
    0x08000190   0x00000008   Code   RO         1753    .ARM.Collect$$$$0000000B  mc_w.l(entry9a.o)
    0x08000198   0x00000000   Code   RO         1755    .ARM.Collect$$$$0000000D  mc_w.l(entry10a.o)
    0x08000198   0x00000000   Code   RO         1757    .ARM.Collect$$$$0000000F  mc_w.l(entry11a.o)
    0x08000198   0x00000004   Code   RO         1746    .ARM.Collect$$$$00002712  mc_w.l(entry2.o)
    0x0800019c   0x00000698   Code   RO            3    .text               main.o
    0x08000834   0x00000130   Code   RO          196    .text               stm32f4xx_it.o
    0x08000964   0x00000ab8   Code   RO          236    .text               configuration.o
    0x0800141c   0x00000260   Code   RO          264    .text               global.o
    0x0800167c   0x00000a40   Code   RO          299    .text               tftlcd.o
    0x080020bc   0x00000224   Code   RO          346    .text               link_list.o
    0x080022e0   0x00000a68   Code   RO          369    .text               camera.o
    0x08002d48   0x000008c0   Code   RO          401    .text               parameter.o
    0x08003608   0x000007a0   Code   RO          429    .text               cmd.o
    0x08003da8   0x00000314   Code   RO          556    .text               cmd_func.o
    0x080040bc   0x00000d30   Code   RO          584    .text               mpu6050.o
    0x08004dec   0x00000314   Code   RO          610    .text               ccd.o
    0x08005100   0x00000278   Code   RO          632    .text               can.o
    0x08005378   0x00000120   Code   RO          656    .text               vega.o
    0x08005498   0x00000024   Code   RO          682  * .text               startup_stm32f40_41xxx.o
    0x080054bc   0x0000020c   Code   RO          688    .text               system_stm32f4xx.o
    0x080056c8   0x000000e4   Code   RO          714    .text               misc.o
    0x080057ac   0x00000470   Code   RO          734    .text               stm32f4xx_adc.o
    0x08005c1c   0x000009ec   Code   RO          754    .text               stm32f4xx_can.o
    0x08006608   0x000003a4   Code   RO          934    .text               stm32f4xx_dma.o
    0x080069ac   0x00000110   Code   RO          977    .text               stm32f4xx_exti.o
    0x08006abc   0x00000694   Code   RO          997    .text               stm32f4xx_flash.o
    0x08007150   0x000005dc   Code   RO         1040    .text               stm32f4xx_fsmc.o
    0x0800772c   0x00000294   Code   RO         1063    .text               stm32f4xx_gpio.o
    0x080079c0   0x00000456   Code   RO         1143    .text               stm32f4xx_i2c.o
    0x08007e16   0x00000002   PAD
    0x08007e18   0x0000065c   Code   RO         1226    .text               stm32f4xx_rcc.o
    0x08008474   0x0000047c   Code   RO         1331    .text               stm32f4xx_spi.o
    0x080088f0   0x00000098   Code   RO         1351    .text               stm32f4xx_syscfg.o
    0x08008988   0x00000ca2   Code   RO         1371    .text               stm32f4xx_tim.o
    0x0800962a   0x00000002   PAD
    0x0800962c   0x00000454   Code   RO         1391    .text               stm32f4xx_usart.o
    0x08009a80   0x00000024   Code   RO         1438    .text               mc_w.l(memseta.o)
    0x08009aa4   0x0000000e   Code   RO         1440    .text               mc_w.l(strlen.o)
    0x08009ab2   0x0000001c   Code   RO         1442    .text               mc_w.l(strcmp.o)
    0x08009ace   0x00000012   Code   RO         1444    .text               mc_w.l(strcpy.o)
    0x08009ae0   0x0000001a   Code   RO         1735    .text               mc_w.l(atoi.o)
    0x08009afa   0x000000e4   Code   RO         1737    .text               mf_w.l(dmul.o)
    0x08009bde   0x00000022   Code   RO         1739    .text               mf_w.l(dflti.o)
    0x08009c00   0x00000026   Code   RO         1741    .text               mf_w.l(f2d.o)
    0x08009c26   0x00000038   Code   RO         1743    .text               mf_w.l(d2f.o)
    0x08009c5e   0x0000002c   Code   RO         1760    .text               mc_w.l(uidiv.o)
    0x08009c8a   0x00000062   Code   RO         1762    .text               mc_w.l(uldiv.o)
    0x08009cec   0x0000009c   Code   RO         1777    .text               mc_w.l(strtod.o)
    0x08009d88   0x00000070   Code   RO         1779    .text               mc_w.l(strtol.o)
    0x08009df8   0x00000000   Code   RO         1781    .text               mc_w.l(iusefp.o)
    0x08009df8   0x0000006c   Code   RO         1782    .text               mf_w.l(fepilogue.o)
    0x08009e64   0x000000be   Code   RO         1784    .text               mf_w.l(depilogue.o)
    0x08009f22   0x0000014e   Code   RO         1786    .text               mf_w.l(dadd.o)
    0x0800a070   0x000000de   Code   RO         1788    .text               mf_w.l(ddiv.o)
    0x0800a14e   0x00000030   Code   RO         1790    .text               mf_w.l(dfixul.o)
    0x0800a17e   0x00000002   PAD
    0x0800a180   0x00000028   Code   RO         1792    .text               mf_w.l(cdrcmple.o)
    0x0800a1a8   0x00000024   Code   RO         1794    .text               mc_w.l(init.o)
    0x0800a1cc   0x0000001e   Code   RO         1796    .text               mc_w.l(llshl.o)
    0x0800a1ea   0x00000020   Code   RO         1798    .text               mc_w.l(llushr.o)
    0x0800a20a   0x00000024   Code   RO         1800    .text               mc_w.l(llsshr.o)
    0x0800a22e   0x00000002   PAD
    0x0800a230   0x00000008   Code   RO         1804    .text               mc_w.l(ctype_o.o)
    0x0800a238   0x00000012   Code   RO         1826    .text               mc_w.l(isspace_o.o)
    0x0800a24a   0x00000002   PAD
    0x0800a24c   0x0000033c   Code   RO         1832    .text               mc_w.l(scanf_fp.o)
    0x0800a588   0x00000040   Code   RO         1836    .text               mc_w.l(_sgetc.o)
    0x0800a5c8   0x0000009e   Code   RO         1838    .text               mc_w.l(_strtoul.o)
    0x0800a666   0x0000001c   Code   RO         1843    .text               mc_w.l(_chval.o)
    0x0800a682   0x00000018   Code   RO         1845    .text               mf_w.l(dfltul.o)
    0x0800a69a   0x0000005c   Code   RO         1855    .text               mc_w.l(__dczerorl2.o)
    0x0800a6f6   0x00000002   PAD
    0x0800a6f8   0x00000028   Code   RO         1681    i.__0sprintf        mc_w.l(printfa.o)
    0x0800a720   0x00000024   Code   RO         1684    i.__0vsnprintf      mc_w.l(printfa.o)
    0x0800a744   0x00000008   Code   RO         1770    i.__aeabi_errno_addr  mc_w.l(errno.o)
    0x0800a74c   0x00000004   PAD
    0x0800a750   0x00000038   Code   RO         1429    i.__hardfp_atof     m_wm.l(atof.o)
    0x0800a788   0x0000000c   Code   RO         1771    i.__read_errno      mc_w.l(errno.o)
    0x0800a794   0x0000000e   Code   RO         1849    i.__scatterload_copy  mc_w.l(handlers.o)
    0x0800a7a2   0x00000002   Code   RO         1850    i.__scatterload_null  mc_w.l(handlers.o)
    0x0800a7a4   0x0000000e   Code   RO         1851    i.__scatterload_zeroinit  mc_w.l(handlers.o)
    0x0800a7b2   0x00000002   PAD
    0x0800a7b4   0x0000000c   Code   RO         1772    i.__set_errno       mc_w.l(errno.o)
    0x0800a7c0   0x0000015c   Code   RO         1686    i._fp_digits        mc_w.l(printfa.o)
    0x0800a91c   0x0000000e   Code   RO         1834    i._is_digit         mc_w.l(scanf_fp.o)
    0x0800a92a   0x00000002   PAD
    0x0800a92c   0x000006f0   Code   RO         1687    i._printf_core      mc_w.l(printfa.o)
    0x0800b01c   0x00000026   Code   RO         1688    i._printf_post_padding  mc_w.l(printfa.o)
    0x0800b042   0x00000030   Code   RO         1689    i._printf_pre_padding  mc_w.l(printfa.o)
    0x0800b072   0x00000016   Code   RO         1690    i._snputc           mc_w.l(printfa.o)
    0x0800b088   0x0000000a   Code   RO         1691    i._sputc            mc_w.l(printfa.o)
    0x0800b092   0x00000002   PAD
    0x0800b094   0x00000050   Code   RO         1707    i.free              mc_w.l(malloc.o)
    0x0800b0e4   0x0000006c   Code   RO         1708    i.malloc            mc_w.l(malloc.o)
    0x0800b150   0x000017c0   Data   RO          300    .constdata          tftlcd.o
    0x0800c910   0x0000064c   Data   RO          371    .constdata          camera.o
    0x0800cf5c   0x0000001c   Data   RO         1041    .constdata          stm32f4xx_fsmc.o
    0x0800cf78   0x00000081   Data   RO         1805    .constdata          mc_w.l(ctype_o.o)
    0x0800cff9   0x00000003   PAD
    0x0800cffc   0x00000004   Data   RO         1806    .constdata          mc_w.l(ctype_o.o)
    0x0800d000   0x00000020   Data   RO         1847    Region$$Table       anon$$obj.o


    Execution Region ER_RW (Base: 0x20000000, Size: 0x00000340, Max: 0xffffffff, ABSOLUTE, COMPRESSED[0x000000b8])

    Base Addr    Size         Type   Attr      Idx    E Section Name        Object

    0x20000000   0x0000000c   Data   RW            5    .data               main.o
    0x2000000c   0x00000014   Data   RW          238    .data               configuration.o
    0x20000020   0x00000008   Data   RW          301    .data               tftlcd.o
    0x20000028   0x00000028   Data   RW          372    .data               camera.o
    0x20000050   0x0000000c   Data   RW          403    .data               parameter.o
    0x2000005c   0x00000260   Data   RW          431    .data               cmd.o
    0x200002bc   0x00000044   Data   RW          586    .data               mpu6050.o
    0x20000300   0x00000004   Data   RW          611    .data               ccd.o
    0x20000304   0x0000000c   Data   RW          657    .data               vega.o
    0x20000310   0x00000014   Data   RW          689    .data               system_stm32f4xx.o
    0x20000324   0x00000010   Data   RW         1227    .data               stm32f4xx_rcc.o
    0x20000334   0x00000004   Data   RW         1768    .data               mc_w.l(mvars.o)
    0x20000338   0x00000004   Data   RW         1769    .data               mc_w.l(mvars.o)
    0x2000033c   0x00000004   Data   RW         1773    .data               mc_w.l(errno.o)


    Execution Region ER_ZI (Base: 0x20000340, Size: 0x00010f88, Max: 0xffffffff, ABSOLUTE)

    Base Addr    Size         Type   Attr      Idx    E Section Name        Object

    0x20000340   0x00000028   Zero   RW            4    .bss                main.o
    0x20000368   0x00000064   Zero   RW          197    .bss                stm32f4xx_it.o
    0x200003cc   0x000000b2   Zero   RW          237    .bss                configuration.o
    0x2000047e   0x00000080   Zero   RW          370    .bss                camera.o
    0x200004fe   0x00000002   PAD
    0x20000500   0x000000e0   Zero   RW          402    .bss                parameter.o
    0x200005e0   0x000000b8   Zero   RW          430    .bss                cmd.o
    0x20000698   0x0000001c   Zero   RW          585    .bss                mpu6050.o
    0x200006b4   0x00000814   Zero   RW          633    .bss                can.o
    0x20000ec8   0x00010000   Zero   RW          680    HEAP                startup_stm32f40_41xxx.o
    0x20010ec8   0x00000400   Zero   RW          679    STACK               startup_stm32f40_41xxx.o


==============================================================================

Image component sizes


      Code (inc. data)   RO Data    RW Data    ZI Data      Debug   Object Name

      2664        202       1612         40        128       9972   camera.o
       632         34          0          0       2068       2951   can.o
       788         28          0          4          0       3290   ccd.o
      1952        218          0        608        184     352941   cmd.o
       788        208          0          0          0      29054   cmd_func.o
      2744        106          0         20        178       5246   configuration.o
       608         18          0          0          0       4350   global.o
       548         18          0          0          0       3861   link_list.o
      1688        320          0         12         40     350232   main.o
       228         22          0          0          0       1945   misc.o
      3376        270          0         68         28       7772   mpu6050.o
      2240        250          0         12        224       6315   parameter.o
        36          8        392          0      66560        792   startup_stm32f40_41xxx.o
      1136         28          0          0          0      10614   stm32f4xx_adc.o
      2540         38          0          0          0       8092   stm32f4xx_can.o
       932         32          0          0          0       6417   stm32f4xx_dma.o
       272         10          0          0          0       2391   stm32f4xx_exti.o
      1684         26          0          0          0       9278   stm32f4xx_flash.o
      1500         60         28          0          0       5738   stm32f4xx_fsmc.o
       660         44          0          0          0       4217   stm32f4xx_gpio.o
      1110         26          0          0          0       8671   stm32f4xx_i2c.o
       304         38          0          0        100       2850   stm32f4xx_it.o
      1628         52          0         16          0      13020   stm32f4xx_rcc.o
      1148         36          0          0          0       6969   stm32f4xx_spi.o
       152         18          0          0          0       1893   stm32f4xx_syscfg.o
      3234         60          0          0          0      22420   stm32f4xx_tim.o
      1108         34          0          0          0       7920   stm32f4xx_usart.o
       524         44          0         20          0       1835   system_stm32f4xx.o
      2624         50       6080          8          0       5799   tftlcd.o
       288         14          0         12          0       2317   vega.o

    ----------------------------------------------------------------------
     39140       2312       8144        820      69512     899162   Object Totals
         0          0         32          0          0          0   (incl. Generated)
         4          0          0          0          2          0   (incl. Padding)

    ----------------------------------------------------------------------

      Code (inc. data)   RO Data    RW Data    ZI Data      Debug   Library Member Name

        56         12          0          0          0        132   atof.o
        92          0          0          0          0          0   __dczerorl2.o
        28          0          0          0          0         68   _chval.o
        64          0          0          0          0         84   _sgetc.o
       158          0          0          0          0         92   _strtoul.o
        26          0          0          0          0         80   atoi.o
         8          4        133          0          0         68   ctype_o.o
         0          0          0          0          0          0   entry.o
         0          0          0          0          0          0   entry10a.o
         0          0          0          0          0          0   entry11a.o
         8          4          0          0          0          0   entry2.o
         4          0          0          0          0          0   entry5.o
         0          0          0          0          0          0   entry7b.o
         0          0          0          0          0          0   entry8b.o
         8          4          0          0          0          0   entry9a.o
        32         16          0          4          0        204   errno.o
        30          0          0          0          0          0   handlers.o
        36          8          0          0          0         68   init.o
        18          0          0          0          0         76   isspace_o.o
         0          0          0          0          0          0   iusefp.o
        30          0          0          0          0         68   llshl.o
        36          0          0          0          0         68   llsshr.o
        32          0          0          0          0         68   llushr.o
       188         20          0          0          0        160   malloc.o
        36          0          0          0          0        108   memseta.o
         0          0          0          8          0          0   mvars.o
      2318         90          0          0          0        660   printfa.o
       842         12          0          0          0        216   scanf_fp.o
        28          0          0          0          0         76   strcmp.o
        18          0          0          0          0         68   strcpy.o
        14          0          0          0          0         68   strlen.o
       156         14          0          0          0        120   strtod.o
       112          0          0          0          0         88   strtol.o
        44          0          0          0          0         80   uidiv.o
        98          0          0          0          0         92   uldiv.o
        40          2          0          0          0         68   cdrcmple.o
        56          0          0          0          0         88   d2f.o
       334          0          0          0          0        148   dadd.o
       222          0          0          0          0        100   ddiv.o
       190          0          0          0          0        176   depilogue.o
        48          0          0          0          0         68   dfixul.o
        34          0          0          0          0         76   dflti.o
        24          0          0          0          0         76   dfltul.o
       228          0          0          0          0         96   dmul.o
        38          0          0          0          0         68   f2d.o
       108          0          0          0          0        168   fepilogue.o

    ----------------------------------------------------------------------
      5860        190        136         12          0       3944   Library Totals
        18          4          3          0          0          0   (incl. Padding)

    ----------------------------------------------------------------------

      Code (inc. data)   RO Data    RW Data    ZI Data      Debug   Library Name

        56         12          0          0          0        132   m_wm.l
      4464        172        133         12          0       2680   mc_w.l
      1322          2          0          0          0       1132   mf_w.l

    ----------------------------------------------------------------------
      5860        190        136         12          0       3944   Library Totals

    ----------------------------------------------------------------------

==============================================================================


      Code (inc. data)   RO Data    RW Data    ZI Data      Debug   

     45000       2502       8280        832      69512     893126   Grand Totals
     45000       2502       8280        184      69512     893126   ELF Image Totals (compressed)
     45000       2502       8280        184          0          0   ROM Totals

==============================================================================

    Total RO  Size (Code + RO Data)                53280 (  52.03kB)
    Total RW  Size (RW Data + ZI Data)             70344 (  68.70kB)
    Total ROM Size (Code + RO Data + RW Data)      53464 (  52.21kB)

==============================================================================

